Archive member included to satisfy reference by file (symbol)

/usr/share/gcc-arm-none-eabi-10.3-2021.10/bin/../lib/gcc/arm-none-eabi/10.3.1/../../../../arm-none-eabi/lib/thumb/v7e-m+fp/hard/libc_nano.a(lib_a-atoi.o)
                              build/netif.o (atoi)
/usr/share/gcc-arm-none-eabi-10.3-2021.10/bin/../lib/gcc/arm-none-eabi/10.3.1/../../../../arm-none-eabi/lib/thumb/v7e-m+fp/hard/libc_nano.a(lib_a-ctype_.o)
                              build/ip4_addr.o (_ctype_)
/usr/share/gcc-arm-none-eabi-10.3-2021.10/bin/../lib/gcc/arm-none-eabi/10.3.1/../../../../arm-none-eabi/lib/thumb/v7e-m+fp/hard/libc_nano.a(lib_a-exit.o)
                              /usr/share/gcc-arm-none-eabi-10.3-2021.10/bin/../lib/gcc/arm-none-eabi/10.3.1/../../../../arm-none-eabi/lib/thumb/v7e-m+fp/hard/crt0.o (exit)
/usr/share/gcc-arm-none-eabi-10.3-2021.10/bin/../lib/gcc/arm-none-eabi/10.3.1/../../../../arm-none-eabi/lib/thumb/v7e-m+fp/hard/libc_nano.a(lib_a-impure.o)
                              /usr/share/gcc-arm-none-eabi-10.3-2021.10/bin/../lib/gcc/arm-none-eabi/10.3.1/../../../../arm-none-eabi/lib/thumb/v7e-m+fp/hard/libc_nano.a(lib_a-exit.o) (_global_impure_ptr)
/usr/share/gcc-arm-none-eabi-10.3-2021.10/bin/../lib/gcc/arm-none-eabi/10.3.1/../../../../arm-none-eabi/lib/thumb/v7e-m+fp/hard/libc_nano.a(lib_a-init.o)
                              /usr/share/gcc-arm-none-eabi-10.3-2021.10/bin/../lib/gcc/arm-none-eabi/10.3.1/../../../../arm-none-eabi/lib/thumb/v7e-m+fp/hard/crt0.o (__libc_init_array)
/usr/share/gcc-arm-none-eabi-10.3-2021.10/bin/../lib/gcc/arm-none-eabi/10.3.1/../../../../arm-none-eabi/lib/thumb/v7e-m+fp/hard/libc_nano.a(lib_a-memcmp.o)
                              build/bridgeif_fdb.o (memcmp)
/usr/share/gcc-arm-none-eabi-10.3-2021.10/bin/../lib/gcc/arm-none-eabi/10.3.1/../../../../arm-none-eabi/lib/thumb/v7e-m+fp/hard/libc_nano.a(lib_a-memcpy-stub.o)
                              build/tcp_client.o (memcpy)
/usr/share/gcc-arm-none-eabi-10.3-2021.10/bin/../lib/gcc/arm-none-eabi/10.3.1/../../../../arm-none-eabi/lib/thumb/v7e-m+fp/hard/libc_nano.a(lib_a-memmove.o)
                              build/def.o (memmove)
/usr/share/gcc-arm-none-eabi-10.3-2021.10/bin/../lib/gcc/arm-none-eabi/10.3.1/../../../../arm-none-eabi/lib/thumb/v7e-m+fp/hard/libc_nano.a(lib_a-memset.o)
                              /usr/share/gcc-arm-none-eabi-10.3-2021.10/bin/../lib/gcc/arm-none-eabi/10.3.1/../../../../arm-none-eabi/lib/thumb/v7e-m+fp/hard/crt0.o (memset)
/usr/share/gcc-arm-none-eabi-10.3-2021.10/bin/../lib/gcc/arm-none-eabi/10.3.1/../../../../arm-none-eabi/lib/thumb/v7e-m+fp/hard/libc_nano.a(lib_a-printf.o)
                              build/tcp_client.o (printf)
/usr/share/gcc-arm-none-eabi-10.3-2021.10/bin/../lib/gcc/arm-none-eabi/10.3.1/../../../../arm-none-eabi/lib/thumb/v7e-m+fp/hard/libc_nano.a(lib_a-rand.o)
                              build/tcp.o (rand)
/usr/share/gcc-arm-none-eabi-10.3-2021.10/bin/../lib/gcc/arm-none-eabi/10.3.1/../../../../arm-none-eabi/lib/thumb/v7e-m+fp/hard/libc_nano.a(lib_a-strlen.o)
                              build/pbuf.o (strlen)
/usr/share/gcc-arm-none-eabi-10.3-2021.10/bin/../lib/gcc/arm-none-eabi/10.3.1/../../../../arm-none-eabi/lib/thumb/v7e-m+fp/hard/libc_nano.a(lib_a-strncmp.o)
                              build/def.o (strncmp)
/usr/share/gcc-arm-none-eabi-10.3-2021.10/bin/../lib/gcc/arm-none-eabi/10.3.1/../../../../arm-none-eabi/lib/thumb/v7e-m+fp/hard/libc_nano.a(lib_a-strtol.o)
                              /usr/share/gcc-arm-none-eabi-10.3-2021.10/bin/../lib/gcc/arm-none-eabi/10.3.1/../../../../arm-none-eabi/lib/thumb/v7e-m+fp/hard/libc_nano.a(lib_a-atoi.o) (_strtol_r)
/usr/share/gcc-arm-none-eabi-10.3-2021.10/bin/../lib/gcc/arm-none-eabi/10.3.1/../../../../arm-none-eabi/lib/thumb/v7e-m+fp/hard/libc_nano.a(lib_a-assert.o)
                              /usr/share/gcc-arm-none-eabi-10.3-2021.10/bin/../lib/gcc/arm-none-eabi/10.3.1/../../../../arm-none-eabi/lib/thumb/v7e-m+fp/hard/libc_nano.a(lib_a-rand.o) (__assert_func)
/usr/share/gcc-arm-none-eabi-10.3-2021.10/bin/../lib/gcc/arm-none-eabi/10.3.1/../../../../arm-none-eabi/lib/thumb/v7e-m+fp/hard/libc_nano.a(lib_a-errno.o)
                              /usr/share/gcc-arm-none-eabi-10.3-2021.10/bin/../lib/gcc/arm-none-eabi/10.3.1/../../../../arm-none-eabi/lib/thumb/v7e-m+fp/hard/libc_nano.a(lib_a-strtol.o) (__errno)
/usr/share/gcc-arm-none-eabi-10.3-2021.10/bin/../lib/gcc/arm-none-eabi/10.3.1/../../../../arm-none-eabi/lib/thumb/v7e-m+fp/hard/libc_nano.a(lib_a-findfp.o)
                              /usr/share/gcc-arm-none-eabi-10.3-2021.10/bin/../lib/gcc/arm-none-eabi/10.3.1/../../../../arm-none-eabi/lib/thumb/v7e-m+fp/hard/libc_nano.a(lib_a-printf.o) (__sinit)
/usr/share/gcc-arm-none-eabi-10.3-2021.10/bin/../lib/gcc/arm-none-eabi/10.3.1/../../../../arm-none-eabi/lib/thumb/v7e-m+fp/hard/libc_nano.a(lib_a-fprintf.o)
[...]
Memory Configuration

Name             Origin             Length             Attributes
RAM              0x0000000020000000 0x0000000000050000 xrw
FLASH            0x0000000008000000 0x0000000000100000 xr
*default*        0x0000000000000000 0xffffffffffffffff

Linker script and memory map

LOAD /usr/share/gcc-arm-none-eabi-10.3-2021.10/bin/../lib/gcc/arm-none-eabi/10.3.1/thumb/v7e-m+fp/hard/crti.o
LOAD /usr/share/gcc-arm-none-eabi-10.3-2021.10/bin/../lib/gcc/arm-none-eabi/10.3.1/thumb/v7e-m+fp/hard/crtbegin.o
LOAD /usr/share/gcc-arm-none-eabi-10.3-2021.10/bin/../lib/gcc/arm-none-eabi/10.3.1/../../../../arm-none-eabi/lib/thumb/v7e-m+fp/hard/crt0.o
LOAD build/tcp_client.o
LOAD build/main.o
LOAD build/gpio.o
LOAD build/usart.o
LOAD build/usb_otg.o
LOAD build/stm32f7xx_it.o
LOAD build/stm32f7xx_hal_msp.o
LOAD build/lwip.o
LOAD build/ethernetif.o
LOAD build/stm32f7xx_hal_eth.o
LOAD build/stm32f7xx_hal_rcc.o
LOAD build/stm32f7xx_hal_rcc_ex.o
LOAD build/stm32f7xx_hal_flash.o
LOAD build/stm32f7xx_hal_flash_ex.o
LOAD build/stm32f7xx_hal_gpio.o
LOAD build/stm32f7xx_hal_dma.o
LOAD build/stm32f7xx_hal_dma_ex.o
LOAD build/stm32f7xx_hal_pwr.o
LOAD build/stm32f7xx_hal_pwr_ex.o
LOAD build/stm32f7xx_hal_cortex.o
LOAD build/stm32f7xx_hal.o
LOAD build/stm32f7xx_hal_i2c.o
LOAD build/stm32f7xx_hal_i2c_ex.o
LOAD build/stm32f7xx_hal_exti.o
LOAD build/stm32f7xx_hal_tim.o
LOAD build/stm32f7xx_hal_tim_ex.o
LOAD build/stm32f7xx_hal_uart.o
LOAD build/stm32f7xx_hal_uart_ex.o
LOAD build/stm32f7xx_hal_pcd.o
LOAD build/stm32f7xx_hal_pcd_ex.o
LOAD build/stm32f7xx_ll_usb.o
LOAD build/system_stm32f7xx.o
LOAD build/auth.o
LOAD build/ccp.o
LOAD build/chap_ms.o
LOAD build/chap-md5.o
LOAD build/chap-new.o
LOAD build/demand.o
LOAD build/eap.o
LOAD build/eui64.o
LOAD build/fsm.o
LOAD build/ipcp.o
LOAD build/ipv6cp.o
LOAD build/lcp.o
LOAD build/magic.o
LOAD build/mppe.o
LOAD build/multilink.o
LOAD build/ppp.o
LOAD build/pppapi.o
LOAD build/pppcrypt.o
LOAD build/pppoe.o
LOAD build/pppol2tp.o
LOAD build/pppos.o
LOAD build/upap.o
LOAD build/utils.o
LOAD build/vj.o
LOAD build/bridgeif.o
LOAD build/bridgeif_fdb.o
LOAD build/ethernet.o
LOAD build/lowpan6.o
LOAD build/lowpan6_ble.o
LOAD build/lowpan6_common.o
LOAD build/slipif.o
LOAD build/zepif.o
LOAD build/ecp.o
LOAD build/api_msg.o
LOAD build/netbuf.o
LOAD build/if_api.o
LOAD build/netifapi.o
LOAD build/err.o
LOAD build/sockets.o
LOAD build/netdb.o
LOAD build/api_lib.o
LOAD build/tcpip.o
LOAD build/netif.o
LOAD build/pbuf.o
LOAD build/altcp.o
LOAD build/tcp.o
LOAD build/stats.o
LOAD build/dns.o
LOAD build/def.o
LOAD build/udp.o
LOAD build/raw.o
LOAD build/init.o
LOAD build/memp.o
LOAD build/ip.o
LOAD build/mem.o
LOAD build/altcp_alloc.o
LOAD build/tcp_in.o
LOAD build/tcp_out.o
LOAD build/timeouts.o
LOAD build/sys.o
LOAD build/altcp_tcp.o
LOAD build/inet_chksum.o
LOAD build/ip4_frag.o
LOAD build/ip4.o
LOAD build/etharp.o
LOAD build/dhcp.o
LOAD build/autoip.o
LOAD build/ip4_addr.o
LOAD build/icmp.o
LOAD build/igmp.o
LOAD build/ip6_frag.o
LOAD build/mld6.o
LOAD build/ip6.o
LOAD build/dhcp6.o
LOAD build/inet6.o
LOAD build/icmp6.o
LOAD build/ip6_addr.o
LOAD build/nd6.o
LOAD build/ethip6.o
LOAD build/mqtt.o
LOAD build/startup_stm32f746xx.o
LOAD /usr/share/gcc-arm-none-eabi-10.3-2021.10/bin/../lib/gcc/arm-none-eabi/10.3.1/../../../../arm-none-eabi/lib/thumb/v7e-m+fp/hard/libc_nano.a
LOAD /usr/share/gcc-arm-none-eabi-10.3-2021.10/bin/../lib/gcc/arm-none-eabi/10.3.1/../../../../arm-none-eabi/lib/thumb/v7e-m+fp/hard/libm.a
LOAD /usr/share/gcc-arm-none-eabi-10.3-2021.10/bin/../lib/gcc/arm-none-eabi/10.3.1/../../../../arm-none-eabi/lib/thumb/v7e-m+fp/hard/libnosys.a
START GROUP
LOAD /usr/share/gcc-arm-none-eabi-10.3-2021.10/bin/../lib/gcc/arm-none-eabi/10.3.1/thumb/v7e-m+fp/hard/libgcc.a
LOAD /usr/share/gcc-arm-none-eabi-10.3-2021.10/bin/../lib/gcc/arm-none-eabi/10.3.1/../../../../arm-none-eabi/lib/thumb/v7e-m+fp/hard/libc_nano.a
END GROUP
START GROUP
LOAD /usr/share/gcc-arm-none-eabi-10.3-2021.10/bin/../lib/gcc/arm-none-eabi/10.3.1/thumb/v7e-m+fp/hard/libgcc.a
LOAD /usr/share/gcc-arm-none-eabi-10.3-2021.10/bin/../lib/gcc/arm-none-eabi/10.3.1/../../../../arm-none-eabi/lib/thumb/v7e-m+fp/hard/libc_nano.a
END GROUP
LOAD /usr/share/gcc-arm-none-eabi-10.3-2021.10/bin/../lib/gcc/arm-none-eabi/10.3.1/thumb/v7e-m+fp/hard/crtend.o
LOAD /usr/share/gcc-arm-none-eabi-10.3-2021.10/bin/../lib/gcc/arm-none-eabi/10.3.1/thumb/v7e-m+fp/hard/crtn.o
                0x0000000020050000                _estack = 0x20050000
                0x0000000000000200                _Min_Heap_Size = 0x200
                0x0000000000000400                _Min_Stack_Size = 0x400

.isr_vector     0x0000000008000000      0x1c8
                0x0000000008000000                . = ALIGN (0x4)
 *(.isr_vector)
 .isr_vector    0x0000000008000000      0x1c8 build/startup_stm32f746xx.o
                0x0000000008000000                g_pfnVectors
                0x00000000080001c8                . = ALIGN (0x4)

.text           0x00000000080001d0     0xb848
                0x00000000080001d0                . = ALIGN (0x4)
 *(.text)
 .text          0x00000000080001d0       0x40 /usr/share/gcc-arm-none-eabi-10.3-2021.10/bin/../lib/gcc/arm-none-eabi/10.3.1/thumb/v7e-m+fp/hard/crtbegin.o
 .text          0x0000000008000210       0xa0 /usr/share/gcc-arm-none-eabi-10.3-2021.10/bin/../lib/gcc/arm-none-eabi/10.3.1/../../../../arm-none-eabi/lib/thumb/v7e-m+fp/hard/libc_nano.a(lib_a-memchr.o)
                0x0000000008000210                memchr
 .text          0x00000000080002b0       0x30 /usr/share/gcc-arm-none-eabi-10.3-2021.10/bin/../lib/gcc/arm-none-eabi/10.3.1/thumb/v7e-m+fp/hard/libgcc.a(_aeabi_uldivmod.o)
                0x00000000080002b0                __aeabi_uldivmod
 .text          0x00000000080002e0      0x2d0 /usr/share/gcc-arm-none-eabi-10.3-2021.10/bin/../lib/gcc/arm-none-eabi/10.3.1/thumb/v7e-m+fp/hard/libgcc.a(_udivmoddi4.o)
                0x00000000080002e0                __udivmoddi4
 .text          0x00000000080005b0        0x4 /usr/share/gcc-arm-none-eabi-10.3-2021.10/bin/../lib/gcc/arm-none-eabi/10.3.1/thumb/v7e-m+fp/hard/libgcc.a(_dvmd_tls.o)
                0x00000000080005b0                __aeabi_ldiv0
                0x00000000080005b0                __aeabi_idiv0
 *(.text*)
 .text.tcp_callback_poll
                0x00000000080005b4        0x4 build/tcp_client.o
 .text.tcp_callback_error
                0x00000000080005b8       0x14 build/tcp_client.o
 .text.app_send_data
                0x00000000080005cc       0x40 build/tcp_client.o
 .text.tcp_callback_connected
                0x000000000800060c       0x54 build/tcp_client.o
 .text.app_close_conn
                0x0000000008000660       0x40 build/tcp_client.o
 .text.app_open_conn
                0x00000000080006a0       0x64 build/tcp_client.o
 .text.tcp_callback_received
                0x0000000008000704       0xa8 build/tcp_client.o
 .text.tcp_callback_sent
                0x00000000080007ac       0x4c build/tcp_client.o
 .text.app_start_get_time
                0x00000000080007f8        0x8 build/tcp_client.o
                0x00000000080007f8                app_start_get_time
 .text.ethernetif_notify_conn_changed
                0x0000000008000800       0x2c build/main.o
                0x0000000008000800                ethernetif_notify_conn_changed
 .text.Error_Handler
                0x000000000800082c        0x4 build/main.o
                0x000000000800082c                Error_Handler
 .text.SystemClock_Config
                0x0000000008000830       0xc8 build/main.o
                0x0000000008000830                SystemClock_Config
 .text.main     0x00000000080008f8       0x40 build/main.o
                0x00000000080008f8                main
 .text.MX_GPIO_Init
                0x0000000008000938       0xfc build/gpio.o
                0x0000000008000938                MX_GPIO_Init
 .text.MX_USART3_UART_Init
                0x0000000008000a34       0x38 build/usart.o
                0x0000000008000a34                MX_USART3_UART_Init
 .text.HAL_UART_MspInit
                0x0000000008000a6c       0x6c build/usart.o
                0x0000000008000a6c                HAL_UART_MspInit
 .text.MX_USB_OTG_FS_PCD_Init
                0x0000000008000ad8       0x38 build/usb_otg.o
                0x0000000008000ad8                MX_USB_OTG_FS_PCD_Init
 .text.HAL_PCD_MspInit
                0x0000000008000b10       0x90 build/usb_otg.o
                0x0000000008000b10                HAL_PCD_MspInit
 .text.NMI_Handler
                0x0000000008000ba0        0x2 build/stm32f7xx_it.o
                0x0000000008000ba0                NMI_Handler
 .text.HardFault_Handler
                0x0000000008000ba2        0x2 build/stm32f7xx_it.o
                0x0000000008000ba2                HardFault_Handler
 .text.MemManage_Handler
                0x0000000008000ba4        0x2 build/stm32f7xx_it.o
                0x0000000008000ba4                MemManage_Handler
 .text.BusFault_Handler
                0x0000000008000ba6        0x2 build/stm32f7xx_it.o
                0x0000000008000ba6                BusFault_Handler
 .text.UsageFault_Handler
                0x0000000008000ba8        0x2 build/stm32f7xx_it.o
                0x0000000008000ba8                UsageFault_Handler
 .text.SVC_Handler
                0x0000000008000baa        0x2 build/stm32f7xx_it.o
                0x0000000008000baa                SVC_Handler
 .text.DebugMon_Handler
                0x0000000008000bac        0x2 build/stm32f7xx_it.o
                0x0000000008000bac                DebugMon_Handler
 .text.PendSV_Handler
                0x0000000008000bae        0x2 build/stm32f7xx_it.o
                0x0000000008000bae                PendSV_Handler
 .text.SysTick_Handler
                0x0000000008000bb0       0x2c build/stm32f7xx_it.o
                0x0000000008000bb0                SysTick_Handler
 .text.HAL_MspInit
                0x0000000008000bdc       0x30 build/stm32f7xx_hal_msp.o
                0x0000000008000bdc                HAL_MspInit
 .text.MX_LWIP_Init
                0x0000000008000c0c      0x120 build/lwip.o
                0x0000000008000c0c                MX_LWIP_Init
 .text.MX_LWIP_Process
                0x0000000008000d2c       0x14 build/lwip.o
                0x0000000008000d2c                MX_LWIP_Process
 .text.low_level_input
                0x0000000008000d40       0xd4 build/ethernetif.o
 .text.low_level_output
                0x0000000008000e14       0xb8 build/ethernetif.o
 .text.low_level_init
                0x0000000008000ecc       0xd8 build/ethernetif.o
 .text.HAL_ETH_MspInit
                0x0000000008000fa4      0x110 build/ethernetif.o
                0x0000000008000fa4                HAL_ETH_MspInit
 .text.ethernetif_input
                0x00000000080010b4       0x1e build/ethernetif.o
                0x00000000080010b4                ethernetif_input
 *fill*         0x00000000080010d2        0x2 
 .text.ethernetif_init
                0x00000000080010d4       0x48 build/ethernetif.o
                0x00000000080010d4                ethernetif_init
 .text.sys_now  0x000000000800111c        0x8 build/ethernetif.o
                0x000000000800111c                sys_now
 .text.ethernetif_set_link
                0x0000000008001124       0x64 build/ethernetif.o
                0x0000000008001124                ethernetif_set_link
 .text.ethernetif_update_config
                0x0000000008001188       0xc8 build/ethernetif.o
                0x0000000008001188                ethernetif_update_config
 .text.ETH_MACAddressConfig
                0x0000000008001250       0x30 build/stm32f7xx_hal_eth.o
 .text.ETH_DMATransmissionEnable
                0x0000000008001280       0x10 build/stm32f7xx_hal_eth.o
 .text.ETH_DMATransmissionDisable
                0x0000000008001290       0x10 build/stm32f7xx_hal_eth.o
 .text.ETH_DMAReceptionEnable
                0x00000000080012a0       0x10 build/stm32f7xx_hal_eth.o
 .text.ETH_DMAReceptionDisable
                0x00000000080012b0       0x10 build/stm32f7xx_hal_eth.o
 .text.ETH_MACDMAConfig
                0x00000000080012c0      0x19c build/stm32f7xx_hal_eth.o
 .text.ETH_MACTransmissionEnable
                0x000000000800145c       0x2a build/stm32f7xx_hal_eth.o
 .text.ETH_MACReceptionEnable
                0x0000000008001486       0x2a build/stm32f7xx_hal_eth.o
 .text.ETH_FlushTransmitFIFO
                0x00000000080014b0       0x36 build/stm32f7xx_hal_eth.o
 .text.ETH_MACReceptionDisable
                0x00000000080014e6       0x2a build/stm32f7xx_hal_eth.o
 .text.ETH_MACTransmissionDisable
                0x0000000008001510       0x2a build/stm32f7xx_hal_eth.o
 .text.HAL_ETH_DMATxDescListInit
                0x000000000800153a       0x80 build/stm32f7xx_hal_eth.o
                0x000000000800153a                HAL_ETH_DMATxDescListInit
 .text.HAL_ETH_DMARxDescListInit
                0x00000000080015ba       0x7c build/stm32f7xx_hal_eth.o
                0x00000000080015ba                HAL_ETH_DMARxDescListInit
 *fill*         0x0000000008001636        0x2 
 .text.HAL_ETH_TransmitFrame
                0x0000000008001638      0x12c build/stm32f7xx_hal_eth.o
                0x0000000008001638                HAL_ETH_TransmitFrame
 .text.HAL_ETH_GetReceivedFrame
                0x0000000008001764       0x8e build/stm32f7xx_hal_eth.o
                0x0000000008001764                HAL_ETH_GetReceivedFrame
 .text.HAL_ETH_ReadPHYRegister
                0x00000000080017f2       0x78 build/stm32f7xx_hal_eth.o
                0x00000000080017f2                HAL_ETH_ReadPHYRegister
 .text.HAL_ETH_WritePHYRegister
                0x000000000800186a       0x74 build/stm32f7xx_hal_eth.o
                0x000000000800186a                HAL_ETH_WritePHYRegister
 *fill*         0x00000000080018de        0x2 
 .text.HAL_ETH_Init
                0x00000000080018e0      0x254 build/stm32f7xx_hal_eth.o
                0x00000000080018e0                HAL_ETH_Init
 .text.HAL_ETH_Start
                0x0000000008001b34       0x44 build/stm32f7xx_hal_eth.o
                0x0000000008001b34                HAL_ETH_Start
 .text.HAL_ETH_Stop
                0x0000000008001b78       0x44 build/stm32f7xx_hal_eth.o
                0x0000000008001b78                HAL_ETH_Stop
 .text.HAL_ETH_ConfigMAC
                0x0000000008001bbc      0x130 build/stm32f7xx_hal_eth.o
                0x0000000008001bbc                HAL_ETH_ConfigMAC
 .text.HAL_RCC_OscConfig
                0x0000000008001cec      0x434 build/stm32f7xx_hal_rcc.o
                0x0000000008001cec                HAL_RCC_OscConfig
 .text.HAL_RCC_GetSysClockFreq
                0x0000000008002120       0xd4 build/stm32f7xx_hal_rcc.o
                0x0000000008002120                HAL_RCC_GetSysClockFreq
 .text.HAL_RCC_ClockConfig
                0x00000000080021f4      0x16c build/stm32f7xx_hal_rcc.o
                0x00000000080021f4                HAL_RCC_ClockConfig
 .text.HAL_RCC_GetHCLKFreq
                0x0000000008002360        0xc build/stm32f7xx_hal_rcc.o
                0x0000000008002360                HAL_RCC_GetHCLKFreq
 .text.HAL_RCC_GetPCLK1Freq
                0x000000000800236c       0x20 build/stm32f7xx_hal_rcc.o
                0x000000000800236c                HAL_RCC_GetPCLK1Freq
 .text.HAL_RCC_GetPCLK2Freq
                0x000000000800238c       0x20 build/stm32f7xx_hal_rcc.o
                0x000000000800238c                HAL_RCC_GetPCLK2Freq
 .text.HAL_RCCEx_PeriphCLKConfig
                0x00000000080023ac      0x5ac build/stm32f7xx_hal_rcc_ex.o
                0x00000000080023ac                HAL_RCCEx_PeriphCLKConfig
 .text.HAL_GPIO_Init
                0x0000000008002958      0x1f8 build/stm32f7xx_hal_gpio.o
                0x0000000008002958                HAL_GPIO_Init
 .text.HAL_GPIO_WritePin
                0x0000000008002b50        0xc build/stm32f7xx_hal_gpio.o
                0x0000000008002b50                HAL_GPIO_WritePin
 .text.HAL_GPIO_TogglePin
                0x0000000008002b5c       0x12 build/stm32f7xx_hal_gpio.o
                0x0000000008002b5c                HAL_GPIO_TogglePin
 *fill*         0x0000000008002b6e        0x2 
 .text.HAL_PWR_EnableBkUpAccess
                0x0000000008002b70       0x10 build/stm32f7xx_hal_pwr.o
                0x0000000008002b70                HAL_PWR_EnableBkUpAccess
 .text.HAL_NVIC_SetPriorityGrouping
                0x0000000008002b80       0x24 build/stm32f7xx_hal_cortex.o
                0x0000000008002b80                HAL_NVIC_SetPriorityGrouping
 .text.HAL_NVIC_SetPriority
                0x0000000008002ba4       0x6c build/stm32f7xx_hal_cortex.o
                0x0000000008002ba4                HAL_NVIC_SetPriority
 .text.HAL_SYSTICK_Config
                0x0000000008002c10       0x28 build/stm32f7xx_hal_cortex.o
                0x0000000008002c10                HAL_SYSTICK_Config
 .text.HAL_InitTick
                0x0000000008002c38       0x4c build/stm32f7xx_hal.o
                0x0000000008002c38                HAL_InitTick
 .text.HAL_Init
                0x0000000008002c84       0x16 build/stm32f7xx_hal.o
                0x0000000008002c84                HAL_Init
 *fill*         0x0000000008002c9a        0x2 
 .text.HAL_IncTick
                0x0000000008002c9c       0x18 build/stm32f7xx_hal.o
                0x0000000008002c9c                HAL_IncTick
 .text.HAL_GetTick
                0x0000000008002cb4        0xc build/stm32f7xx_hal.o
                0x0000000008002cb4                HAL_GetTick
 .text.HAL_Delay
                0x0000000008002cc0       0x28 build/stm32f7xx_hal.o
                0x0000000008002cc0                HAL_Delay
 .text.UART_SetConfig
                0x0000000008002ce8      0x330 build/stm32f7xx_hal_uart.o
                0x0000000008002ce8                UART_SetConfig
 .text.UART_AdvFeatureConfig
                0x0000000008003018       0xca build/stm32f7xx_hal_uart.o
                0x0000000008003018                UART_AdvFeatureConfig
 .text.UART_WaitOnFlagUntilTimeout
                0x00000000080030e2       0xd4 build/stm32f7xx_hal_uart.o
                0x00000000080030e2                UART_WaitOnFlagUntilTimeout
 .text.UART_CheckIdleState
                0x00000000080031b6       0x48 build/stm32f7xx_hal_uart.o
                0x00000000080031b6                UART_CheckIdleState
 .text.HAL_UART_Init
                0x00000000080031fe       0x62 build/stm32f7xx_hal_uart.o
                0x00000000080031fe                HAL_UART_Init
 .text.HAL_PCD_Init
                0x0000000008003260      0x13c build/stm32f7xx_hal_pcd.o
                0x0000000008003260                HAL_PCD_Init
 .text.HAL_PCDEx_ActivateLPM
                0x000000000800339c       0x28 build/stm32f7xx_hal_pcd_ex.o
                0x000000000800339c                HAL_PCDEx_ActivateLPM
 .text.USB_CoreReset
                0x00000000080033c4       0x4c build/stm32f7xx_ll_usb.o
 .text.USB_CoreInit
                0x0000000008003410       0x7c build/stm32f7xx_ll_usb.o
                0x0000000008003410                USB_CoreInit
 .text.USB_DisableGlobalInt
                0x000000000800348c        0xc build/stm32f7xx_ll_usb.o
                0x000000000800348c                USB_DisableGlobalInt
 .text.USB_FlushTxFifo
                0x0000000008003498       0x4c build/stm32f7xx_ll_usb.o
                0x0000000008003498                USB_FlushTxFifo
 .text.USB_FlushRxFifo
                0x00000000080034e4       0x48 build/stm32f7xx_ll_usb.o
                0x00000000080034e4                USB_FlushRxFifo
 .text.USB_SetDevSpeed
                0x000000000800352c        0xe build/stm32f7xx_ll_usb.o
                0x000000000800352c                USB_SetDevSpeed
 *fill*         0x000000000800353a        0x2 
 .text.USB_DevInit
                0x000000000800353c      0x188 build/stm32f7xx_ll_usb.o
                0x000000000800353c                USB_DevInit
 .text.USB_DevDisconnect
                0x00000000080036c4       0x1c build/stm32f7xx_ll_usb.o
                0x00000000080036c4                USB_DevDisconnect
 .text.USB_GetMode
                0x00000000080036e0        0x8 build/stm32f7xx_ll_usb.o
                0x00000000080036e0                USB_GetMode
 .text.USB_SetCurrentMode
                0x00000000080036e8       0x62 build/stm32f7xx_ll_usb.o
                0x00000000080036e8                USB_SetCurrentMode
 *fill*         0x000000000800374a        0x2 
 .text.SystemInit
                0x000000000800374c       0x14 build/system_stm32f7xx.o
                0x000000000800374c                SystemInit
 .text.ethernet_input
                0x0000000008003760       0xa8 build/ethernet.o
                0x0000000008003760                ethernet_input
 .text.ethernet_output
                0x0000000008003808       0x70 build/ethernet.o
                0x0000000008003808                ethernet_output
 .text.netif_do_set_netmask
                0x0000000008003878       0x18 build/netif.o
 .text.netif_do_set_gw
                0x0000000008003890       0x18 build/netif.o
 .text.netif_null_output_ip4
                0x00000000080038a8        0x6 build/netif.o
 .text.netif_do_ip_addr_changed
                0x00000000080038ae       0x14 build/netif.o
 *fill*         0x00000000080038c2        0x2 
 .text.netif_issue_reports
                0x00000000080038c4       0x4c build/netif.o
 .text.netif_do_set_ipaddr
                0x0000000008003910       0x6c build/netif.o
 .text.netif_init
                0x000000000800397c        0x2 build/netif.o
                0x000000000800397c                netif_init
 *fill*         0x000000000800397e        0x2 
 .text.netif_set_addr
                0x0000000008003980       0x6c build/netif.o
                0x0000000008003980                netif_set_addr
 .text.netif_add
                0x00000000080039ec      0x124 build/netif.o
                0x00000000080039ec                netif_add
 .text.netif_set_default
                0x0000000008003b10        0xc build/netif.o
                0x0000000008003b10                netif_set_default
 .text.netif_set_up
                0x0000000008003b1c       0x3c build/netif.o
                0x0000000008003b1c                netif_set_up
 .text.netif_set_down
                0x0000000008003b58       0x40 build/netif.o
                0x0000000008003b58                netif_set_down
 .text.netif_set_link_up
                0x0000000008003b98       0x48 build/netif.o
                0x0000000008003b98                netif_set_link_up
 .text.netif_set_link_down
                0x0000000008003be0       0x3c build/netif.o
                0x0000000008003be0                netif_set_link_down
 .text.netif_set_link_callback
                0x0000000008003c1c        0x6 build/netif.o
                0x0000000008003c1c                netif_set_link_callback
 *fill*         0x0000000008003c22        0x2 
 .text.netif_get_by_index
                0x0000000008003c24       0x24 build/netif.o
                0x0000000008003c24                netif_get_by_index
 .text.pbuf_pool_is_empty
                0x0000000008003c48        0xc build/pbuf.o
 .text.pbuf_init_alloced_pbuf
                0x0000000008003c54       0x24 build/pbuf.o
 .text.pbuf_add_header_impl
                0x0000000008003c78       0x7c build/pbuf.o
 .text.pbuf_free_ooseq
                0x0000000008003cf4       0x28 build/pbuf.o
                0x0000000008003cf4                pbuf_free_ooseq
 .text.pbuf_alloc_reference
                0x0000000008003d1c       0x50 build/pbuf.o
                0x0000000008003d1c                pbuf_alloc_reference
 .text.pbuf_alloced_custom
                0x0000000008003d6c       0x3e build/pbuf.o
                0x0000000008003d6c                pbuf_alloced_custom
 .text.pbuf_add_header
                0x0000000008003daa        0xa build/pbuf.o
                0x0000000008003daa                pbuf_add_header
 .text.pbuf_remove_header
                0x0000000008003db4       0x6c build/pbuf.o
                0x0000000008003db4                pbuf_remove_header
 .text.pbuf_header_impl
                0x0000000008003e20       0x14 build/pbuf.o
 .text.pbuf_header_force
                0x0000000008003e34        0xa build/pbuf.o
                0x0000000008003e34                pbuf_header_force
 *fill*         0x0000000008003e3e        0x2 
 .text.pbuf_free
                0x0000000008003e40       0xc4 build/pbuf.o
                0x0000000008003e40                pbuf_free
 .text.pbuf_alloc
                0x0000000008003f04      0x15c build/pbuf.o
                0x0000000008003f04                pbuf_alloc
 .text.pbuf_realloc
                0x0000000008004060       0xa8 build/pbuf.o
                0x0000000008004060                pbuf_realloc
 .text.pbuf_clen
                0x0000000008004108       0x12 build/pbuf.o
                0x0000000008004108                pbuf_clen
 *fill*         0x000000000800411a        0x2 
 .text.pbuf_ref
                0x000000000800411c       0x30 build/pbuf.o
                0x000000000800411c                pbuf_ref
 .text.pbuf_cat
                0x000000000800414c       0x78 build/pbuf.o
                0x000000000800414c                pbuf_cat
 .text.pbuf_copy
                0x00000000080041c4      0x128 build/pbuf.o
                0x00000000080041c4                pbuf_copy
 .text.pbuf_copy_partial
                0x00000000080042ec       0x94 build/pbuf.o
                0x00000000080042ec                pbuf_copy_partial
 .text.pbuf_clone
                0x0000000008004380       0x38 build/pbuf.o
                0x0000000008004380                pbuf_clone
 .text.tcp_new_port
                0x00000000080043b8       0x68 build/tcp.o
 .text.tcp_remove_listener
                0x0000000008004420       0x34 build/tcp.o
 .text.tcp_listen_closed
                0x0000000008004454       0x5c build/tcp.o
 .text.tcp_free_listen
                0x00000000080044b0       0x30 build/tcp.o
 .text.tcp_close_shutdown_fin
                0x00000000080044e0       0x84 build/tcp.o
 .text.tcp_handle_closepend
                0x0000000008004564       0x2c build/tcp.o
 .text.tcp_init
                0x0000000008004590       0x18 build/tcp.o
                0x0000000008004590                tcp_init
 .text.tcp_free
                0x00000000080045a8       0x30 build/tcp.o
                0x00000000080045a8                tcp_free
 .text.tcp_update_rcv_ann_wnd
                0x00000000080045d8       0x78 build/tcp.o
                0x00000000080045d8                tcp_update_rcv_ann_wnd
 .text.tcp_recved
                0x0000000008004650       0x78 build/tcp.o
                0x0000000008004650                tcp_recved
 .text.tcp_seg_free
                0x00000000080046c8       0x1a build/tcp.o
                0x00000000080046c8                tcp_seg_free
 .text.tcp_segs_free
                0x00000000080046e2       0x14 build/tcp.o
                0x00000000080046e2                tcp_segs_free
 *fill*         0x00000000080046f6        0x2 
 .text.tcp_setprio
                0x00000000080046f8       0x24 build/tcp.o
                0x00000000080046f8                tcp_setprio
 .text.tcp_seg_copy
                0x000000000800471c       0x48 build/tcp.o
                0x000000000800471c                tcp_seg_copy
 .text.tcp_arg  0x0000000008004764        0x6 build/tcp.o
                0x0000000008004764                tcp_arg
 *fill*         0x000000000800476a        0x2 
 .text.tcp_recv
                0x000000000800476c       0x34 build/tcp.o
                0x000000000800476c                tcp_recv
 .text.tcp_sent
                0x00000000080047a0       0x34 build/tcp.o
                0x00000000080047a0                tcp_sent
 .text.tcp_err  0x00000000080047d4       0x34 build/tcp.o
                0x00000000080047d4                tcp_err
 .text.tcp_poll
                0x0000000008004808       0x48 build/tcp.o
                0x0000000008004808                tcp_poll
 .text.tcp_next_iss
                0x0000000008004850       0x38 build/tcp.o
                0x0000000008004850                tcp_next_iss
 .text.tcp_eff_send_mss_netif
                0x0000000008004888       0x40 build/tcp.o
                0x0000000008004888                tcp_eff_send_mss_netif
 .text.tcp_connect
                0x00000000080048c8      0x154 build/tcp.o
                0x00000000080048c8                tcp_connect
 .text.tcp_free_ooseq
                0x0000000008004a1c       0x12 build/tcp.o
                0x0000000008004a1c                tcp_free_ooseq
 *fill*         0x0000000008004a2e        0x2 
 .text.tcp_pcb_purge
                0x0000000008004a30       0x64 build/tcp.o
                0x0000000008004a30                tcp_pcb_purge
 .text.tcp_pcb_remove
                0x0000000008004a94       0xd0 build/tcp.o
                0x0000000008004a94                tcp_pcb_remove
 .text.tcp_abandon
                0x0000000008004b64      0x10c build/tcp.o
                0x0000000008004b64                tcp_abandon
 .text.tcp_abort
                0x0000000008004c70        0xa build/tcp.o
                0x0000000008004c70                tcp_abort
 *fill*         0x0000000008004c7a        0x2 
 .text.tcp_kill_timewait
                0x0000000008004c7c       0x34 build/tcp.o
 .text.tcp_kill_prio
                0x0000000008004cb0       0x58 build/tcp.o
 .text.tcp_netif_ip_addr_changed_pcblist
                0x0000000008004d08       0x40 build/tcp.o
 .text.tcp_netif_ip_addr_changed
                0x0000000008004d48       0x54 build/tcp.o
                0x0000000008004d48                tcp_netif_ip_addr_changed
 .text.tcp_kill_state
                0x0000000008004d9c       0x64 build/tcp.o
 .text.tcp_alloc
                0x0000000008004e00       0xc4 build/tcp.o
                0x0000000008004e00                tcp_alloc
 .text.tcp_new  0x0000000008004ec4        0xa build/tcp.o
                0x0000000008004ec4                tcp_new
 *fill*         0x0000000008004ece        0x2 
 .text.tcp_close_shutdown
                0x0000000008004ed0      0x148 build/tcp.o
 .text.tcp_close
                0x0000000008005018       0x40 build/tcp.o
                0x0000000008005018                tcp_close
 .text.tcp_recv_null
                0x0000000008005058       0x48 build/tcp.o
                0x0000000008005058                tcp_recv_null
 .text.tcp_process_refused_data
                0x00000000080050a0       0x8c build/tcp.o
                0x00000000080050a0                tcp_process_refused_data
 .text.tcp_fasttmr
                0x000000000800512c       0x80 build/tcp.o
                0x000000000800512c                tcp_fasttmr
 .text.tcp_slowtmr
                0x00000000080051ac      0x4a8 build/tcp.o
                0x00000000080051ac                tcp_slowtmr
 .text.tcp_tmr  0x0000000008005654       0x24 build/tcp.o
                0x0000000008005654                tcp_tmr
 .text.lwip_htons
                0x0000000008005678        0xa build/def.o
                0x0000000008005678                lwip_htons
 .text.lwip_htonl
                0x0000000008005682       0x18 build/def.o
                0x0000000008005682                lwip_htonl
 *fill*         0x000000000800569a        0x2 
 .text.udp_input_local_match
                0x000000000800569c       0xa0 build/udp.o
 .text.udp_init
                0x000000000800573c       0x18 build/udp.o
                0x000000000800573c                udp_init
 .text.udp_input
                0x0000000008005754      0x184 build/udp.o
                0x0000000008005754                udp_input
 .text.udp_netif_ip_addr_changed
                0x00000000080058d8       0x38 build/udp.o
                0x00000000080058d8                udp_netif_ip_addr_changed
 .text.lwip_init
                0x0000000008005910       0x1c build/init.o
                0x0000000008005910                lwip_init
 .text.do_memp_malloc_pool
                0x000000000800592c       0x34 build/memp.o
 .text.do_memp_free_pool
                0x0000000008005960       0x34 build/memp.o
 .text.memp_init_pool
                0x0000000008005994       0x28 build/memp.o
                0x0000000008005994                memp_init_pool
 .text.memp_init
                0x00000000080059bc       0x20 build/memp.o
                0x00000000080059bc                memp_init
 .text.memp_malloc
                0x00000000080059dc       0x34 build/memp.o
                0x00000000080059dc                memp_malloc
 .text.memp_free
                0x0000000008005a10       0x34 build/memp.o
                0x0000000008005a10                memp_free
 .text.ptr_to_mem
                0x0000000008005a44        0xc build/mem.o
 .text.mem_to_ptr
                0x0000000008005a50       0x10 build/mem.o
 .text.mem_link_valid
                0x0000000008005a60       0x5c build/mem.o
 .text.plug_holes
                0x0000000008005abc      0x100 build/mem.o
 .text.mem_init
                0x0000000008005bbc       0x40 build/mem.o
                0x0000000008005bbc                mem_init
 .text.mem_free
                0x0000000008005bfc       0xb4 build/mem.o
                0x0000000008005bfc                mem_free
 .text.mem_trim
                0x0000000008005cb0      0x184 build/mem.o
                0x0000000008005cb0                mem_trim
 .text.mem_malloc
                0x0000000008005e34      0x170 build/mem.o
                0x0000000008005e34                mem_malloc
 .text.tcp_get_next_optbyte
                0x0000000008005fa4       0x3c build/tcp_in.o
 .text.tcp_parseopt
                0x0000000008005fe0       0xa4 build/tcp_in.o
 .text.tcp_input_delayed_close
                0x0000000008006084       0x60 build/tcp_in.o
 .text.tcp_timewait_input
                0x00000000080060e4       0xb8 build/tcp_in.o
 .text.tcp_listen_input
                0x000000000800619c      0x150 build/tcp_in.o
 .text.tcp_free_acked_segments
                0x00000000080062ec       0xc0 build/tcp_in.o
 .text.tcp_oos_insert_segment
                0x00000000080063ac       0xa8 build/tcp_in.o
 .text.tcp_receive
                0x0000000008006454      0x948 build/tcp_in.o
 .text.tcp_process
                0x0000000008006d9c      0x584 build/tcp_in.o
 .text.tcp_input
                0x0000000008007320      0x5a0 build/tcp_in.o
                0x0000000008007320                tcp_input
 .text.tcp_trigger_input_pcb_close
                0x00000000080078c0       0x10 build/tcp_in.o
                0x00000000080078c0                tcp_trigger_input_pcb_close
 .text.tcp_write_checks
                0x00000000080078d0       0xbc build/tcp_out.o
 .text.tcp_output_segment_busy
                0x000000000800798c       0x34 build/tcp_out.o
 .text.tcp_output_fill_options
                0x00000000080079c0       0x4c build/tcp_out.o
 .text.tcp_pbuf_prealloc
                0x0000000008007a0c       0xbc build/tcp_out.o
 .text.tcp_create_segment
                0x0000000008007ac8       0xe8 build/tcp_out.o
 .text.tcp_output_alloc_header_common
                0x0000000008007bb0       0x98 build/tcp_out.o
 .text.tcp_output_alloc_header
                0x0000000008007c48       0x54 build/tcp_out.o
 .text.tcp_route
                0x0000000008007c9c       0x16 build/tcp_out.o
 *fill*         0x0000000008007cb2        0x2 
 .text.tcp_output_segment
                0x0000000008007cb4      0x13c build/tcp_out.o
 .text.tcp_output_control_segment
                0x0000000008007df0       0x6c build/tcp_out.o
 .text.tcp_write
                0x0000000008007e5c      0x56c build/tcp_out.o
                0x0000000008007e5c                tcp_write
 .text.tcp_split_unsent_seg
                0x00000000080083c8      0x1b8 build/tcp_out.o
                0x00000000080083c8                tcp_split_unsent_seg
 .text.tcp_enqueue_flags
                0x0000000008008580      0x160 build/tcp_out.o
                0x0000000008008580                tcp_enqueue_flags
 .text.tcp_send_fin
                0x00000000080086e0       0x64 build/tcp_out.o
                0x00000000080086e0                tcp_send_fin
 .text.tcp_rexmit_rto_prepare
                0x0000000008008744       0x94 build/tcp_out.o
                0x0000000008008744                tcp_rexmit_rto_prepare
 .text.tcp_rexmit
                0x00000000080087d8       0x88 build/tcp_out.o
                0x00000000080087d8                tcp_rexmit
 .text.tcp_rexmit_fast
                0x0000000008008860       0x78 build/tcp_out.o
                0x0000000008008860                tcp_rexmit_fast
 .text.tcp_rst  0x00000000080088d8       0x90 build/tcp_out.o
                0x00000000080088d8                tcp_rst
 .text.tcp_send_empty_ack
                0x0000000008008968       0x74 build/tcp_out.o
                0x0000000008008968                tcp_send_empty_ack
 .text.tcp_output
                0x00000000080089dc      0x2ac build/tcp_out.o
                0x00000000080089dc                tcp_output
 .text.tcp_rexmit_rto_commit
                0x0000000008008c88       0x38 build/tcp_out.o
                0x0000000008008c88                tcp_rexmit_rto_commit
 .text.tcp_rexmit_rto
                0x0000000008008cc0       0x34 build/tcp_out.o
                0x0000000008008cc0                tcp_rexmit_rto
 .text.tcp_keepalive
                0x0000000008008cf4       0x5c build/tcp_out.o
                0x0000000008008cf4                tcp_keepalive
 .text.tcp_zero_window_probe
                0x0000000008008d50       0xdc build/tcp_out.o
                0x0000000008008d50                tcp_zero_window_probe
 .text.sys_timeout_abs
                0x0000000008008e2c       0x70 build/timeouts.o
 .text.lwip_cyclic_timer
                0x0000000008008e9c       0x40 build/timeouts.o
 .text.sys_timeout
                0x0000000008008edc       0x3c build/timeouts.o
                0x0000000008008edc                sys_timeout
 .text.tcp_timer_needed
                0x0000000008008f18       0x3c build/timeouts.o
                0x0000000008008f18                tcp_timer_needed
 .text.tcpip_tcp_timer
                0x0000000008008f54       0x38 build/timeouts.o
 .text.sys_timeouts_init
                0x0000000008008f8c       0x28 build/timeouts.o
                0x0000000008008f8c                sys_timeouts_init
 .text.sys_check_timeouts
                0x0000000008008fb4       0x50 build/timeouts.o
                0x0000000008008fb4                sys_check_timeouts
 .text.ip_reass_dequeue_datagram
                0x0000000008009004       0x48 build/ip4_frag.o
 .text.ip_reass_free_complete_datagram
                0x000000000800904c       0xfc build/ip4_frag.o
 .text.ip_reass_remove_oldest_datagram
                0x0000000008009148       0x80 build/ip4_frag.o
 .text.ip_frag_free_pbuf_custom_ref
                0x00000000080091c8       0x2c build/ip4_frag.o
 .text.ipfrag_free_pbuf_custom
                0x00000000080091f4       0x34 build/ip4_frag.o
 .text.ip_reass_chain_frag_into_datagram_and_validate
                0x0000000008009228      0x1a0 build/ip4_frag.o
 .text.ip_frag_alloc_pbuf_custom_ref
                0x00000000080093c8        0xa build/ip4_frag.o
 *fill*         0x00000000080093d2        0x2 
 .text.ip_reass_enqueue_new_datagram
                0x00000000080093d4       0x60 build/ip4_frag.o
 .text.ip_reass_tmr
                0x0000000008009434       0x2c build/ip4_frag.o
                0x0000000008009434                ip_reass_tmr
 .text.ip4_reass
                0x0000000008009460      0x210 build/ip4_frag.o
                0x0000000008009460                ip4_reass
 .text.ip4_frag
                0x0000000008009670      0x1f8 build/ip4_frag.o
                0x0000000008009670                ip4_frag
 .text.ip4_input_accept
                0x0000000008009868       0x34 build/ip4.o
 .text.ip4_route
                0x000000000800989c       0xac build/ip4.o
                0x000000000800989c                ip4_route
 .text.ip4_input
                0x0000000008009948      0x1a0 build/ip4.o
                0x0000000008009948                ip4_input
 .text.ip4_output_if_src
                0x0000000008009ae8      0x100 build/ip4.o
                0x0000000008009ae8                ip4_output_if_src
 .text.ip4_output_if
                0x0000000008009be8       0x2a build/ip4.o
                0x0000000008009be8                ip4_output_if
 *fill*         0x0000000008009c12        0x2 
 .text.etharp_free_entry
                0x0000000008009c14       0x34 build/etharp.o
 .text.etharp_find_entry
                0x0000000008009c48      0x1f0 build/etharp.o
 .text.etharp_update_arp_entry
                0x0000000008009e38       0xc4 build/etharp.o
 .text.etharp_raw
                0x0000000008009efc       0xe8 build/etharp.o
 .text.etharp_request_dst
                0x0000000008009fe4       0x24 build/etharp.o
 .text.etharp_cleanup_netif
                0x000000000800a008       0x3c build/etharp.o
                0x000000000800a008                etharp_cleanup_netif
 .text.etharp_input
                0x000000000800a044       0xb8 build/etharp.o
                0x000000000800a044                etharp_input
 .text.etharp_request
                0x000000000800a0fc       0x10 build/etharp.o
                0x000000000800a0fc                etharp_request
 .text.etharp_tmr
                0x000000000800a10c       0x88 build/etharp.o
                0x000000000800a10c                etharp_tmr
 .text.etharp_output_to_arp_index
                0x000000000800a194       0xdc build/etharp.o
 .text.etharp_query
                0x000000000800a270      0x1b8 build/etharp.o
                0x000000000800a270                etharp_query
 .text.etharp_output
                0x000000000800a428      0x168 build/etharp.o
                0x000000000800a428                etharp_output
 .text.ip4_addr_isbroadcast_u32
                0x000000000800a590       0x40 build/ip4_addr.o
                0x000000000800a590                ip4_addr_isbroadcast_u32
 .text.icmp_send_response
                0x000000000800a5d0       0xa8 build/icmp.o
 .text.icmp_input
                0x000000000800a678      0x148 build/icmp.o
                0x000000000800a678                icmp_input
 .text.icmp_dest_unreach
                0x000000000800a7c0        0xc build/icmp.o
                0x000000000800a7c0                icmp_dest_unreach
 .text.icmp_time_exceeded
                0x000000000800a7cc        0xc build/icmp.o
                0x000000000800a7cc                icmp_time_exceeded
 .text.Reset_Handler
                0x000000000800a7d8       0x50 build/startup_stm32f746xx.o
                0x000000000800a7d8                Reset_Handler
 .text.Default_Handler
                0x000000000800a828        0x2 build/startup_stm32f746xx.o
                0x000000000800a828                RTC_Alarm_IRQHandler
                0x000000000800a828                EXTI2_IRQHandler
                0x000000000800a828                TIM8_CC_IRQHandler
                0x000000000800a828                UART8_IRQHandler
                0x000000000800a828                SPI4_IRQHandler
                0x000000000800a828                TIM1_CC_IRQHandler
                0x000000000800a828                DMA2_Stream5_IRQHandler
                0x000000000800a828                DMA1_Stream5_IRQHandler
                0x000000000800a828                PVD_IRQHandler
                0x000000000800a828                TAMP_STAMP_IRQHandler
                0x000000000800a828                CAN2_RX1_IRQHandler
                0x000000000800a828                EXTI3_IRQHandler
                0x000000000800a828                TIM8_TRG_COM_TIM14_IRQHandler
                0x000000000800a828                TIM1_UP_TIM10_IRQHandler
                0x000000000800a828                TIM8_UP_TIM13_IRQHandler
                0x000000000800a828                I2C3_ER_IRQHandler
                0x000000000800a828                EXTI0_IRQHandler
                0x000000000800a828                I2C2_EV_IRQHandler
                0x000000000800a828                DMA1_Stream2_IRQHandler
                0x000000000800a828                CAN1_RX0_IRQHandler
                0x000000000800a828                FPU_IRQHandler
                0x000000000800a828                OTG_HS_WKUP_IRQHandler
                0x000000000800a828                LTDC_ER_IRQHandler
                0x000000000800a828                CAN2_SCE_IRQHandler
                0x000000000800a828                DMA2_Stream2_IRQHandler
                0x000000000800a828                SPI1_IRQHandler
                0x000000000800a828                TIM6_DAC_IRQHandler
                0x000000000800a828                TIM1_BRK_TIM9_IRQHandler
                0x000000000800a828                DCMI_IRQHandler
                0x000000000800a828                CAN2_RX0_IRQHandler
                0x000000000800a828                DMA2_Stream3_IRQHandler
                0x000000000800a828                SAI2_IRQHandler
                0x000000000800a828                USART6_IRQHandler
                0x000000000800a828                USART3_IRQHandler
                0x000000000800a828                CAN1_RX1_IRQHandler
                0x000000000800a828                UART5_IRQHandler
                0x000000000800a828                DMA2_Stream0_IRQHandler
                0x000000000800a828                TIM4_IRQHandler
                0x000000000800a828                QUADSPI_IRQHandler
                0x000000000800a828                I2C1_EV_IRQHandler
                0x000000000800a828                DMA1_Stream6_IRQHandler
                0x000000000800a828                DMA1_Stream1_IRQHandler
                0x000000000800a828                UART4_IRQHandler
                0x000000000800a828                TIM3_IRQHandler
                0x000000000800a828                RCC_IRQHandler
                0x000000000800a828                TIM8_BRK_TIM12_IRQHandler
                0x000000000800a828                Default_Handler
                0x000000000800a828                CEC_IRQHandler
                0x000000000800a828                EXTI15_10_IRQHandler
                0x000000000800a828                ADC_IRQHandler
                0x000000000800a828                DMA1_Stream7_IRQHandler
                0x000000000800a828                SPI5_IRQHandler
                0x000000000800a828                TIM7_IRQHandler
                0x000000000800a828                SDMMC1_IRQHandler
                0x000000000800a828                CAN2_TX_IRQHandler
                0x000000000800a828                TIM5_IRQHandler
                0x000000000800a828                DMA2_Stream7_IRQHandler
                0x000000000800a828                I2C3_EV_IRQHandler
                0x000000000800a828                EXTI9_5_IRQHandler
                0x000000000800a828                RTC_WKUP_IRQHandler
                0x000000000800a828                LTDC_IRQHandler
                0x000000000800a828                ETH_WKUP_IRQHandler
                0x000000000800a828                SPDIF_RX_IRQHandler
                0x000000000800a828                SPI2_IRQHandler
                0x000000000800a828                OTG_HS_EP1_IN_IRQHandler
                0x000000000800a828                DMA1_Stream0_IRQHandler
                0x000000000800a828                CAN1_TX_IRQHandler
                0x000000000800a828                EXTI4_IRQHandler
                0x000000000800a828                RNG_IRQHandler
                0x000000000800a828                ETH_IRQHandler
                0x000000000800a828                OTG_HS_EP1_OUT_IRQHandler
                0x000000000800a828                WWDG_IRQHandler
                0x000000000800a828                SPI6_IRQHandler
                0x000000000800a828                I2C4_EV_IRQHandler
                0x000000000800a828                TIM2_IRQHandler
                0x000000000800a828                OTG_FS_WKUP_IRQHandler
                0x000000000800a828                TIM1_TRG_COM_TIM11_IRQHandler
                0x000000000800a828                OTG_HS_IRQHandler
                0x000000000800a828                DMA2D_IRQHandler
                0x000000000800a828                EXTI1_IRQHandler
                0x000000000800a828                UART7_IRQHandler
                0x000000000800a828                USART2_IRQHandler
                0x000000000800a828                I2C2_ER_IRQHandler
                0x000000000800a828                DMA2_Stream1_IRQHandler
                0x000000000800a828                CAN1_SCE_IRQHandler
                0x000000000800a828                FLASH_IRQHandler
                0x000000000800a828                DMA2_Stream4_IRQHandler
                0x000000000800a828                USART1_IRQHandler
                0x000000000800a828                OTG_FS_IRQHandler
                0x000000000800a828                SPI3_IRQHandler
                0x000000000800a828                DMA1_Stream4_IRQHandler
                0x000000000800a828                I2C1_ER_IRQHandler
                0x000000000800a828                FMC_IRQHandler
                0x000000000800a828                LPTIM1_IRQHandler
                0x000000000800a828                I2C4_ER_IRQHandler
                0x000000000800a828                DMA2_Stream6_IRQHandler
                0x000000000800a828                SAI1_IRQHandler
                0x000000000800a828                DMA1_Stream3_IRQHandler
 *fill*         0x000000000800a82a        0x2 
 .text.__libc_init_array
                0x000000000800a82c       0x48 /usr/share/gcc-arm-none-eabi-10.3-2021.10/bin/../lib/gcc/arm-none-eabi/10.3.1/../../../../arm-none-eabi/lib/thumb/v7e-m+fp/hard/libc_nano.a(lib_a-init.o)
                0x000000000800a82c                __libc_init_array
 .text.memcmp   0x000000000800a874       0x20 /usr/share/gcc-arm-none-eabi-10.3-2021.10/bin/../lib/gcc/arm-none-eabi/10.3.1/../../../../arm-none-eabi/lib/thumb/v7e-m+fp/hard/libc_nano.a(lib_a-memcmp.o)
                0x000000000800a874                memcmp
 .text.memcpy   0x000000000800a894       0x1c /usr/share/gcc-arm-none-eabi-10.3-2021.10/bin/../lib/gcc/arm-none-eabi/10.3.1/../../../../arm-none-eabi/lib/thumb/v7e-m+fp/hard/libc_nano.a(lib_a-memcpy-stub.o)
                0x000000000800a894                memcpy
 .text.memset   0x000000000800a8b0       0x10 /usr/share/gcc-arm-none-eabi-10.3-2021.10/bin/../lib/gcc/arm-none-eabi/10.3.1/../../../../arm-none-eabi/lib/thumb/v7e-m+fp/hard/libc_nano.a(lib_a-memset.o)
                0x000000000800a8b0                memset
 .text.printf   0x000000000800a8c0       0x30 /usr/share/gcc-arm-none-eabi-10.3-2021.10/bin/../lib/gcc/arm-none-eabi/10.3.1/../../../../arm-none-eabi/lib/thumb/v7e-m+fp/hard/libc_nano.a(lib_a-printf.o)
                0x000000000800a8c0                printf
                0x000000000800a8c0                iprintf
 .text.rand     0x000000000800a8f0       0x7c /usr/share/gcc-arm-none-eabi-10.3-2021.10/bin/../lib/gcc/arm-none-eabi/10.3.1/../../../../arm-none-eabi/lib/thumb/v7e-m+fp/hard/libc_nano.a(lib_a-rand.o)
                0x000000000800a8f0                rand
 .text.__assert_func
                0x000000000800a96c       0x3c /usr/share/gcc-arm-none-eabi-10.3-2021.10/bin/../lib/gcc/arm-none-eabi/10.3.1/../../../../arm-none-eabi/lib/thumb/v7e-m+fp/hard/libc_nano.a(lib_a-assert.o)
                0x000000000800a96c                __assert_func
 .text.std      0x000000000800a9a8       0x48 /usr/share/gcc-arm-none-eabi-10.3-2021.10/bin/../lib/gcc/arm-none-eabi/10.3.1/../../../../arm-none-eabi/lib/thumb/v7e-m+fp/hard/libc_nano.a(lib_a-findfp.o)
 .text._cleanup_r
                0x000000000800a9f0        0xc /usr/share/gcc-arm-none-eabi-10.3-2021.10/bin/../lib/gcc/arm-none-eabi/10.3.1/../../../../arm-none-eabi/lib/thumb/v7e-m+fp/hard/libc_nano.a(lib_a-findfp.o)
                0x000000000800a9f0                _cleanup_r
 .text.__sfmoreglue
                0x000000000800a9fc       0x2c /usr/share/gcc-arm-none-eabi-10.3-2021.10/bin/../lib/gcc/arm-none-eabi/10.3.1/../../../../arm-none-eabi/lib/thumb/v7e-m+fp/hard/libc_nano.a(lib_a-findfp.o)
                0x000000000800a9fc                __sfmoreglue
 .text.__sfp_lock_acquire
                0x000000000800aa28        0xc /usr/share/gcc-arm-none-eabi-10.3-2021.10/bin/../lib/gcc/arm-none-eabi/10.3.1/../../../../arm-none-eabi/lib/thumb/v7e-m+fp/hard/libc_nano.a(lib_a-findfp.o)
                0x000000000800aa28                __sfp_lock_acquire
 .text.__sfp_lock_release
                0x000000000800aa34        0xc /usr/share/gcc-arm-none-eabi-10.3-2021.10/bin/../lib/gcc/arm-none-eabi/10.3.1/../../../../arm-none-eabi/lib/thumb/v7e-m+fp/hard/libc_nano.a(lib_a-findfp.o)
                0x000000000800aa34                __sfp_lock_release
 .text.__sinit_lock_acquire
                0x000000000800aa40        0xc /usr/share/gcc-arm-none-eabi-10.3-2021.10/bin/../lib/gcc/arm-none-eabi/10.3.1/../../../../arm-none-eabi/lib/thumb/v7e-m+fp/hard/libc_nano.a(lib_a-findfp.o)
                0x000000000800aa40                __sinit_lock_acquire
 .text.__sinit_lock_release
                0x000000000800aa4c        0xc /usr/share/gcc-arm-none-eabi-10.3-2021.10/bin/../lib/gcc/arm-none-eabi/10.3.1/../../../../arm-none-eabi/lib/thumb/v7e-m+fp/hard/libc_nano.a(lib_a-findfp.o)
                0x000000000800aa4c                __sinit_lock_release
 .text.__sinit  0x000000000800aa58       0x70 /usr/share/gcc-arm-none-eabi-10.3-2021.10/bin/../lib/gcc/arm-none-eabi/10.3.1/../../../../arm-none-eabi/lib/thumb/v7e-m+fp/hard/libc_nano.a(lib_a-findfp.o)
                0x000000000800aa58                __sinit
 .text.__sfp    0x000000000800aac8       0x8c /usr/share/gcc-arm-none-eabi-10.3-2021.10/bin/../lib/gcc/arm-none-eabi/10.3.1/../../../../arm-none-eabi/lib/thumb/v7e-m+fp/hard/libc_nano.a(lib_a-findfp.o)
                0x000000000800aac8                __sfp
 .text.fprintf  0x000000000800ab54       0x24 /usr/share/gcc-arm-none-eabi-10.3-2021.10/bin/../lib/gcc/arm-none-eabi/10.3.1/../../../../arm-none-eabi/lib/thumb/v7e-m+fp/hard/libc_nano.a(lib_a-fprintf.o)
                0x000000000800ab54                fprintf
                0x000000000800ab54                fiprintf
 .text._fwalk_reent
                0x000000000800ab78       0x3e /usr/share/gcc-arm-none-eabi-10.3-2021.10/bin/../lib/gcc/arm-none-eabi/10.3.1/../../../../arm-none-eabi/lib/thumb/v7e-m+fp/hard/libc_nano.a(lib_a-fwalk.o)
                0x000000000800ab78                _fwalk_reent
 .text.__retarget_lock_init_recursive
                0x000000000800abb6        0x2 /usr/share/gcc-arm-none-eabi-10.3-2021.10/bin/../lib/gcc/arm-none-eabi/10.3.1/../../../../arm-none-eabi/lib/thumb/v7e-m+fp/hard/libc_nano.a(lib_a-lock.o)
                0x000000000800abb6                __retarget_lock_init_recursive
 .text.__retarget_lock_acquire_recursive
                0x000000000800abb8        0x2 /usr/share/gcc-arm-none-eabi-10.3-2021.10/bin/../lib/gcc/arm-none-eabi/10.3.1/../../../../arm-none-eabi/lib/thumb/v7e-m+fp/hard/libc_nano.a(lib_a-lock.o)
                0x000000000800abb8                __retarget_lock_acquire_recursive
 .text.__retarget_lock_release_recursive
                0x000000000800abba        0x2 /usr/share/gcc-arm-none-eabi-10.3-2021.10/bin/../lib/gcc/arm-none-eabi/10.3.1/../../../../arm-none-eabi/lib/thumb/v7e-m+fp/hard/libc_nano.a(lib_a-lock.o)
                0x000000000800abba                __retarget_lock_release_recursive
 .text.malloc   0x000000000800abbc       0x10 /usr/share/gcc-arm-none-eabi-10.3-2021.10/bin/../lib/gcc/arm-none-eabi/10.3.1/../../../../arm-none-eabi/lib/thumb/v7e-m+fp/hard/libc_nano.a(lib_a-malloc.o)
                0x000000000800abbc                malloc
 .text._free_r  0x000000000800abcc       0x98 /usr/share/gcc-arm-none-eabi-10.3-2021.10/bin/../lib/gcc/arm-none-eabi/10.3.1/../../../../arm-none-eabi/lib/thumb/v7e-m+fp/hard/libc_nano.a(lib_a-nano-freer.o)
                0x000000000800abcc                _free_r
 .text.sbrk_aligned
                0x000000000800ac64       0x40 /usr/share/gcc-arm-none-eabi-10.3-2021.10/bin/../lib/gcc/arm-none-eabi/10.3.1/../../../../arm-none-eabi/lib/thumb/v7e-m+fp/hard/libc_nano.a(lib_a-nano-mallocr.o)
 .text._malloc_r
                0x000000000800aca4       0xe8 /usr/share/gcc-arm-none-eabi-10.3-2021.10/bin/../lib/gcc/arm-none-eabi/10.3.1/../../../../arm-none-eabi/lib/thumb/v7e-m+fp/hard/libc_nano.a(lib_a-nano-mallocr.o)
                0x000000000800aca4                _malloc_r
 .text.__sfputc_r
                0x000000000800ad8c       0x2e /usr/share/gcc-arm-none-eabi-10.3-2021.10/bin/../lib/gcc/arm-none-eabi/10.3.1/../../../../arm-none-eabi/lib/thumb/v7e-m+fp/hard/libc_nano.a(lib_a-nano-vfprintf.o)
 .text.__sfputs_r
                0x000000000800adba       0x24 /usr/share/gcc-arm-none-eabi-10.3-2021.10/bin/../lib/gcc/arm-none-eabi/10.3.1/../../../../arm-none-eabi/lib/thumb/v7e-m+fp/hard/libc_nano.a(lib_a-nano-vfprintf.o)
                0x000000000800adba                __sfputs_r
 *fill*         0x000000000800adde        0x2 
 .text._vfprintf_r
                0x000000000800ade0      0x260 /usr/share/gcc-arm-none-eabi-10.3-2021.10/bin/../lib/gcc/arm-none-eabi/10.3.1/../../../../arm-none-eabi/lib/thumb/v7e-m+fp/hard/libc_nano.a(lib_a-nano-vfprintf.o)
                0x000000000800ade0                _vfiprintf_r
                0x000000000800ade0                _vfprintf_r
 .text._printf_common
                0x000000000800b040       0xda /usr/share/gcc-arm-none-eabi-10.3-2021.10/bin/../lib/gcc/arm-none-eabi/10.3.1/../../../../arm-none-eabi/lib/thumb/v7e-m+fp/hard/libc_nano.a(lib_a-nano-vfprintf_i.o)
                0x000000000800b040                _printf_common
 *fill*         0x000000000800b11a        0x2 
 .text._printf_i
                0x000000000800b11c      0x24c /usr/share/gcc-arm-none-eabi-10.3-2021.10/bin/../lib/gcc/arm-none-eabi/10.3.1/../../../../arm-none-eabi/lib/thumb/v7e-m+fp/hard/libc_nano.a(lib_a-nano-vfprintf_i.o)
                0x000000000800b11c                _printf_i
 .text._sbrk_r  0x000000000800b368       0x20 /usr/share/gcc-arm-none-eabi-10.3-2021.10/bin/../lib/gcc/arm-none-eabi/10.3.1/../../../../arm-none-eabi/lib/thumb/v7e-m+fp/hard/libc_nano.a(lib_a-sbrkr.o)
                0x000000000800b368                _sbrk_r
 .text.__sread  0x000000000800b388       0x22 /usr/share/gcc-arm-none-eabi-10.3-2021.10/bin/../lib/gcc/arm-none-eabi/10.3.1/../../../../arm-none-eabi/lib/thumb/v7e-m+fp/hard/libc_nano.a(lib_a-stdio.o)
                0x000000000800b388                __sread
 .text.__swrite
                0x000000000800b3aa       0x38 /usr/share/gcc-arm-none-eabi-10.3-2021.10/bin/../lib/gcc/arm-none-eabi/10.3.1/../../../../arm-none-eabi/lib/thumb/v7e-m+fp/hard/libc_nano.a(lib_a-stdio.o)
                0x000000000800b3aa                __swrite
 .text.__sseek  0x000000000800b3e2       0x24 /usr/share/gcc-arm-none-eabi-10.3-2021.10/bin/../lib/gcc/arm-none-eabi/10.3.1/../../../../arm-none-eabi/lib/thumb/v7e-m+fp/hard/libc_nano.a(lib_a-stdio.o)
                0x000000000800b3e2                __sseek
 .text.__sclose
                0x000000000800b406        0x8 /usr/share/gcc-arm-none-eabi-10.3-2021.10/bin/../lib/gcc/arm-none-eabi/10.3.1/../../../../arm-none-eabi/lib/thumb/v7e-m+fp/hard/libc_nano.a(lib_a-stdio.o)
                0x000000000800b406                __sclose
 *fill*         0x000000000800b40e        0x2 
 .text.__swbuf_r
                0x000000000800b410       0xa4 /usr/share/gcc-arm-none-eabi-10.3-2021.10/bin/../lib/gcc/arm-none-eabi/10.3.1/../../../../arm-none-eabi/lib/thumb/v7e-m+fp/hard/libc_nano.a(lib_a-wbuf.o)
                0x000000000800b410                __swbuf_r
 .text._write_r
                0x000000000800b4b4       0x24 /usr/share/gcc-arm-none-eabi-10.3-2021.10/bin/../lib/gcc/arm-none-eabi/10.3.1/../../../../arm-none-eabi/lib/thumb/v7e-m+fp/hard/libc_nano.a(lib_a-writer.o)
                0x000000000800b4b4                _write_r
 .text.__swsetup_r
                0x000000000800b4d8       0xdc /usr/share/gcc-arm-none-eabi-10.3-2021.10/bin/../lib/gcc/arm-none-eabi/10.3.1/../../../../arm-none-eabi/lib/thumb/v7e-m+fp/hard/libc_nano.a(lib_a-wsetup.o)
                0x000000000800b4d8                __swsetup_r
 .text.abort    0x000000000800b5b4        0xe /usr/share/gcc-arm-none-eabi-10.3-2021.10/bin/../lib/gcc/arm-none-eabi/10.3.1/../../../../arm-none-eabi/lib/thumb/v7e-m+fp/hard/libc_nano.a(lib_a-abort.o)
                0x000000000800b5b4                abort
 *fill*         0x000000000800b5c2        0x2 
 .text._close_r
                0x000000000800b5c4       0x20 /usr/share/gcc-arm-none-eabi-10.3-2021.10/bin/../lib/gcc/arm-none-eabi/10.3.1/../../../../arm-none-eabi/lib/thumb/v7e-m+fp/hard/libc_nano.a(lib_a-closer.o)
                0x000000000800b5c4                _close_r
 .text.__sflush_r
                0x000000000800b5e4      0x10c /usr/share/gcc-arm-none-eabi-10.3-2021.10/bin/../lib/gcc/arm-none-eabi/10.3.1/../../../../arm-none-eabi/lib/thumb/v7e-m+fp/hard/libc_nano.a(lib_a-fflush.o)
                0x000000000800b5e4                __sflush_r
 .text._fflush_r
                0x000000000800b6f0       0x78 /usr/share/gcc-arm-none-eabi-10.3-2021.10/bin/../lib/gcc/arm-none-eabi/10.3.1/../../../../arm-none-eabi/lib/thumb/v7e-m+fp/hard/libc_nano.a(lib_a-fflush.o)
                0x000000000800b6f0                _fflush_r
 .text._lseek_r
                0x000000000800b768       0x24 /usr/share/gcc-arm-none-eabi-10.3-2021.10/bin/../lib/gcc/arm-none-eabi/10.3.1/../../../../arm-none-eabi/lib/thumb/v7e-m+fp/hard/libc_nano.a(lib_a-lseekr.o)
                0x000000000800b768                _lseek_r
 .text.__swhatbuf_r
                0x000000000800b78c       0x4a /usr/share/gcc-arm-none-eabi-10.3-2021.10/bin/../lib/gcc/arm-none-eabi/10.3.1/../../../../arm-none-eabi/lib/thumb/v7e-m+fp/hard/libc_nano.a(lib_a-makebuf.o)
                0x000000000800b78c                __swhatbuf_r
 *fill*         0x000000000800b7d6        0x2 
 .text.__smakebuf_r
                0x000000000800b7d8       0x80 /usr/share/gcc-arm-none-eabi-10.3-2021.10/bin/../lib/gcc/arm-none-eabi/10.3.1/../../../../arm-none-eabi/lib/thumb/v7e-m+fp/hard/libc_nano.a(lib_a-makebuf.o)
                0x000000000800b7d8                __smakebuf_r
 .text.__malloc_lock
                0x000000000800b858        0xc /usr/share/gcc-arm-none-eabi-10.3-2021.10/bin/../lib/gcc/arm-none-eabi/10.3.1/../../../../arm-none-eabi/lib/thumb/v7e-m+fp/hard/libc_nano.a(lib_a-mlock.o)
                0x000000000800b858                __malloc_lock
 .text.__malloc_unlock
                0x000000000800b864        0xc /usr/share/gcc-arm-none-eabi-10.3-2021.10/bin/../lib/gcc/arm-none-eabi/10.3.1/../../../../arm-none-eabi/lib/thumb/v7e-m+fp/hard/libc_nano.a(lib_a-mlock.o)
                0x000000000800b864                __malloc_unlock
 .text._read_r  0x000000000800b870       0x24 /usr/share/gcc-arm-none-eabi-10.3-2021.10/bin/../lib/gcc/arm-none-eabi/10.3.1/../../../../arm-none-eabi/lib/thumb/v7e-m+fp/hard/libc_nano.a(lib_a-readr.o)
                0x000000000800b870                _read_r
 .text._raise_r
                0x000000000800b894       0x50 /usr/share/gcc-arm-none-eabi-10.3-2021.10/bin/../lib/gcc/arm-none-eabi/10.3.1/../../../../arm-none-eabi/lib/thumb/v7e-m+fp/hard/libc_nano.a(lib_a-signal.o)
                0x000000000800b894                _raise_r
 .text.raise    0x000000000800b8e4       0x10 /usr/share/gcc-arm-none-eabi-10.3-2021.10/bin/../lib/gcc/arm-none-eabi/10.3.1/../../../../arm-none-eabi/lib/thumb/v7e-m+fp/hard/libc_nano.a(lib_a-signal.o)
                0x000000000800b8e4                raise
 .text._kill_r  0x000000000800b8f4       0x24 /usr/share/gcc-arm-none-eabi-10.3-2021.10/bin/../lib/gcc/arm-none-eabi/10.3.1/../../../../arm-none-eabi/lib/thumb/v7e-m+fp/hard/libc_nano.a(lib_a-signalr.o)
                0x000000000800b8f4                _kill_r
 .text._getpid_r
                0x000000000800b918        0x4 /usr/share/gcc-arm-none-eabi-10.3-2021.10/bin/../lib/gcc/arm-none-eabi/10.3.1/../../../../arm-none-eabi/lib/thumb/v7e-m+fp/hard/libc_nano.a(lib_a-signalr.o)
                0x000000000800b918                _getpid_r
 .text._fstat_r
                0x000000000800b91c       0x24 /usr/share/gcc-arm-none-eabi-10.3-2021.10/bin/../lib/gcc/arm-none-eabi/10.3.1/../../../../arm-none-eabi/lib/thumb/v7e-m+fp/hard/libc_nano.a(lib_a-fstatr.o)
                0x000000000800b91c                _fstat_r
 .text._isatty_r
                0x000000000800b940       0x20 /usr/share/gcc-arm-none-eabi-10.3-2021.10/bin/../lib/gcc/arm-none-eabi/10.3.1/../../../../arm-none-eabi/lib/thumb/v7e-m+fp/hard/libc_nano.a(lib_a-isattyr.o)
                0x000000000800b940                _isatty_r
 .text._close   0x000000000800b960       0x10 /usr/share/gcc-arm-none-eabi-10.3-2021.10/bin/../lib/gcc/arm-none-eabi/10.3.1/../../../../arm-none-eabi/lib/thumb/v7e-m+fp/hard/libnosys.a(close.o)
                0x000000000800b960                _close
 .text._fstat   0x000000000800b970       0x10 /usr/share/gcc-arm-none-eabi-10.3-2021.10/bin/../lib/gcc/arm-none-eabi/10.3.1/../../../../arm-none-eabi/lib/thumb/v7e-m+fp/hard/libnosys.a(fstat.o)
                0x000000000800b970                _fstat
 .text._getpid  0x000000000800b980       0x10 /usr/share/gcc-arm-none-eabi-10.3-2021.10/bin/../lib/gcc/arm-none-eabi/10.3.1/../../../../arm-none-eabi/lib/thumb/v7e-m+fp/hard/libnosys.a(getpid.o)
                0x000000000800b980                _getpid
 .text._isatty  0x000000000800b990       0x10 /usr/share/gcc-arm-none-eabi-10.3-2021.10/bin/../lib/gcc/arm-none-eabi/10.3.1/../../../../arm-none-eabi/lib/thumb/v7e-m+fp/hard/libnosys.a(isatty.o)
                0x000000000800b990                _isatty
 .text._kill    0x000000000800b9a0       0x10 /usr/share/gcc-arm-none-eabi-10.3-2021.10/bin/../lib/gcc/arm-none-eabi/10.3.1/../../../../arm-none-eabi/lib/thumb/v7e-m+fp/hard/libnosys.a(kill.o)
                0x000000000800b9a0                _kill
 .text._lseek   0x000000000800b9b0       0x10 /usr/share/gcc-arm-none-eabi-10.3-2021.10/bin/../lib/gcc/arm-none-eabi/10.3.1/../../../../arm-none-eabi/lib/thumb/v7e-m+fp/hard/libnosys.a(lseek.o)
                0x000000000800b9b0                _lseek
 .text._read    0x000000000800b9c0       0x10 /usr/share/gcc-arm-none-eabi-10.3-2021.10/bin/../lib/gcc/arm-none-eabi/10.3.1/../../../../arm-none-eabi/lib/thumb/v7e-m+fp/hard/libnosys.a(read.o)
                0x000000000800b9c0                _read
 .text._sbrk    0x000000000800b9d0       0x1c /usr/share/gcc-arm-none-eabi-10.3-2021.10/bin/../lib/gcc/arm-none-eabi/10.3.1/../../../../arm-none-eabi/lib/thumb/v7e-m+fp/hard/libnosys.a(sbrk.o)
                0x000000000800b9d0                _sbrk
 .text._write   0x000000000800b9ec       0x10 /usr/share/gcc-arm-none-eabi-10.3-2021.10/bin/../lib/gcc/arm-none-eabi/10.3.1/../../../../arm-none-eabi/lib/thumb/v7e-m+fp/hard/libnosys.a(write.o)
                0x000000000800b9ec                _write
 .text._exit    0x000000000800b9fc        0x4 /usr/share/gcc-arm-none-eabi-10.3-2021.10/bin/../lib/gcc/arm-none-eabi/10.3.1/../../../../arm-none-eabi/lib/thumb/v7e-m+fp/hard/libnosys.a(_exit.o)
                0x000000000800b9fc                _exit
 *(.glue_7)
 .glue_7        0x000000000800ba00        0x0 linker stubs
 *(.glue_7t)
 .glue_7t       0x000000000800ba00        0x0 linker stubs
 *(.eh_frame)
 .eh_frame      0x000000000800ba00        0x0 /usr/share/gcc-arm-none-eabi-10.3-2021.10/bin/../lib/gcc/arm-none-eabi/10.3.1/thumb/v7e-m+fp/hard/crtbegin.o
 *(.init)
 .init          0x000000000800ba00        0x4 /usr/share/gcc-arm-none-eabi-10.3-2021.10/bin/../lib/gcc/arm-none-eabi/10.3.1/thumb/v7e-m+fp/hard/crti.o
                0x000000000800ba00                _init
 .init          0x000000000800ba04        0x8 /usr/share/gcc-arm-none-eabi-10.3-2021.10/bin/../lib/gcc/arm-none-eabi/10.3.1/thumb/v7e-m+fp/hard/crtn.o
 *(.fini)
 .fini          0x000000000800ba0c        0x4 /usr/share/gcc-arm-none-eabi-10.3-2021.10/bin/../lib/gcc/arm-none-eabi/10.3.1/thumb/v7e-m+fp/hard/crti.o
                0x000000000800ba0c                _fini
 .fini          0x000000000800ba10        0x8 /usr/share/gcc-arm-none-eabi-10.3-2021.10/bin/../lib/gcc/arm-none-eabi/10.3.1/thumb/v7e-m+fp/hard/crtn.o
                0x000000000800ba18                . = ALIGN (0x4)
                0x000000000800ba18                _etext = .

.vfp11_veneer   0x000000000800ba18        0x0
 .vfp11_veneer  0x000000000800ba18        0x0 linker stubs

.v4_bx          0x000000000800ba18        0x0
 .v4_bx         0x000000000800ba18        0x0 linker stubs

.iplt           0x000000000800ba18        0x0
 .iplt          0x000000000800ba18        0x0 /usr/share/gcc-arm-none-eabi-10.3-2021.10/bin/../lib/gcc/arm-none-eabi/10.3.1/thumb/v7e-m+fp/hard/crtbegin.o

.rodata         0x000000000800ba18     0x2408
                0x000000000800ba18                . = ALIGN (0x4)
 *(.rodata)
 *(.rodata*)
 .rodata.tcp_callback_received.str1.4
                0x000000000800ba18       0x1f build/tcp_client.o
 *fill*         0x000000000800ba37        0x1 
 .rodata.ethernetif_init.str1.4
                0x000000000800ba38       0x54 build/ethernetif.o
 .rodata.AHBPrescTable
                0x000000000800ba8c       0x10 build/system_stm32f7xx.o
                0x000000000800ba8c                AHBPrescTable
 .rodata.APBPrescTable
                0x000000000800ba9c        0x8 build/system_stm32f7xx.o
                0x000000000800ba9c                APBPrescTable
 .rodata.ethernet_output.str1.4
                0x000000000800baa4       0x65 build/ethernet.o
                                         0x90 (size before relaxing)
 *fill*         0x000000000800bb09        0x3 
 .rodata.ethbroadcast
                0x000000000800bb0c        0x6 build/ethernet.o
                0x000000000800bb0c                ethbroadcast
 *fill*         0x000000000800bb12        0x2 
 .rodata.ethzero
                0x000000000800bb14        0x6 build/ethernet.o
                0x000000000800bb14                ethzero
 *fill*         0x000000000800bb1a        0x2 
 .rodata.netif_issue_reports.str1.4
                0x000000000800bb1c       0x53 build/netif.o
                                         0x7c (size before relaxing)
 *fill*         0x000000000800bb6f        0x1 
 .rodata.netif_do_set_ipaddr.str1.4
                0x000000000800bb70       0x10 build/netif.o
 .rodata.netif_add.str1.4
                0x000000000800bb80       0x82 build/netif.o
 *fill*         0x000000000800bc02        0x2 
 .rodata.netif_set_up.str1.4
                0x000000000800bc04       0x1c build/netif.o
 .rodata.netif_set_down.str1.4
                0x000000000800bc20       0x1e build/netif.o
 *fill*         0x000000000800bc3e        0x2 
 .rodata.netif_set_link_up.str1.4
                0x000000000800bc40       0x21 build/netif.o
 *fill*         0x000000000800bc61        0x3 
 .rodata.netif_set_link_down.str1.4
                0x000000000800bc64       0x23 build/netif.o
 *fill*         0x000000000800bc87        0x1 
 .rodata.pbuf_add_header_impl.str1.4
                0x000000000800bc88       0x3a build/pbuf.o
                                         0x64 (size before relaxing)
 *fill*         0x000000000800bcc2        0x2 
 .rodata.pbuf_alloc_reference.str1.4
                0x000000000800bcc4       0x12 build/pbuf.o
 *fill*         0x000000000800bcd6        0x2 
 .rodata.pbuf_remove_header.str1.4
                0x000000000800bcd8       0x1e build/pbuf.o
 *fill*         0x000000000800bcf6        0x2 
 .rodata.pbuf_free.str1.4
                0x000000000800bcf8       0x4e build/pbuf.o
 *fill*         0x000000000800bd46        0x2 
 .rodata.pbuf_alloc.str1.4
                0x000000000800bd48       0xab build/pbuf.o
 *fill*         0x000000000800bdf3        0x1 
 .rodata.pbuf_realloc.str1.4
                0x000000000800bdf4       0x4c build/pbuf.o
 .rodata.pbuf_ref.str1.4
                0x000000000800be40       0x12 build/pbuf.o
 *fill*         0x000000000800be52        0x2 
 .rodata.pbuf_cat.str1.4
                0x000000000800be54       0x78 build/pbuf.o
 .rodata.pbuf_copy.str1.4
                0x000000000800becc       0x9e build/pbuf.o
 *fill*         0x000000000800bf6a        0x2 
 .rodata.pbuf_copy_partial.str1.4
                0x000000000800bf6c       0x43 build/pbuf.o
 *fill*         0x000000000800bfaf        0x1 
 .rodata.pbuf_clone.str1.4
                0x000000000800bfb0       0x11 build/pbuf.o
 *fill*         0x000000000800bfc1        0x3 
 .rodata.tcp_remove_listener.str1.4
                0x000000000800bfc4       0x52 build/tcp.o
                                         0x7c (size before relaxing)
 *fill*         0x000000000800c016        0x2 
 .rodata.tcp_listen_closed.str1.4
                0x000000000800c018       0x21 build/tcp.o
 *fill*         0x000000000800c039        0x3 
 .rodata.tcp_free_listen.str1.4
                0x000000000800c03c       0x19 build/tcp.o
 *fill*         0x000000000800c055        0x3 
 .rodata.tcp_free.str1.4
                0x000000000800c058       0x11 build/tcp.o
 *fill*         0x000000000800c069        0x3 
 .rodata.tcp_update_rcv_ann_wnd.str1.4
                0x000000000800c06c       0x3e build/tcp.o
 *fill*         0x000000000800c0aa        0x2 
 .rodata.tcp_recved.str1.4
                0x000000000800c0ac       0x3e build/tcp.o
 *fill*         0x000000000800c0ea        0x2 
 .rodata.tcp_setprio.str1.4
                0x000000000800c0ec       0x19 build/tcp.o
 *fill*         0x000000000800c105        0x3 
 .rodata.tcp_seg_copy.str1.4
                0x000000000800c108       0x1a build/tcp.o
 *fill*         0x000000000800c122        0x2 
 .rodata.tcp_recv.str1.4
                0x000000000800c124       0x27 build/tcp.o
 *fill*         0x000000000800c14b        0x1 
 .rodata.tcp_sent.str1.4
                0x000000000800c14c       0x27 build/tcp.o
 *fill*         0x000000000800c173        0x1 
 .rodata.tcp_err.str1.4
                0x000000000800c174       0x26 build/tcp.o
 *fill*         0x000000000800c19a        0x2 
 .rodata.tcp_poll.str1.4
                0x000000000800c19c       0x36 build/tcp.o
 *fill*         0x000000000800c1d2        0x2 
 .rodata.tcp_next_iss.str1.4
                0x000000000800c1d4       0x1a build/tcp.o
 *fill*         0x000000000800c1ee        0x2 
 .rodata.tcp_eff_send_mss_netif.str1.4
                0x000000000800c1f0       0x27 build/tcp.o
 *fill*         0x000000000800c217        0x1 
 .rodata.tcp_connect.str1.4
                0x000000000800c218       0x68 build/tcp.o
 .rodata.tcp_pcb_purge.str1.4
                0x000000000800c280       0x1b build/tcp.o
 *fill*         0x000000000800c29b        0x1 
 .rodata.tcp_pcb_remove.str1.4
                0x000000000800c29c       0x87 build/tcp.o
 *fill*         0x000000000800c323        0x1 
 .rodata.tcp_abandon.str1.4
                0x000000000800c324       0x4d build/tcp.o
 *fill*         0x000000000800c371        0x3 
 .rodata.tcp_netif_ip_addr_changed_pcblist.str1.4
                0x000000000800c374       0x34 build/tcp.o
 .rodata.tcp_kill_state.str1.4
                0x000000000800c3a8        0xe build/tcp.o
 *fill*         0x000000000800c3b6        0x2 
 .rodata.tcp_close_shutdown.str1.4
                0x000000000800c3b8       0x39 build/tcp.o
 *fill*         0x000000000800c3f1        0x3 
 .rodata.tcp_close.str1.4
                0x000000000800c3f4       0x17 build/tcp.o
 *fill*         0x000000000800c40b        0x1 
 .rodata.tcp_recv_null.str1.4
                0x000000000800c40c       0x1b build/tcp.o
 *fill*         0x000000000800c427        0x1 
 .rodata.tcp_process_refused_data.str1.4
                0x000000000800c428       0x26 build/tcp.o
 *fill*         0x000000000800c44e        0x2 
 .rodata.tcp_slowtmr.str1.4
                0x000000000800c450      0x1ca build/tcp.o
 *fill*         0x000000000800c61a        0x2 
 .rodata.tcp_backoff
                0x000000000800c61c        0xd build/tcp.o
 *fill*         0x000000000800c629        0x3 
 .rodata.tcp_pcb_lists
                0x000000000800c62c       0x10 build/tcp.o
                0x000000000800c62c                tcp_pcb_lists
 .rodata.tcp_persist_backoff
                0x000000000800c63c        0x7 build/tcp.o
 *fill*         0x000000000800c643        0x1 
 .rodata.udp_input_local_match.str1.4
                0x000000000800c644       0x75 build/udp.o
                                         0x9d (size before relaxing)
 *fill*         0x000000000800c6b9        0x3 
 .rodata.udp_input.str1.4
                0x000000000800c6bc       0x4f build/udp.o
 *fill*         0x000000000800c70b        0x1 
 .rodata.do_memp_malloc_pool.str1.4
                0x000000000800c70c       0x53 build/memp.o
                                         0x7c (size before relaxing)
 *fill*         0x000000000800c75f        0x1 
 .rodata.do_memp_free_pool.str1.4
                0x000000000800c760       0x20 build/memp.o
 .rodata.memp_malloc.str1.4
                0x000000000800c780       0x1d build/memp.o
 *fill*         0x000000000800c79d        0x3 
 .rodata.memp_free.str1.4
                0x000000000800c7a0       0x1b build/memp.o
 *fill*         0x000000000800c7bb        0x1 
 .rodata.memp_FRAG_PBUF
                0x000000000800c7bc        0xc build/memp.o
                0x000000000800c7bc                memp_FRAG_PBUF
 .rodata.memp_PBUF
                0x000000000800c7c8        0xc build/memp.o
                0x000000000800c7c8                memp_PBUF
 .rodata.memp_PBUF_POOL
                0x000000000800c7d4        0xc build/memp.o
                0x000000000800c7d4                memp_PBUF_POOL
 .rodata.memp_REASSDATA
                0x000000000800c7e0        0xc build/memp.o
                0x000000000800c7e0                memp_REASSDATA
 .rodata.memp_SYS_TIMEOUT
                0x000000000800c7ec        0xc build/memp.o
                0x000000000800c7ec                memp_SYS_TIMEOUT
 .rodata.memp_TCP_PCB
                0x000000000800c7f8        0xc build/memp.o
                0x000000000800c7f8                memp_TCP_PCB
 .rodata.memp_TCP_PCB_LISTEN
                0x000000000800c804        0xc build/memp.o
                0x000000000800c804                memp_TCP_PCB_LISTEN
 .rodata.memp_TCP_SEG
                0x000000000800c810        0xc build/memp.o
                0x000000000800c810                memp_TCP_SEG
 .rodata.memp_UDP_PCB
                0x000000000800c81c        0xc build/memp.o
                0x000000000800c81c                memp_UDP_PCB
 .rodata.memp_pools
                0x000000000800c828       0x24 build/memp.o
                0x000000000800c828                memp_pools
 .rodata.plug_holes.str1.4
                0x000000000800c84c       0xa6 build/mem.o
                                         0xce (size before relaxing)
 *fill*         0x000000000800c8f2        0x2 
 .rodata.mem_free.str1.4
                0x000000000800c8f4       0x9a build/mem.o
 *fill*         0x000000000800c98e        0x2 
 .rodata.mem_trim.str1.4
                0x000000000800c990       0x49 build/mem.o
 *fill*         0x000000000800c9d9        0x3 
 .rodata.mem_malloc.str1.4
                0x000000000800c9dc       0x9f build/mem.o
 *fill*         0x000000000800ca7b        0x1 
 .rodata.tcp_parseopt.str1.4
                0x000000000800ca7c       0x4a build/tcp_in.o
                                         0x74 (size before relaxing)
 *fill*         0x000000000800cac6        0x2 
 .rodata.tcp_input_delayed_close.str1.4
                0x000000000800cac8       0x25 build/tcp_in.o
 *fill*         0x000000000800caed        0x3 
 .rodata.tcp_timewait_input.str1.4
                0x000000000800caf0       0x20 build/tcp_in.o
 .rodata.tcp_listen_input.str1.4
                0x000000000800cb10       0x1e build/tcp_in.o
 *fill*         0x000000000800cb2e        0x2 
 .rodata.tcp_free_acked_segments.str1.4
                0x000000000800cb30       0x48 build/tcp_in.o
 .rodata.tcp_oos_insert_segment.str1.4
                0x000000000800cb78       0x25 build/tcp_in.o
 *fill*         0x000000000800cb9d        0x3 
 .rodata.tcp_receive.str1.4
                0x000000000800cba0      0x131 build/tcp_in.o
 *fill*         0x000000000800ccd1        0x3 
 .rodata.tcp_process.str1.4
                0x000000000800ccd4       0x86 build/tcp_in.o
 *fill*         0x000000000800cd5a        0x2 
 .rodata.tcp_input.str1.4
                0x000000000800cd5c      0x172 build/tcp_in.o
 *fill*         0x000000000800cece        0x2 
 .rodata.tcp_write_checks.str1.4
                0x000000000800ced0       0xbe build/tcp_out.o
                                         0xe6 (size before relaxing)
 *fill*         0x000000000800cf8e        0x2 
 .rodata.tcp_output_segment_busy.str1.4
                0x000000000800cf90       0x25 build/tcp_out.o
 *fill*         0x000000000800cfb5        0x3 
 .rodata.tcp_output_fill_options.str1.4
                0x000000000800cfb8       0x3b build/tcp_out.o
 *fill*         0x000000000800cff3        0x1 
 .rodata.tcp_pbuf_prealloc.str1.4
                0x000000000800cff4       0x58 build/tcp_out.o
 .rodata.tcp_create_segment.str1.4
                0x000000000800d04c       0x59 build/tcp_out.o
 *fill*         0x000000000800d0a5        0x3 
 .rodata.tcp_output_alloc_header_common.str1.4
                0x000000000800d0a8       0x2e build/tcp_out.o
 *fill*         0x000000000800d0d6        0x2 
 .rodata.tcp_output_alloc_header.str1.4
                0x000000000800d0d8       0x25 build/tcp_out.o
 *fill*         0x000000000800d0fd        0x3 
 .rodata.tcp_output_segment.str1.4
                0x000000000800d100       0x62 build/tcp_out.o
 *fill*         0x000000000800d162        0x2 
 .rodata.tcp_output_control_segment.str1.4
                0x000000000800d164       0x29 build/tcp_out.o
 *fill*         0x000000000800d18d        0x3 
 .rodata.tcp_write.str1.4
                0x000000000800d190      0x1f2 build/tcp_out.o
 *fill*         0x000000000800d382        0x2 
 .rodata.tcp_split_unsent_seg.str1.4
                0x000000000800d384       0x66 build/tcp_out.o
 *fill*         0x000000000800d3ea        0x2 
 .rodata.tcp_enqueue_flags.str1.4
                0x000000000800d3ec      0x120 build/tcp_out.o
 .rodata.tcp_send_fin.str1.4
                0x000000000800d50c       0x1a build/tcp_out.o
 *fill*         0x000000000800d526        0x2 
 .rodata.tcp_rexmit_rto_prepare.str1.4
                0x000000000800d528       0x24 build/tcp_out.o
 .rodata.tcp_rexmit.str1.4
                0x000000000800d54c       0x18 build/tcp_out.o
 .rodata.tcp_rexmit_fast.str1.4
                0x000000000800d564       0x1d build/tcp_out.o
 *fill*         0x000000000800d581        0x3 
 .rodata.tcp_rst.str1.4
                0x000000000800d584       0x37 build/tcp_out.o
 *fill*         0x000000000800d5bb        0x1 
 .rodata.tcp_send_empty_ack.str1.4
                0x000000000800d5bc       0x20 build/tcp_out.o
 .rodata.tcp_output.str1.4
                0x000000000800d5dc       0x57 build/tcp_out.o
 *fill*         0x000000000800d633        0x1 
 .rodata.tcp_rexmit_rto_commit.str1.4
                0x000000000800d634       0x23 build/tcp_out.o
 *fill*         0x000000000800d657        0x1 
 .rodata.tcp_rexmit_rto.str1.4
                0x000000000800d658       0x1c build/tcp_out.o
 .rodata.tcp_keepalive.str1.4
                0x000000000800d674       0x1b build/tcp_out.o
 *fill*         0x000000000800d68f        0x1 
 .rodata.tcp_zero_window_probe.str1.4
                0x000000000800d690       0x23 build/tcp_out.o
 *fill*         0x000000000800d6b3        0x1 
 .rodata.sys_timeout_abs.str1.4
                0x000000000800d6b4       0x71 build/timeouts.o
                                         0x9c (size before relaxing)
 *fill*         0x000000000800d725        0x3 
 .rodata.sys_timeout.str1.4
                0x000000000800d728       0x36 build/timeouts.o
 *fill*         0x000000000800d75e        0x2 
 .rodata.lwip_cyclic_timers
                0x000000000800d760       0x18 build/timeouts.o
                0x000000000800d760                lwip_cyclic_timers
 .rodata.ip_reass_dequeue_datagram.str1.4
                0x000000000800d778       0x51 build/ip4_frag.o
                                         0x7c (size before relaxing)
 *fill*         0x000000000800d7c9        0x3 
 .rodata.ip_reass_free_complete_datagram.str1.4
                0x000000000800d7cc       0x62 build/ip4_frag.o
 .rodata.ip_frag_free_pbuf_custom_ref.str1.4
                0x000000000800d82e        0xa build/ip4_frag.o
 *fill*         0x000000000800d82e        0x2 
 .rodata.ipfrag_free_pbuf_custom.str1.4
                0x000000000800d830        0xc build/ip4_frag.o
 .rodata.ip_reass_chain_frag_into_datagram_and_validate.str1.4
                0x000000000800d83c       0x8a build/ip4_frag.o
 *fill*         0x000000000800d8c6        0x2 
 .rodata.ip4_reass.str1.4
                0x000000000800d8c8       0x48 build/ip4_frag.o
 .rodata.ip4_frag.str1.4
                0x000000000800d910       0x4b build/ip4_frag.o
 *fill*         0x000000000800d95b        0x1 
 .rodata.ip4_output_if_src.str1.4
                0x000000000800d95c       0x6d build/ip4.o
                                         0x95 (size before relaxing)
 *fill*         0x000000000800d9c9        0x3 
 .rodata.etharp_find_entry.str1.4
                0x000000000800d9cc       0xc9 build/etharp.o
                                         0xf1 (size before relaxing)
 *fill*         0x000000000800da95        0x3 
 .rodata.etharp_update_arp_entry.str1.4
                0x000000000800da98       0x24 build/etharp.o
 .rodata.etharp_raw.str1.4
                0x000000000800dabc       0x75 build/etharp.o
                                         0x85 (size before relaxing)
 *fill*         0x000000000800db31        0x3 
 .rodata.etharp_get_entry.str1.4
                0x000000000800db34       0x20 build/etharp.o
 .rodata.etharp_output_to_arp_index.str1.4
                0x000000000800db54       0x30 build/etharp.o
 .rodata.etharp_query.str1.4
                0x000000000800db84       0x5e build/etharp.o
 *fill*         0x000000000800dbe2        0x2 
 .rodata.ip_addr_any
                0x000000000800dbe4        0x4 build/ip4_addr.o
                0x000000000800dbe4                ip_addr_any
 .rodata.icmp_send_response.str1.4
                0x000000000800dbe8       0x60 build/icmp.o
                                         0x88 (size before relaxing)
 .rodata.icmp_input.str1.4
                0x000000000800dc48       0x6a build/icmp.o
 *fill*         0x000000000800dcb2        0x2 
 .rodata._global_impure_ptr
                0x000000000800dcb4        0x4 /usr/share/gcc-arm-none-eabi-10.3-2021.10/bin/../lib/gcc/arm-none-eabi/10.3.1/../../../../arm-none-eabi/lib/thumb/v7e-m+fp/hard/libc_nano.a(lib_a-impure.o)
                0x000000000800dcb4                _global_impure_ptr
 .rodata.srand.str1.1
                0x000000000800dcb8       0x95 /usr/share/gcc-arm-none-eabi-10.3-2021.10/bin/../lib/gcc/arm-none-eabi/10.3.1/../../../../arm-none-eabi/lib/thumb/v7e-m+fp/hard/libc_nano.a(lib_a-rand.o)
 .rodata.__assert_func.str1.1
                0x000000000800dd4d       0x3c /usr/share/gcc-arm-none-eabi-10.3-2021.10/bin/../lib/gcc/arm-none-eabi/10.3.1/../../../../arm-none-eabi/lib/thumb/v7e-m+fp/hard/libc_nano.a(lib_a-assert.o)
                                         0x3d (size before relaxing)
 *fill*         0x000000000800dd89        0x3 
 .rodata.__sf_fake_stderr
                0x000000000800dd8c       0x20 /usr/share/gcc-arm-none-eabi-10.3-2021.10/bin/../lib/gcc/arm-none-eabi/10.3.1/../../../../arm-none-eabi/lib/thumb/v7e-m+fp/hard/libc_nano.a(lib_a-findfp.o)
                0x000000000800dd8c                __sf_fake_stderr
 .rodata.__sf_fake_stdin
                0x000000000800ddac       0x20 /usr/share/gcc-arm-none-eabi-10.3-2021.10/bin/../lib/gcc/arm-none-eabi/10.3.1/../../../../arm-none-eabi/lib/thumb/v7e-m+fp/hard/libc_nano.a(lib_a-findfp.o)
                0x000000000800ddac                __sf_fake_stdin
 .rodata.__sf_fake_stdout
                0x000000000800ddcc       0x20 /usr/share/gcc-arm-none-eabi-10.3-2021.10/bin/../lib/gcc/arm-none-eabi/10.3.1/../../../../arm-none-eabi/lib/thumb/v7e-m+fp/hard/libc_nano.a(lib_a-findfp.o)
                0x000000000800ddcc                __sf_fake_stdout
 .rodata._vfprintf_r.str1.1
                0x000000000800ddec       0x11 /usr/share/gcc-arm-none-eabi-10.3-2021.10/bin/../lib/gcc/arm-none-eabi/10.3.1/../../../../arm-none-eabi/lib/thumb/v7e-m+fp/hard/libc_nano.a(lib_a-nano-vfprintf.o)
 .rodata._printf_i.str1.1
                0x000000000800ddfd       0x22 /usr/share/gcc-arm-none-eabi-10.3-2021.10/bin/../lib/gcc/arm-none-eabi/10.3.1/../../../../arm-none-eabi/lib/thumb/v7e-m+fp/hard/libc_nano.a(lib_a-nano-vfprintf_i.o)
                0x000000000800de20                . = ALIGN (0x4)
 *fill*         0x000000000800de1f        0x1 

.ARM.extab
 *(.ARM.extab* .gnu.linkonce.armextab.*)

.ARM            0x000000000800de20        0x8
                0x000000000800de20                __exidx_start = .
 *(.ARM.exidx*)
 .ARM.exidx     0x000000000800de20        0x8 /usr/share/gcc-arm-none-eabi-10.3-2021.10/bin/../lib/gcc/arm-none-eabi/10.3.1/thumb/v7e-m+fp/hard/libgcc.a(_udivmoddi4.o)
                0x000000000800de28                __exidx_end = .

.rel.dyn        0x000000000800de28        0x0
 .rel.iplt      0x000000000800de28        0x0 /usr/share/gcc-arm-none-eabi-10.3-2021.10/bin/../lib/gcc/arm-none-eabi/10.3.1/thumb/v7e-m+fp/hard/crtbegin.o

.preinit_array  0x000000000800de28        0x0
                0x000000000800de28                PROVIDE (__preinit_array_start = .)
 *(.preinit_array*)
                0x000000000800de28                PROVIDE (__preinit_array_end = .)

.init_array     0x000000000800de28        0x4
                0x000000000800de28                PROVIDE (__init_array_start = .)
 *(SORT_BY_NAME(.init_array.*))
 *(.init_array*)
 .init_array    0x000000000800de28        0x4 /usr/share/gcc-arm-none-eabi-10.3-2021.10/bin/../lib/gcc/arm-none-eabi/10.3.1/thumb/v7e-m+fp/hard/crtbegin.o
                0x000000000800de2c                PROVIDE (__init_array_end = .)

.fini_array     0x000000000800de2c        0x4
                [!provide]                        PROVIDE (__fini_array_start = .)
 *(SORT_BY_NAME(.fini_array.*))
 *(.fini_array*)
 .fini_array    0x000000000800de2c        0x4 /usr/share/gcc-arm-none-eabi-10.3-2021.10/bin/../lib/gcc/arm-none-eabi/10.3.1/thumb/v7e-m+fp/hard/crtbegin.o
                [!provide]                        PROVIDE (__fini_array_end = .)
                0x000000000800de30                _sidata = LOADADDR (.data)

.data           0x0000000020000000       0x78 load address 0x000000000800de30
                0x0000000020000000                . = ALIGN (0x4)
                0x0000000020000000                _sdata = .
 *(.data)
 *(.data*)
 .data.uwTickFreq
                0x0000000020000000        0x1 build/stm32f7xx_hal.o
                0x0000000020000000                uwTickFreq
 *fill*         0x0000000020000001        0x3 
 .data.uwTickPrio
                0x0000000020000004        0x4 build/stm32f7xx_hal.o
                0x0000000020000004                uwTickPrio
 .data.SystemCoreClock
                0x0000000020000008        0x4 build/system_stm32f7xx.o
                0x0000000020000008                SystemCoreClock
 .data.iss.0    0x000000002000000c        0x4 build/tcp.o
 .data.tcp_port
                0x0000000020000010        0x2 build/tcp.o
 .data.udp_port
                0x0000000020000012        0x2 build/udp.o
 .data._impure_ptr
                0x0000000020000014        0x4 /usr/share/gcc-arm-none-eabi-10.3-2021.10/bin/../lib/gcc/arm-none-eabi/10.3.1/../../../../arm-none-eabi/lib/thumb/v7e-m+fp/hard/libc_nano.a(lib_a-impure.o)
                0x0000000020000014                _impure_ptr
 .data.impure_data
                0x0000000020000018       0x60 /usr/share/gcc-arm-none-eabi-10.3-2021.10/bin/../lib/gcc/arm-none-eabi/10.3.1/../../../../arm-none-eabi/lib/thumb/v7e-m+fp/hard/libc_nano.a(lib_a-impure.o)
                0x0000000020000078                . = ALIGN (0x4)
                0x0000000020000078                _edata = .

.igot.plt       0x0000000020000078        0x0 load address 0x000000000800dea8
 .igot.plt      0x0000000020000078        0x0 /usr/share/gcc-arm-none-eabi-10.3-2021.10/bin/../lib/gcc/arm-none-eabi/10.3.1/thumb/v7e-m+fp/hard/crtbegin.o
                0x0000000020000078                . = ALIGN (0x4)

.bss            0x0000000020000078     0x6de0 load address 0x000000000800dea8
                0x0000000020000078                _sbss = .
                0x0000000020000078                __bss_start__ = _sbss
 *(.bss)
 .bss           0x0000000020000078       0x1c /usr/share/gcc-arm-none-eabi-10.3-2021.10/bin/../lib/gcc/arm-none-eabi/10.3.1/thumb/v7e-m+fp/hard/crtbegin.o
 *(.bss*)
 .bss.nRead     0x0000000020000094        0x2 build/tcp_client.o
                0x0000000020000094                nRead
 .bss.nWritten  0x0000000020000096        0x2 build/tcp_client.o
                0x0000000020000096                nWritten
 .bss.packet    0x0000000020000098      0x100 build/tcp_client.o
                0x0000000020000098                packet
 .bss.pcb_client
                0x0000000020000198        0x4 build/tcp_client.o
 .bss.server_addr
                0x000000002000019c        0x4 build/tcp_client.o
 .bss.huart3    0x00000000200001a0       0x84 build/usart.o
                0x00000000200001a0                huart3
 .bss.hpcd_USB_OTG_FS
                0x0000000020000224      0x404 build/usb_otg.o
                0x0000000020000224                hpcd_USB_OTG_FS
 .bss.timeCounter
                0x0000000020000628        0x4 build/stm32f7xx_it.o
                0x0000000020000628                timeCounter
 .bss.timeFlag  0x000000002000062c        0x1 build/stm32f7xx_it.o
                0x000000002000062c                timeFlag
 *fill*         0x000000002000062d        0x3 
 .bss.GATEWAY_ADDRESS
                0x0000000020000630        0x4 build/lwip.o
                0x0000000020000630                GATEWAY_ADDRESS
 .bss.IP_ADDRESS
                0x0000000020000634        0x4 build/lwip.o
                0x0000000020000634                IP_ADDRESS
 .bss.NETMASK_ADDRESS
                0x0000000020000638        0x4 build/lwip.o
                0x0000000020000638                NETMASK_ADDRESS
 .bss.gnetif    0x000000002000063c       0x34 build/lwip.o