Archive member included to satisfy reference by file (symbol)

/usr/share/gcc-arm-none-eabi-10.3-2021.10/bin/../lib/gcc/arm-none-eabi/10.3.1/../../../../arm-none-eabi/lib/thumb/v7e-m+fp/hard/libc_nano.a(lib_a-atoi.o)
                              build/netif.o (atoi)
/usr/share/gcc-arm-none-eabi-10.3-2021.10/bin/../lib/gcc/arm-none-eabi/10.3.1/../../../../arm-none-eabi/lib/thumb/v7e-m+fp/hard/libc_nano.a(lib_a-ctype_.o)
                              build/ip4_addr.o (_ctype_)
/usr/share/gcc-arm-none-eabi-10.3-2021.10/bin/../lib/gcc/arm-none-eabi/10.3.1/../../../../arm-none-eabi/lib/thumb/v7e-m+fp/hard/libc_nano.a(lib_a-exit.o)
                              /usr/share/gcc-arm-none-eabi-10.3-2021.10/bin/../lib/gcc/arm-none-eabi/10.3.1/../../../../arm-none-eabi/lib/thumb/v7e-m+fp/hard/crt0.o (exit)
/usr/share/gcc-arm-none-eabi-10.3-2021.10/bin/../lib/gcc/arm-none-eabi/10.3.1/../../../../arm-none-eabi/lib/thumb/v7e-m+fp/hard/libc_nano.a(lib_a-impure.o)
                              /usr/share/gcc-arm-none-eabi-10.3-2021.10/bin/../lib/gcc/arm-none-eabi/10.3.1/../../../../arm-none-eabi/lib/thumb/v7e-m+fp/hard/libc_nano.a(lib_a-exit.o) (_global_impure_ptr)
/usr/share/gcc-arm-none-eabi-10.3-2021.10/bin/../lib/gcc/arm-none-eabi/10.3.1/../../../../arm-none-eabi/lib/thumb/v7e-m+fp/hard/libc_nano.a(lib_a-init.o)
                              /usr/share/gcc-arm-none-eabi-10.3-2021.10/bin/../lib/gcc/arm-none-eabi/10.3.1/../../../../arm-none-eabi/lib/thumb/v7e-m+fp/hard/crt0.o (__libc_init_array)
/usr/share/gcc-arm-none-eabi-10.3-2021.10/bin/../lib/gcc/arm-none-eabi/10.3.1/../../../../arm-none-eabi/lib/thumb/v7e-m+fp/hard/libc_nano.a(lib_a-memcmp.o)
                              build/bridgeif_fdb.o (memcmp)
/usr/share/gcc-arm-none-eabi-10.3-2021.10/bin/../lib/gcc/arm-none-eabi/10.3.1/../../../../arm-none-eabi/lib/thumb/v7e-m+fp/hard/libc_nano.a(lib_a-memcpy-stub.o)
                              build/ethernetif.o (memcpy)
/usr/share/gcc-arm-none-eabi-10.3-2021.10/bin/../lib/gcc/arm-none-eabi/10.3.1/../../../../arm-none-eabi/lib/thumb/v7e-m+fp/hard/libc_nano.a(lib_a-memmove.o)
                              build/def.o (memmove)
/usr/share/gcc-arm-none-eabi-10.3-2021.10/bin/../lib/gcc/arm-none-eabi/10.3.1/../../../../arm-none-eabi/lib/thumb/v7e-m+fp/hard/libc_nano.a(lib_a-memset.o)
                              /usr/share/gcc-arm-none-eabi-10.3-2021.10/bin/../lib/gcc/arm-none-eabi/10.3.1/../../../../arm-none-eabi/lib/thumb/v7e-m+fp/hard/crt0.o (memset)
/usr/share/gcc-arm-none-eabi-10.3-2021.10/bin/../lib/gcc/arm-none-eabi/10.3.1/../../../../arm-none-eabi/lib/thumb/v7e-m+fp/hard/libc_nano.a(lib_a-printf.o)
                              build/ethernetif.o (printf)
/usr/share/gcc-arm-none-eabi-10.3-2021.10/bin/../lib/gcc/arm-none-eabi/10.3.1/../../../../arm-none-eabi/lib/thumb/v7e-m+fp/hard/libc_nano.a(lib_a-rand.o)
                              build/tcp.o (rand)
/usr/share/gcc-arm-none-eabi-10.3-2021.10/bin/../lib/gcc/arm-none-eabi/10.3.1/../../../../arm-none-eabi/lib/thumb/v7e-m+fp/hard/libc_nano.a(lib_a-strlen.o)
                              build/pbuf.o (strlen)
/usr/share/gcc-arm-none-eabi-10.3-2021.10/bin/../lib/gcc/arm-none-eabi/10.3.1/../../../../arm-none-eabi/lib/thumb/v7e-m+fp/hard/libc_nano.a(lib_a-strncmp.o)
                              build/def.o (strncmp)
/usr/share/gcc-arm-none-eabi-10.3-2021.10/bin/../lib/gcc/arm-none-eabi/10.3.1/../../../../arm-none-eabi/lib/thumb/v7e-m+fp/hard/libc_nano.a(lib_a-strtol.o)
                              /usr/share/gcc-arm-none-eabi-10.3-2021.10/bin/../lib/gcc/arm-none-eabi/10.3.1/../../../../arm-none-eabi/lib/thumb/v7e-m+fp/hard/libc_nano.a(lib_a-atoi.o) (_strtol_r)
/usr/share/gcc-arm-none-eabi-10.3-2021.10/bin/../lib/gcc/arm-none-eabi/10.3.1/../../../../arm-none-eabi/lib/thumb/v7e-m+fp/hard/libc_nano.a(lib_a-assert.o)
                              /usr/share/gcc-arm-none-eabi-10.3-2021.10/bin/../lib/gcc/arm-none-eabi/10.3.1/../../../../arm-none-eabi/lib/thumb/v7e-m+fp/hard/libc_nano.a(lib_a-rand.o) (__assert_func)
/usr/share/gcc-arm-none-eabi-10.3-2021.10/bin/../lib/gcc/arm-none-eabi/10.3.1/../../../../arm-none-eabi/lib/thumb/v7e-m+fp/hard/libc_nano.a(lib_a-errno.o)
                              /usr/share/gcc-arm-none-eabi-10.3-2021.10/bin/../lib/gcc/arm-none-eabi/10.3.1/../../../../arm-none-eabi/lib/thumb/v7e-m+fp/hard/libc_nano.a(lib_a-strtol.o) (__errno)
/usr/share/gcc-arm-none-eabi-10.3-2021.10/bin/../lib/gcc/arm-none-eabi/10.3.1/../../../../arm-none-eabi/lib/thumb/v7e-m+fp/hard/libc_nano.a(lib_a-findfp.o)
                              /usr/share/gcc-arm-none-eabi-10.3-2021.10/bin/../lib/gcc/arm-none-eabi/10.3.1/../../../../arm-none-eabi/lib/thumb/v7e-m+fp/hard/libc_nano.a(lib_a-printf.o) (__sinit)
/usr/share/gcc-arm-none-eabi-10.3-2021.10/bin/../lib/gcc/arm-none-eabi/10.3.1/../../../../arm-none-eabi/lib/thumb/v7e-m+fp/hard/libc_nano.a(lib_a-fprintf.o)
[...]
Memory Configuration

Name             Origin             Length             Attributes
RAM              0x0000000020000000 0x0000000000050000 xrw
FLASH            0x0000000008000000 0x0000000000100000 xr
*default*        0x0000000000000000 0xffffffffffffffff

Linker script and memory map

LOAD /usr/share/gcc-arm-none-eabi-10.3-2021.10/bin/../lib/gcc/arm-none-eabi/10.3.1/thumb/v7e-m+fp/hard/crti.o
LOAD /usr/share/gcc-arm-none-eabi-10.3-2021.10/bin/../lib/gcc/arm-none-eabi/10.3.1/thumb/v7e-m+fp/hard/crtbegin.o
LOAD /usr/share/gcc-arm-none-eabi-10.3-2021.10/bin/../lib/gcc/arm-none-eabi/10.3.1/../../../../arm-none-eabi/lib/thumb/v7e-m+fp/hard/crt0.o
LOAD build/main.o
LOAD build/gpio.o
LOAD build/usart.o
LOAD build/usb_otg.o
LOAD build/stm32f7xx_it.o
LOAD build/stm32f7xx_hal_msp.o
LOAD build/lwip.o
LOAD build/ethernetif.o
LOAD build/stm32f7xx_hal_eth.o
LOAD build/stm32f7xx_hal_rcc.o
LOAD build/stm32f7xx_hal_rcc_ex.o
LOAD build/stm32f7xx_hal_flash.o
LOAD build/stm32f7xx_hal_flash_ex.o
LOAD build/stm32f7xx_hal_gpio.o
LOAD build/stm32f7xx_hal_dma.o
LOAD build/stm32f7xx_hal_dma_ex.o
LOAD build/stm32f7xx_hal_pwr.o
LOAD build/stm32f7xx_hal_pwr_ex.o
LOAD build/stm32f7xx_hal_cortex.o
LOAD build/stm32f7xx_hal.o
LOAD build/stm32f7xx_hal_i2c.o
LOAD build/stm32f7xx_hal_i2c_ex.o
LOAD build/stm32f7xx_hal_exti.o
LOAD build/stm32f7xx_hal_tim.o
LOAD build/stm32f7xx_hal_tim_ex.o
LOAD build/stm32f7xx_hal_uart.o
LOAD build/stm32f7xx_hal_uart_ex.o
LOAD build/stm32f7xx_hal_pcd.o
LOAD build/stm32f7xx_hal_pcd_ex.o
LOAD build/stm32f7xx_ll_usb.o
LOAD build/system_stm32f7xx.o
LOAD build/auth.o
LOAD build/ccp.o
LOAD build/chap_ms.o
LOAD build/chap-md5.o
LOAD build/chap-new.o
LOAD build/demand.o
LOAD build/eap.o
LOAD build/eui64.o
LOAD build/fsm.o
LOAD build/ipcp.o
LOAD build/ipv6cp.o
LOAD build/lcp.o
LOAD build/magic.o
LOAD build/mppe.o
LOAD build/multilink.o
LOAD build/ppp.o
LOAD build/pppapi.o
LOAD build/pppcrypt.o
LOAD build/pppoe.o
LOAD build/pppol2tp.o
LOAD build/pppos.o
LOAD build/upap.o
LOAD build/utils.o
LOAD build/vj.o
LOAD build/bridgeif.o
LOAD build/bridgeif_fdb.o
LOAD build/ethernet.o
LOAD build/lowpan6.o
LOAD build/lowpan6_ble.o
LOAD build/lowpan6_common.o
LOAD build/slipif.o
LOAD build/zepif.o
LOAD build/ecp.o
LOAD build/api_msg.o
LOAD build/netbuf.o
LOAD build/if_api.o
LOAD build/netifapi.o
LOAD build/err.o
LOAD build/sockets.o
LOAD build/netdb.o
LOAD build/api_lib.o
LOAD build/tcpip.o
LOAD build/netif.o
LOAD build/pbuf.o
LOAD build/altcp.o
LOAD build/tcp.o
LOAD build/stats.o
LOAD build/dns.o
LOAD build/def.o
LOAD build/udp.o
LOAD build/raw.o
LOAD build/init.o
LOAD build/memp.o
LOAD build/ip.o
LOAD build/mem.o
LOAD build/altcp_alloc.o
LOAD build/tcp_in.o
LOAD build/tcp_out.o
LOAD build/timeouts.o
LOAD build/sys.o
LOAD build/altcp_tcp.o
LOAD build/inet_chksum.o
LOAD build/ip4_frag.o
LOAD build/ip4.o
LOAD build/etharp.o
LOAD build/dhcp.o
LOAD build/autoip.o
LOAD build/ip4_addr.o
LOAD build/icmp.o
LOAD build/igmp.o
LOAD build/ip6_frag.o
LOAD build/mld6.o
LOAD build/ip6.o
LOAD build/dhcp6.o
LOAD build/inet6.o
LOAD build/icmp6.o
LOAD build/ip6_addr.o
LOAD build/nd6.o
LOAD build/ethip6.o
LOAD build/mqtt.o
LOAD build/startup_stm32f746xx.o
LOAD /usr/share/gcc-arm-none-eabi-10.3-2021.10/bin/../lib/gcc/arm-none-eabi/10.3.1/../../../../arm-none-eabi/lib/thumb/v7e-m+fp/hard/libc_nano.a
LOAD /usr/share/gcc-arm-none-eabi-10.3-2021.10/bin/../lib/gcc/arm-none-eabi/10.3.1/../../../../arm-none-eabi/lib/thumb/v7e-m+fp/hard/libm.a
LOAD /usr/share/gcc-arm-none-eabi-10.3-2021.10/bin/../lib/gcc/arm-none-eabi/10.3.1/../../../../arm-none-eabi/lib/thumb/v7e-m+fp/hard/libnosys.a
START GROUP
LOAD /usr/share/gcc-arm-none-eabi-10.3-2021.10/bin/../lib/gcc/arm-none-eabi/10.3.1/thumb/v7e-m+fp/hard/libgcc.a
LOAD /usr/share/gcc-arm-none-eabi-10.3-2021.10/bin/../lib/gcc/arm-none-eabi/10.3.1/../../../../arm-none-eabi/lib/thumb/v7e-m+fp/hard/libc_nano.a
END GROUP
START GROUP
LOAD /usr/share/gcc-arm-none-eabi-10.3-2021.10/bin/../lib/gcc/arm-none-eabi/10.3.1/thumb/v7e-m+fp/hard/libgcc.a
LOAD /usr/share/gcc-arm-none-eabi-10.3-2021.10/bin/../lib/gcc/arm-none-eabi/10.3.1/../../../../arm-none-eabi/lib/thumb/v7e-m+fp/hard/libc_nano.a
END GROUP
LOAD /usr/share/gcc-arm-none-eabi-10.3-2021.10/bin/../lib/gcc/arm-none-eabi/10.3.1/thumb/v7e-m+fp/hard/crtend.o
LOAD /usr/share/gcc-arm-none-eabi-10.3-2021.10/bin/../lib/gcc/arm-none-eabi/10.3.1/thumb/v7e-m+fp/hard/crtn.o
                0x0000000020050000                _estack = 0x20050000
                0x0000000000000200                _Min_Heap_Size = 0x200
                0x0000000000000400                _Min_Stack_Size = 0x400

.isr_vector     0x0000000008000000      0x1c8
                0x0000000008000000                . = ALIGN (0x4)
 *(.isr_vector)
 .isr_vector    0x0000000008000000      0x1c8 build/startup_stm32f746xx.o
                0x0000000008000000                g_pfnVectors
                0x00000000080001c8                . = ALIGN (0x4)

.text           0x00000000080001d0     0xa8c4
                0x00000000080001d0                . = ALIGN (0x4)
 *(.text)
 .text          0x00000000080001d0       0x40 /usr/share/gcc-arm-none-eabi-10.3-2021.10/bin/../lib/gcc/arm-none-eabi/10.3.1/thumb/v7e-m+fp/hard/crtbegin.o
 .text          0x0000000008000210       0xa0 /usr/share/gcc-arm-none-eabi-10.3-2021.10/bin/../lib/gcc/arm-none-eabi/10.3.1/../../../../arm-none-eabi/lib/thumb/v7e-m+fp/hard/libc_nano.a(lib_a-memchr.o)
                0x0000000008000210                memchr
 .text          0x00000000080002b0       0x30 /usr/share/gcc-arm-none-eabi-10.3-2021.10/bin/../lib/gcc/arm-none-eabi/10.3.1/thumb/v7e-m+fp/hard/libgcc.a(_aeabi_uldivmod.o)
                0x00000000080002b0                __aeabi_uldivmod
 .text          0x00000000080002e0      0x2d0 /usr/share/gcc-arm-none-eabi-10.3-2021.10/bin/../lib/gcc/arm-none-eabi/10.3.1/thumb/v7e-m+fp/hard/libgcc.a(_udivmoddi4.o)
                0x00000000080002e0                __udivmoddi4
 .text          0x00000000080005b0        0x4 /usr/share/gcc-arm-none-eabi-10.3-2021.10/bin/../lib/gcc/arm-none-eabi/10.3.1/thumb/v7e-m+fp/hard/libgcc.a(_dvmd_tls.o)
                0x00000000080005b0                __aeabi_ldiv0
                0x00000000080005b0                __aeabi_idiv0
 *(.text*)
 .text.Error_Handler
                0x00000000080005b4        0x4 build/main.o
                0x00000000080005b4                Error_Handler
 .text.SystemClock_Config
                0x00000000080005b8       0xc8 build/main.o
                0x00000000080005b8                SystemClock_Config
 .text.main     0x0000000008000680       0x1c build/main.o
                0x0000000008000680                main
 .text.MX_GPIO_Init
                0x000000000800069c       0xfc build/gpio.o
                0x000000000800069c                MX_GPIO_Init
 .text.MX_USART3_UART_Init
                0x0000000008000798       0x38 build/usart.o
                0x0000000008000798                MX_USART3_UART_Init
 .text.HAL_UART_MspInit
                0x00000000080007d0       0x6c build/usart.o
                0x00000000080007d0                HAL_UART_MspInit
 .text.MX_USB_OTG_FS_PCD_Init
                0x000000000800083c       0x38 build/usb_otg.o
                0x000000000800083c                MX_USB_OTG_FS_PCD_Init
 .text.HAL_PCD_MspInit
                0x0000000008000874       0x90 build/usb_otg.o
                0x0000000008000874                HAL_PCD_MspInit
 .text.NMI_Handler
                0x0000000008000904        0x2 build/stm32f7xx_it.o
                0x0000000008000904                NMI_Handler
 .text.HardFault_Handler
                0x0000000008000906        0x2 build/stm32f7xx_it.o
                0x0000000008000906                HardFault_Handler
 .text.MemManage_Handler
                0x0000000008000908        0x2 build/stm32f7xx_it.o
                0x0000000008000908                MemManage_Handler
 .text.BusFault_Handler
                0x000000000800090a        0x2 build/stm32f7xx_it.o
                0x000000000800090a                BusFault_Handler
 .text.UsageFault_Handler
                0x000000000800090c        0x2 build/stm32f7xx_it.o
                0x000000000800090c                UsageFault_Handler
 .text.SVC_Handler
                0x000000000800090e        0x2 build/stm32f7xx_it.o
                0x000000000800090e                SVC_Handler
 .text.DebugMon_Handler
                0x0000000008000910        0x2 build/stm32f7xx_it.o
                0x0000000008000910                DebugMon_Handler
 .text.PendSV_Handler
                0x0000000008000912        0x2 build/stm32f7xx_it.o
                0x0000000008000912                PendSV_Handler
 .text.SysTick_Handler
                0x0000000008000914        0x8 build/stm32f7xx_it.o
                0x0000000008000914                SysTick_Handler
 .text.HAL_MspInit
                0x000000000800091c       0x30 build/stm32f7xx_hal_msp.o
                0x000000000800091c                HAL_MspInit
 .text.MX_LWIP_Init
                0x000000000800094c      0x120 build/lwip.o
                0x000000000800094c                MX_LWIP_Init
 .text.low_level_output
                0x0000000008000a6c       0xb8 build/ethernetif.o
 .text.low_level_init
                0x0000000008000b24       0xd8 build/ethernetif.o
 .text.HAL_ETH_MspInit
                0x0000000008000bfc      0x110 build/ethernetif.o
                0x0000000008000bfc                HAL_ETH_MspInit
 .text.ethernetif_init
                0x0000000008000d0c       0x48 build/ethernetif.o
                0x0000000008000d0c                ethernetif_init
 .text.sys_now  0x0000000008000d54        0x8 build/ethernetif.o
                0x0000000008000d54                sys_now
 .text.ethernetif_notify_conn_changed
                0x0000000008000d5c        0x2 build/ethernetif.o
                0x0000000008000d5c                ethernetif_notify_conn_changed
 *fill*         0x0000000008000d5e        0x2 
 .text.ethernetif_update_config
                0x0000000008000d60       0xc8 build/ethernetif.o
                0x0000000008000d60                ethernetif_update_config
 .text.ETH_MACAddressConfig
                0x0000000008000e28       0x30 build/stm32f7xx_hal_eth.o
 .text.ETH_DMATransmissionEnable
                0x0000000008000e58       0x10 build/stm32f7xx_hal_eth.o
 .text.ETH_DMATransmissionDisable
                0x0000000008000e68       0x10 build/stm32f7xx_hal_eth.o
 .text.ETH_DMAReceptionEnable
                0x0000000008000e78       0x10 build/stm32f7xx_hal_eth.o
 .text.ETH_DMAReceptionDisable
                0x0000000008000e88       0x10 build/stm32f7xx_hal_eth.o
 .text.ETH_MACDMAConfig
                0x0000000008000e98      0x19c build/stm32f7xx_hal_eth.o
 .text.ETH_MACTransmissionEnable
                0x0000000008001034       0x2a build/stm32f7xx_hal_eth.o
 .text.ETH_MACReceptionEnable
                0x000000000800105e       0x2a build/stm32f7xx_hal_eth.o
 .text.ETH_FlushTransmitFIFO
                0x0000000008001088       0x36 build/stm32f7xx_hal_eth.o
 .text.ETH_MACReceptionDisable
                0x00000000080010be       0x2a build/stm32f7xx_hal_eth.o
 .text.ETH_MACTransmissionDisable
                0x00000000080010e8       0x2a build/stm32f7xx_hal_eth.o
 .text.HAL_ETH_DMATxDescListInit
                0x0000000008001112       0x80 build/stm32f7xx_hal_eth.o
                0x0000000008001112                HAL_ETH_DMATxDescListInit
 .text.HAL_ETH_DMARxDescListInit
                0x0000000008001192       0x7c build/stm32f7xx_hal_eth.o
                0x0000000008001192                HAL_ETH_DMARxDescListInit
 *fill*         0x000000000800120e        0x2 
 .text.HAL_ETH_TransmitFrame
                0x0000000008001210      0x12c build/stm32f7xx_hal_eth.o
                0x0000000008001210                HAL_ETH_TransmitFrame
 .text.HAL_ETH_ReadPHYRegister
                0x000000000800133c       0x78 build/stm32f7xx_hal_eth.o
                0x000000000800133c                HAL_ETH_ReadPHYRegister
 .text.HAL_ETH_WritePHYRegister
                0x00000000080013b4       0x74 build/stm32f7xx_hal_eth.o
                0x00000000080013b4                HAL_ETH_WritePHYRegister
 .text.HAL_ETH_Init
                0x0000000008001428      0x254 build/stm32f7xx_hal_eth.o
                0x0000000008001428                HAL_ETH_Init
 .text.HAL_ETH_Start
                0x000000000800167c       0x44 build/stm32f7xx_hal_eth.o
                0x000000000800167c                HAL_ETH_Start
 .text.HAL_ETH_Stop
                0x00000000080016c0       0x44 build/stm32f7xx_hal_eth.o
                0x00000000080016c0                HAL_ETH_Stop
 .text.HAL_ETH_ConfigMAC
                0x0000000008001704      0x130 build/stm32f7xx_hal_eth.o
                0x0000000008001704                HAL_ETH_ConfigMAC
 .text.HAL_RCC_OscConfig
                0x0000000008001834      0x434 build/stm32f7xx_hal_rcc.o
                0x0000000008001834                HAL_RCC_OscConfig
 .text.HAL_RCC_GetSysClockFreq
                0x0000000008001c68       0xd4 build/stm32f7xx_hal_rcc.o
                0x0000000008001c68                HAL_RCC_GetSysClockFreq
 .text.HAL_RCC_ClockConfig
                0x0000000008001d3c      0x16c build/stm32f7xx_hal_rcc.o
                0x0000000008001d3c                HAL_RCC_ClockConfig
 .text.HAL_RCC_GetHCLKFreq
                0x0000000008001ea8        0xc build/stm32f7xx_hal_rcc.o
                0x0000000008001ea8                HAL_RCC_GetHCLKFreq
 .text.HAL_RCC_GetPCLK1Freq
                0x0000000008001eb4       0x20 build/stm32f7xx_hal_rcc.o
                0x0000000008001eb4                HAL_RCC_GetPCLK1Freq
 .text.HAL_RCC_GetPCLK2Freq
                0x0000000008001ed4       0x20 build/stm32f7xx_hal_rcc.o
                0x0000000008001ed4                HAL_RCC_GetPCLK2Freq
 .text.HAL_RCCEx_PeriphCLKConfig
                0x0000000008001ef4      0x5ac build/stm32f7xx_hal_rcc_ex.o
                0x0000000008001ef4                HAL_RCCEx_PeriphCLKConfig
 .text.HAL_GPIO_Init
                0x00000000080024a0      0x1f8 build/stm32f7xx_hal_gpio.o
                0x00000000080024a0                HAL_GPIO_Init
 .text.HAL_GPIO_WritePin
                0x0000000008002698        0xc build/stm32f7xx_hal_gpio.o
                0x0000000008002698                HAL_GPIO_WritePin
 .text.HAL_PWR_EnableBkUpAccess
                0x00000000080026a4       0x10 build/stm32f7xx_hal_pwr.o
                0x00000000080026a4                HAL_PWR_EnableBkUpAccess
 .text.HAL_NVIC_SetPriorityGrouping
                0x00000000080026b4       0x24 build/stm32f7xx_hal_cortex.o
                0x00000000080026b4                HAL_NVIC_SetPriorityGrouping
 .text.HAL_NVIC_SetPriority
                0x00000000080026d8       0x6c build/stm32f7xx_hal_cortex.o
                0x00000000080026d8                HAL_NVIC_SetPriority
 .text.HAL_SYSTICK_Config
                0x0000000008002744       0x28 build/stm32f7xx_hal_cortex.o
                0x0000000008002744                HAL_SYSTICK_Config
 .text.HAL_InitTick
                0x000000000800276c       0x4c build/stm32f7xx_hal.o
                0x000000000800276c                HAL_InitTick
 .text.HAL_Init
                0x00000000080027b8       0x16 build/stm32f7xx_hal.o
                0x00000000080027b8                HAL_Init
 *fill*         0x00000000080027ce        0x2 
 .text.HAL_IncTick
                0x00000000080027d0       0x18 build/stm32f7xx_hal.o
                0x00000000080027d0                HAL_IncTick
 .text.HAL_GetTick
                0x00000000080027e8        0xc build/stm32f7xx_hal.o
                0x00000000080027e8                HAL_GetTick
 .text.HAL_Delay
                0x00000000080027f4       0x28 build/stm32f7xx_hal.o
                0x00000000080027f4                HAL_Delay
 .text.UART_SetConfig
                0x000000000800281c      0x330 build/stm32f7xx_hal_uart.o
                0x000000000800281c                UART_SetConfig
 .text.UART_AdvFeatureConfig
                0x0000000008002b4c       0xca build/stm32f7xx_hal_uart.o
                0x0000000008002b4c                UART_AdvFeatureConfig
 .text.UART_WaitOnFlagUntilTimeout
                0x0000000008002c16       0xd4 build/stm32f7xx_hal_uart.o
                0x0000000008002c16                UART_WaitOnFlagUntilTimeout
 .text.UART_CheckIdleState
                0x0000000008002cea       0x48 build/stm32f7xx_hal_uart.o
                0x0000000008002cea                UART_CheckIdleState
 .text.HAL_UART_Init
                0x0000000008002d32       0x62 build/stm32f7xx_hal_uart.o
                0x0000000008002d32                HAL_UART_Init
 .text.HAL_PCD_Init
                0x0000000008002d94      0x13c build/stm32f7xx_hal_pcd.o
                0x0000000008002d94                HAL_PCD_Init
 .text.HAL_PCDEx_ActivateLPM
                0x0000000008002ed0       0x28 build/stm32f7xx_hal_pcd_ex.o
                0x0000000008002ed0                HAL_PCDEx_ActivateLPM
 .text.USB_CoreReset
                0x0000000008002ef8       0x4c build/stm32f7xx_ll_usb.o
 .text.USB_CoreInit
                0x0000000008002f44       0x7c build/stm32f7xx_ll_usb.o
                0x0000000008002f44                USB_CoreInit
 .text.USB_DisableGlobalInt
                0x0000000008002fc0        0xc build/stm32f7xx_ll_usb.o
                0x0000000008002fc0                USB_DisableGlobalInt
 .text.USB_FlushTxFifo
                0x0000000008002fcc       0x4c build/stm32f7xx_ll_usb.o
                0x0000000008002fcc                USB_FlushTxFifo
 .text.USB_FlushRxFifo
                0x0000000008003018       0x48 build/stm32f7xx_ll_usb.o
                0x0000000008003018                USB_FlushRxFifo
 .text.USB_SetDevSpeed
                0x0000000008003060        0xe build/stm32f7xx_ll_usb.o
                0x0000000008003060                USB_SetDevSpeed
 *fill*         0x000000000800306e        0x2 
 .text.USB_DevInit
                0x0000000008003070      0x188 build/stm32f7xx_ll_usb.o
                0x0000000008003070                USB_DevInit
 .text.USB_DevDisconnect
                0x00000000080031f8       0x1c build/stm32f7xx_ll_usb.o
                0x00000000080031f8                USB_DevDisconnect
 .text.USB_GetMode
                0x0000000008003214        0x8 build/stm32f7xx_ll_usb.o
                0x0000000008003214                USB_GetMode
 .text.USB_SetCurrentMode
                0x000000000800321c       0x62 build/stm32f7xx_ll_usb.o
                0x000000000800321c                USB_SetCurrentMode
 *fill*         0x000000000800327e        0x2 
 .text.SystemInit
                0x0000000008003280       0x14 build/system_stm32f7xx.o
                0x0000000008003280                SystemInit
 .text.ethernet_input
                0x0000000008003294       0xa8 build/ethernet.o
                0x0000000008003294                ethernet_input
 .text.ethernet_output
                0x000000000800333c       0x70 build/ethernet.o
                0x000000000800333c                ethernet_output
 .text.netif_do_set_netmask
                0x00000000080033ac       0x18 build/netif.o
 .text.netif_do_set_gw
                0x00000000080033c4       0x18 build/netif.o
 .text.netif_null_output_ip4
                0x00000000080033dc        0x6 build/netif.o
 .text.netif_do_ip_addr_changed
                0x00000000080033e2       0x14 build/netif.o
 *fill*         0x00000000080033f6        0x2 
 .text.netif_issue_reports
                0x00000000080033f8       0x4c build/netif.o
 .text.netif_do_set_ipaddr
                0x0000000008003444       0x6c build/netif.o
 .text.netif_init
                0x00000000080034b0        0x2 build/netif.o
                0x00000000080034b0                netif_init
 *fill*         0x00000000080034b2        0x2 
 .text.netif_set_addr
                0x00000000080034b4       0x6c build/netif.o
                0x00000000080034b4                netif_set_addr
 .text.netif_add
                0x0000000008003520      0x124 build/netif.o
                0x0000000008003520                netif_add
 .text.netif_set_default
                0x0000000008003644        0xc build/netif.o
                0x0000000008003644                netif_set_default
 .text.netif_set_up
                0x0000000008003650       0x3c build/netif.o
                0x0000000008003650                netif_set_up
 .text.netif_set_down
                0x000000000800368c       0x40 build/netif.o
                0x000000000800368c                netif_set_down
 .text.netif_set_link_callback
                0x00000000080036cc        0x6 build/netif.o
                0x00000000080036cc                netif_set_link_callback
 *fill*         0x00000000080036d2        0x2 
 .text.netif_get_by_index
                0x00000000080036d4       0x24 build/netif.o
                0x00000000080036d4                netif_get_by_index
 .text.pbuf_pool_is_empty
                0x00000000080036f8        0xc build/pbuf.o
 .text.pbuf_init_alloced_pbuf
                0x0000000008003704       0x24 build/pbuf.o
 .text.pbuf_add_header_impl
                0x0000000008003728       0x7c build/pbuf.o
 .text.pbuf_alloc_reference
                0x00000000080037a4       0x50 build/pbuf.o
                0x00000000080037a4                pbuf_alloc_reference
 .text.pbuf_alloced_custom
                0x00000000080037f4       0x3e build/pbuf.o
                0x00000000080037f4                pbuf_alloced_custom
 .text.pbuf_add_header
                0x0000000008003832        0xa build/pbuf.o
                0x0000000008003832                pbuf_add_header
 .text.pbuf_remove_header
                0x000000000800383c       0x6c build/pbuf.o
                0x000000000800383c                pbuf_remove_header
 .text.pbuf_header_impl
                0x00000000080038a8       0x14 build/pbuf.o
 .text.pbuf_header_force
                0x00000000080038bc        0xa build/pbuf.o
                0x00000000080038bc                pbuf_header_force
 *fill*         0x00000000080038c6        0x2 
 .text.pbuf_free
                0x00000000080038c8       0xc4 build/pbuf.o
                0x00000000080038c8                pbuf_free
 .text.pbuf_alloc
                0x000000000800398c      0x15c build/pbuf.o
                0x000000000800398c                pbuf_alloc
 .text.pbuf_realloc
                0x0000000008003ae8       0xa8 build/pbuf.o
                0x0000000008003ae8                pbuf_realloc
 .text.pbuf_clen
                0x0000000008003b90       0x12 build/pbuf.o
                0x0000000008003b90                pbuf_clen
 *fill*         0x0000000008003ba2        0x2 
 .text.pbuf_ref
                0x0000000008003ba4       0x30 build/pbuf.o
                0x0000000008003ba4                pbuf_ref
 .text.pbuf_cat
                0x0000000008003bd4       0x78 build/pbuf.o
                0x0000000008003bd4                pbuf_cat
 .text.pbuf_copy
                0x0000000008003c4c      0x128 build/pbuf.o
                0x0000000008003c4c                pbuf_copy
 .text.pbuf_copy_partial
                0x0000000008003d74       0x94 build/pbuf.o
                0x0000000008003d74                pbuf_copy_partial
 .text.pbuf_clone
                0x0000000008003e08       0x38 build/pbuf.o
                0x0000000008003e08                pbuf_clone
 .text.tcp_remove_listener
                0x0000000008003e40       0x34 build/tcp.o
 .text.tcp_listen_closed
                0x0000000008003e74       0x5c build/tcp.o
 .text.tcp_free_listen
                0x0000000008003ed0       0x30 build/tcp.o
 .text.tcp_close_shutdown_fin
                0x0000000008003f00       0x84 build/tcp.o
 .text.tcp_handle_closepend
                0x0000000008003f84       0x2c build/tcp.o
 .text.tcp_init
                0x0000000008003fb0       0x18 build/tcp.o
                0x0000000008003fb0                tcp_init
 .text.tcp_free
                0x0000000008003fc8       0x30 build/tcp.o
                0x0000000008003fc8                tcp_free
 .text.tcp_update_rcv_ann_wnd
                0x0000000008003ff8       0x78 build/tcp.o
                0x0000000008003ff8                tcp_update_rcv_ann_wnd
 .text.tcp_recved
                0x0000000008004070       0x78 build/tcp.o
                0x0000000008004070                tcp_recved
 .text.tcp_seg_free
                0x00000000080040e8       0x1a build/tcp.o
                0x00000000080040e8                tcp_seg_free
 .text.tcp_segs_free
                0x0000000008004102       0x14 build/tcp.o
                0x0000000008004102                tcp_segs_free
 *fill*         0x0000000008004116        0x2 
 .text.tcp_seg_copy
                0x0000000008004118       0x48 build/tcp.o
                0x0000000008004118                tcp_seg_copy
 .text.tcp_next_iss
                0x0000000008004160       0x38 build/tcp.o
                0x0000000008004160                tcp_next_iss
 .text.tcp_eff_send_mss_netif
                0x0000000008004198       0x40 build/tcp.o
                0x0000000008004198                tcp_eff_send_mss_netif
 .text.tcp_free_ooseq
                0x00000000080041d8       0x12 build/tcp.o
                0x00000000080041d8                tcp_free_ooseq
 *fill*         0x00000000080041ea        0x2 
 .text.tcp_pcb_purge
                0x00000000080041ec       0x64 build/tcp.o
                0x00000000080041ec                tcp_pcb_purge
 .text.tcp_pcb_remove
                0x0000000008004250       0xd0 build/tcp.o
                0x0000000008004250                tcp_pcb_remove
 .text.tcp_abandon
                0x0000000008004320      0x10c build/tcp.o
                0x0000000008004320                tcp_abandon
 .text.tcp_abort
                0x000000000800442c        0xa build/tcp.o
                0x000000000800442c                tcp_abort
 *fill*         0x0000000008004436        0x2 
 .text.tcp_kill_timewait
                0x0000000008004438       0x34 build/tcp.o
 .text.tcp_kill_prio
                0x000000000800446c       0x58 build/tcp.o
 .text.tcp_netif_ip_addr_changed_pcblist
                0x00000000080044c4       0x40 build/tcp.o
 .text.tcp_netif_ip_addr_changed
                0x0000000008004504       0x54 build/tcp.o
                0x0000000008004504                tcp_netif_ip_addr_changed
 .text.tcp_kill_state
                0x0000000008004558       0x64 build/tcp.o
 .text.tcp_alloc
                0x00000000080045bc       0xc4 build/tcp.o
                0x00000000080045bc                tcp_alloc
 .text.tcp_close_shutdown
                0x0000000008004680      0x148 build/tcp.o
 .text.tcp_close
                0x00000000080047c8       0x40 build/tcp.o
                0x00000000080047c8                tcp_close
 .text.tcp_recv_null
                0x0000000008004808       0x48 build/tcp.o
                0x0000000008004808                tcp_recv_null
 .text.tcp_process_refused_data
                0x0000000008004850       0x8c build/tcp.o
                0x0000000008004850                tcp_process_refused_data
 .text.tcp_fasttmr
                0x00000000080048dc       0x80 build/tcp.o
                0x00000000080048dc                tcp_fasttmr
 .text.tcp_slowtmr
                0x000000000800495c      0x4a8 build/tcp.o
                0x000000000800495c                tcp_slowtmr
 .text.tcp_tmr  0x0000000008004e04       0x24 build/tcp.o
                0x0000000008004e04                tcp_tmr
 .text.lwip_htons
                0x0000000008004e28        0xa build/def.o
                0x0000000008004e28                lwip_htons
 .text.lwip_htonl
                0x0000000008004e32       0x18 build/def.o
                0x0000000008004e32                lwip_htonl
 *fill*         0x0000000008004e4a        0x2 
 .text.udp_input_local_match
                0x0000000008004e4c       0xa0 build/udp.o
 .text.udp_init
                0x0000000008004eec       0x18 build/udp.o
                0x0000000008004eec                udp_init
 .text.udp_input
                0x0000000008004f04      0x184 build/udp.o
                0x0000000008004f04                udp_input
 .text.udp_netif_ip_addr_changed
                0x0000000008005088       0x38 build/udp.o
                0x0000000008005088                udp_netif_ip_addr_changed
 .text.lwip_init
                0x00000000080050c0       0x1c build/init.o
                0x00000000080050c0                lwip_init
 .text.do_memp_malloc_pool
                0x00000000080050dc       0x34 build/memp.o
 .text.do_memp_free_pool
                0x0000000008005110       0x34 build/memp.o
 .text.memp_init_pool
                0x0000000008005144       0x28 build/memp.o
                0x0000000008005144                memp_init_pool
 .text.memp_init
                0x000000000800516c       0x20 build/memp.o
                0x000000000800516c                memp_init
 .text.memp_malloc
                0x000000000800518c       0x34 build/memp.o
                0x000000000800518c                memp_malloc
 .text.memp_free
                0x00000000080051c0       0x34 build/memp.o
                0x00000000080051c0                memp_free
 .text.ptr_to_mem
                0x00000000080051f4        0xc build/mem.o
 .text.mem_to_ptr
                0x0000000008005200       0x10 build/mem.o
 .text.mem_link_valid
                0x0000000008005210       0x5c build/mem.o
 .text.plug_holes
                0x000000000800526c      0x100 build/mem.o
 .text.mem_init
                0x000000000800536c       0x40 build/mem.o
                0x000000000800536c                mem_init
 .text.mem_free
                0x00000000080053ac       0xb4 build/mem.o
                0x00000000080053ac                mem_free
 .text.mem_trim
                0x0000000008005460      0x184 build/mem.o
                0x0000000008005460                mem_trim
 .text.mem_malloc
                0x00000000080055e4      0x170 build/mem.o
                0x00000000080055e4                mem_malloc
 .text.tcp_get_next_optbyte
                0x0000000008005754       0x3c build/tcp_in.o
 .text.tcp_parseopt
                0x0000000008005790       0xa4 build/tcp_in.o
 .text.tcp_input_delayed_close
                0x0000000008005834       0x60 build/tcp_in.o
 .text.tcp_timewait_input
                0x0000000008005894       0xb8 build/tcp_in.o
 .text.tcp_listen_input
                0x000000000800594c      0x150 build/tcp_in.o
 .text.tcp_free_acked_segments
                0x0000000008005a9c       0xc0 build/tcp_in.o
 .text.tcp_oos_insert_segment
                0x0000000008005b5c       0xa8 build/tcp_in.o
 .text.tcp_receive
                0x0000000008005c04      0x948 build/tcp_in.o
 .text.tcp_process
                0x000000000800654c      0x584 build/tcp_in.o
 .text.tcp_input
                0x0000000008006ad0      0x5a0 build/tcp_in.o
                0x0000000008006ad0                tcp_input
 .text.tcp_trigger_input_pcb_close
                0x0000000008007070       0x10 build/tcp_in.o
                0x0000000008007070                tcp_trigger_input_pcb_close
 .text.tcp_output_segment_busy
                0x0000000008007080       0x34 build/tcp_out.o
 .text.tcp_output_fill_options
                0x00000000080070b4       0x4c build/tcp_out.o
 .text.tcp_create_segment
                0x0000000008007100       0xe8 build/tcp_out.o
 .text.tcp_output_alloc_header_common
                0x00000000080071e8       0x98 build/tcp_out.o
 .text.tcp_output_alloc_header
                0x0000000008007280       0x54 build/tcp_out.o
 .text.tcp_route
                0x00000000080072d4       0x16 build/tcp_out.o
 *fill*         0x00000000080072ea        0x2 
 .text.tcp_output_segment
                0x00000000080072ec      0x13c build/tcp_out.o
 .text.tcp_output_control_segment
                0x0000000008007428       0x6c build/tcp_out.o
 .text.tcp_split_unsent_seg
                0x0000000008007494      0x1b8 build/tcp_out.o
                0x0000000008007494                tcp_split_unsent_seg
 .text.tcp_enqueue_flags
                0x000000000800764c      0x160 build/tcp_out.o
                0x000000000800764c                tcp_enqueue_flags
 .text.tcp_send_fin
                0x00000000080077ac       0x64 build/tcp_out.o
                0x00000000080077ac                tcp_send_fin
 .text.tcp_rexmit_rto_prepare
                0x0000000008007810       0x94 build/tcp_out.o
                0x0000000008007810                tcp_rexmit_rto_prepare
 .text.tcp_rexmit
                0x00000000080078a4       0x88 build/tcp_out.o
                0x00000000080078a4                tcp_rexmit
 .text.tcp_rexmit_fast
                0x000000000800792c       0x78 build/tcp_out.o
                0x000000000800792c                tcp_rexmit_fast
 .text.tcp_rst  0x00000000080079a4       0x90 build/tcp_out.o
                0x00000000080079a4                tcp_rst
 .text.tcp_send_empty_ack
                0x0000000008007a34       0x74 build/tcp_out.o
                0x0000000008007a34                tcp_send_empty_ack
 .text.tcp_output
                0x0000000008007aa8      0x2ac build/tcp_out.o
                0x0000000008007aa8                tcp_output
 .text.tcp_rexmit_rto_commit
                0x0000000008007d54       0x38 build/tcp_out.o
                0x0000000008007d54                tcp_rexmit_rto_commit
 .text.tcp_rexmit_rto
                0x0000000008007d8c       0x34 build/tcp_out.o
                0x0000000008007d8c                tcp_rexmit_rto
 .text.tcp_keepalive
                0x0000000008007dc0       0x5c build/tcp_out.o
                0x0000000008007dc0                tcp_keepalive
 .text.tcp_zero_window_probe
                0x0000000008007e1c       0xdc build/tcp_out.o
                0x0000000008007e1c                tcp_zero_window_probe
 .text.sys_timeout_abs
                0x0000000008007ef8       0x70 build/timeouts.o
 .text.lwip_cyclic_timer
                0x0000000008007f68       0x40 build/timeouts.o
 .text.sys_timeout
                0x0000000008007fa8       0x3c build/timeouts.o
                0x0000000008007fa8                sys_timeout
 .text.tcp_timer_needed
                0x0000000008007fe4       0x3c build/timeouts.o
                0x0000000008007fe4                tcp_timer_needed
 .text.tcpip_tcp_timer
                0x0000000008008020       0x38 build/timeouts.o
 .text.sys_timeouts_init
                0x0000000008008058       0x28 build/timeouts.o
                0x0000000008008058                sys_timeouts_init
 .text.ip_reass_dequeue_datagram
                0x0000000008008080       0x48 build/ip4_frag.o
 .text.ip_reass_free_complete_datagram
                0x00000000080080c8       0xfc build/ip4_frag.o
 .text.ip_reass_remove_oldest_datagram
                0x00000000080081c4       0x80 build/ip4_frag.o
 .text.ip_frag_free_pbuf_custom_ref
                0x0000000008008244       0x2c build/ip4_frag.o
 .text.ipfrag_free_pbuf_custom
                0x0000000008008270       0x34 build/ip4_frag.o
 .text.ip_reass_chain_frag_into_datagram_and_validate
                0x00000000080082a4      0x1a0 build/ip4_frag.o
 .text.ip_frag_alloc_pbuf_custom_ref
                0x0000000008008444        0xa build/ip4_frag.o
 *fill*         0x000000000800844e        0x2 
 .text.ip_reass_enqueue_new_datagram
                0x0000000008008450       0x60 build/ip4_frag.o
 .text.ip_reass_tmr
                0x00000000080084b0       0x2c build/ip4_frag.o
                0x00000000080084b0                ip_reass_tmr
 .text.ip4_reass
                0x00000000080084dc      0x210 build/ip4_frag.o
                0x00000000080084dc                ip4_reass
 .text.ip4_frag
                0x00000000080086ec      0x1f8 build/ip4_frag.o
                0x00000000080086ec                ip4_frag
 .text.ip4_input_accept
                0x00000000080088e4       0x34 build/ip4.o
 .text.ip4_route
                0x0000000008008918       0xac build/ip4.o
                0x0000000008008918                ip4_route
 .text.ip4_input
                0x00000000080089c4      0x1a0 build/ip4.o
                0x00000000080089c4                ip4_input
 .text.ip4_output_if_src
                0x0000000008008b64      0x100 build/ip4.o
                0x0000000008008b64                ip4_output_if_src
 .text.ip4_output_if
                0x0000000008008c64       0x2a build/ip4.o
                0x0000000008008c64                ip4_output_if
 *fill*         0x0000000008008c8e        0x2 
 .text.etharp_free_entry
                0x0000000008008c90       0x34 build/etharp.o
 .text.etharp_find_entry
                0x0000000008008cc4      0x1f0 build/etharp.o
 .text.etharp_update_arp_entry
                0x0000000008008eb4       0xc4 build/etharp.o
 .text.etharp_raw
                0x0000000008008f78       0xe8 build/etharp.o
 .text.etharp_request_dst
                0x0000000008009060       0x24 build/etharp.o
 .text.etharp_cleanup_netif
                0x0000000008009084       0x3c build/etharp.o
                0x0000000008009084                etharp_cleanup_netif
 .text.etharp_input
                0x00000000080090c0       0xb8 build/etharp.o
                0x00000000080090c0                etharp_input
 .text.etharp_request
                0x0000000008009178       0x10 build/etharp.o
                0x0000000008009178                etharp_request
 .text.etharp_tmr
                0x0000000008009188       0x88 build/etharp.o
                0x0000000008009188                etharp_tmr
 .text.etharp_output_to_arp_index
                0x0000000008009210       0xdc build/etharp.o
 .text.etharp_query
                0x00000000080092ec      0x1b8 build/etharp.o
                0x00000000080092ec                etharp_query
 .text.etharp_output
                0x00000000080094a4      0x168 build/etharp.o
                0x00000000080094a4                etharp_output
 .text.ip4_addr_isbroadcast_u32
                0x000000000800960c       0x40 build/ip4_addr.o
                0x000000000800960c                ip4_addr_isbroadcast_u32
 .text.icmp_send_response
                0x000000000800964c       0xa8 build/icmp.o
 .text.icmp_input
                0x00000000080096f4      0x148 build/icmp.o
                0x00000000080096f4                icmp_input
 .text.icmp_dest_unreach
                0x000000000800983c        0xc build/icmp.o
                0x000000000800983c                icmp_dest_unreach
 .text.icmp_time_exceeded
                0x0000000008009848        0xc build/icmp.o
                0x0000000008009848                icmp_time_exceeded
 .text.Reset_Handler
                0x0000000008009854       0x50 build/startup_stm32f746xx.o
                0x0000000008009854                Reset_Handler
 .text.Default_Handler
                0x00000000080098a4        0x2 build/startup_stm32f746xx.o
                0x00000000080098a4                RTC_Alarm_IRQHandler
                0x00000000080098a4                EXTI2_IRQHandler
                0x00000000080098a4                TIM8_CC_IRQHandler
                0x00000000080098a4                UART8_IRQHandler
                0x00000000080098a4                SPI4_IRQHandler
                0x00000000080098a4                TIM1_CC_IRQHandler
                0x00000000080098a4                DMA2_Stream5_IRQHandler
                0x00000000080098a4                DMA1_Stream5_IRQHandler
                0x00000000080098a4                PVD_IRQHandler
                0x00000000080098a4                TAMP_STAMP_IRQHandler
                0x00000000080098a4                CAN2_RX1_IRQHandler
                0x00000000080098a4                EXTI3_IRQHandler
                0x00000000080098a4                TIM8_TRG_COM_TIM14_IRQHandler
                0x00000000080098a4                TIM1_UP_TIM10_IRQHandler
                0x00000000080098a4                TIM8_UP_TIM13_IRQHandler
                0x00000000080098a4                I2C3_ER_IRQHandler
                0x00000000080098a4                EXTI0_IRQHandler
                0x00000000080098a4                I2C2_EV_IRQHandler
                0x00000000080098a4                DMA1_Stream2_IRQHandler
                0x00000000080098a4                CAN1_RX0_IRQHandler
                0x00000000080098a4                FPU_IRQHandler
                0x00000000080098a4                OTG_HS_WKUP_IRQHandler
                0x00000000080098a4                LTDC_ER_IRQHandler
                0x00000000080098a4                CAN2_SCE_IRQHandler
                0x00000000080098a4                DMA2_Stream2_IRQHandler
                0x00000000080098a4                SPI1_IRQHandler
                0x00000000080098a4                TIM6_DAC_IRQHandler
                0x00000000080098a4                TIM1_BRK_TIM9_IRQHandler
                0x00000000080098a4                DCMI_IRQHandler
                0x00000000080098a4                CAN2_RX0_IRQHandler
                0x00000000080098a4                DMA2_Stream3_IRQHandler
                0x00000000080098a4                SAI2_IRQHandler
                0x00000000080098a4                USART6_IRQHandler
                0x00000000080098a4                USART3_IRQHandler
                0x00000000080098a4                CAN1_RX1_IRQHandler
                0x00000000080098a4                UART5_IRQHandler
                0x00000000080098a4                DMA2_Stream0_IRQHandler
                0x00000000080098a4                TIM4_IRQHandler
                0x00000000080098a4                QUADSPI_IRQHandler
                0x00000000080098a4                I2C1_EV_IRQHandler
                0x00000000080098a4                DMA1_Stream6_IRQHandler
                0x00000000080098a4                DMA1_Stream1_IRQHandler
                0x00000000080098a4                UART4_IRQHandler
                0x00000000080098a4                TIM3_IRQHandler
                0x00000000080098a4                RCC_IRQHandler
                0x00000000080098a4                TIM8_BRK_TIM12_IRQHandler
                0x00000000080098a4                Default_Handler
                0x00000000080098a4                CEC_IRQHandler
                0x00000000080098a4                EXTI15_10_IRQHandler
                0x00000000080098a4                ADC_IRQHandler
                0x00000000080098a4                DMA1_Stream7_IRQHandler
                0x00000000080098a4                SPI5_IRQHandler
                0x00000000080098a4                TIM7_IRQHandler
                0x00000000080098a4                SDMMC1_IRQHandler
                0x00000000080098a4                CAN2_TX_IRQHandler
                0x00000000080098a4                TIM5_IRQHandler
                0x00000000080098a4                DMA2_Stream7_IRQHandler
                0x00000000080098a4                I2C3_EV_IRQHandler
                0x00000000080098a4                EXTI9_5_IRQHandler
                0x00000000080098a4                RTC_WKUP_IRQHandler
                0x00000000080098a4                LTDC_IRQHandler
                0x00000000080098a4                ETH_WKUP_IRQHandler
                0x00000000080098a4                SPDIF_RX_IRQHandler
                0x00000000080098a4                SPI2_IRQHandler
                0x00000000080098a4                OTG_HS_EP1_IN_IRQHandler
                0x00000000080098a4                DMA1_Stream0_IRQHandler
                0x00000000080098a4                CAN1_TX_IRQHandler
                0x00000000080098a4                EXTI4_IRQHandler
                0x00000000080098a4                RNG_IRQHandler
                0x00000000080098a4                ETH_IRQHandler
                0x00000000080098a4                OTG_HS_EP1_OUT_IRQHandler
                0x00000000080098a4                WWDG_IRQHandler
                0x00000000080098a4                SPI6_IRQHandler
                0x00000000080098a4                I2C4_EV_IRQHandler
                0x00000000080098a4                TIM2_IRQHandler
                0x00000000080098a4                OTG_FS_WKUP_IRQHandler
                0x00000000080098a4                TIM1_TRG_COM_TIM11_IRQHandler
                0x00000000080098a4                OTG_HS_IRQHandler
                0x00000000080098a4                DMA2D_IRQHandler
                0x00000000080098a4                EXTI1_IRQHandler
                0x00000000080098a4                UART7_IRQHandler
                0x00000000080098a4                USART2_IRQHandler
                0x00000000080098a4                I2C2_ER_IRQHandler
                0x00000000080098a4                DMA2_Stream1_IRQHandler
                0x00000000080098a4                CAN1_SCE_IRQHandler
                0x00000000080098a4                FLASH_IRQHandler
                0x00000000080098a4                DMA2_Stream4_IRQHandler
                0x00000000080098a4                USART1_IRQHandler
                0x00000000080098a4                OTG_FS_IRQHandler
                0x00000000080098a4                SPI3_IRQHandler
                0x00000000080098a4                DMA1_Stream4_IRQHandler
                0x00000000080098a4                I2C1_ER_IRQHandler
                0x00000000080098a4                FMC_IRQHandler
                0x00000000080098a4                LPTIM1_IRQHandler
                0x00000000080098a4                I2C4_ER_IRQHandler
                0x00000000080098a4                DMA2_Stream6_IRQHandler
                0x00000000080098a4                SAI1_IRQHandler
                0x00000000080098a4                DMA1_Stream3_IRQHandler
 *fill*         0x00000000080098a6        0x2 
 .text.__libc_init_array
                0x00000000080098a8       0x48 /usr/share/gcc-arm-none-eabi-10.3-2021.10/bin/../lib/gcc/arm-none-eabi/10.3.1/../../../../arm-none-eabi/lib/thumb/v7e-m+fp/hard/libc_nano.a(lib_a-init.o)
                0x00000000080098a8                __libc_init_array
 .text.memcmp   0x00000000080098f0       0x20 /usr/share/gcc-arm-none-eabi-10.3-2021.10/bin/../lib/gcc/arm-none-eabi/10.3.1/../../../../arm-none-eabi/lib/thumb/v7e-m+fp/hard/libc_nano.a(lib_a-memcmp.o)
                0x00000000080098f0                memcmp
 .text.memcpy   0x0000000008009910       0x1c /usr/share/gcc-arm-none-eabi-10.3-2021.10/bin/../lib/gcc/arm-none-eabi/10.3.1/../../../../arm-none-eabi/lib/thumb/v7e-m+fp/hard/libc_nano.a(lib_a-memcpy-stub.o)
                0x0000000008009910                memcpy
 .text.memset   0x000000000800992c       0x10 /usr/share/gcc-arm-none-eabi-10.3-2021.10/bin/../lib/gcc/arm-none-eabi/10.3.1/../../../../arm-none-eabi/lib/thumb/v7e-m+fp/hard/libc_nano.a(lib_a-memset.o)
                0x000000000800992c                memset
 .text.printf   0x000000000800993c       0x30 /usr/share/gcc-arm-none-eabi-10.3-2021.10/bin/../lib/gcc/arm-none-eabi/10.3.1/../../../../arm-none-eabi/lib/thumb/v7e-m+fp/hard/libc_nano.a(lib_a-printf.o)
                0x000000000800993c                printf
                0x000000000800993c                iprintf
 .text.rand     0x000000000800996c       0x7c /usr/share/gcc-arm-none-eabi-10.3-2021.10/bin/../lib/gcc/arm-none-eabi/10.3.1/../../../../arm-none-eabi/lib/thumb/v7e-m+fp/hard/libc_nano.a(lib_a-rand.o)
                0x000000000800996c                rand
 .text.__assert_func
                0x00000000080099e8       0x3c /usr/share/gcc-arm-none-eabi-10.3-2021.10/bin/../lib/gcc/arm-none-eabi/10.3.1/../../../../arm-none-eabi/lib/thumb/v7e-m+fp/hard/libc_nano.a(lib_a-assert.o)
                0x00000000080099e8                __assert_func
 .text.std      0x0000000008009a24       0x48 /usr/share/gcc-arm-none-eabi-10.3-2021.10/bin/../lib/gcc/arm-none-eabi/10.3.1/../../../../arm-none-eabi/lib/thumb/v7e-m+fp/hard/libc_nano.a(lib_a-findfp.o)
 .text._cleanup_r
                0x0000000008009a6c        0xc /usr/share/gcc-arm-none-eabi-10.3-2021.10/bin/../lib/gcc/arm-none-eabi/10.3.1/../../../../arm-none-eabi/lib/thumb/v7e-m+fp/hard/libc_nano.a(lib_a-findfp.o)
                0x0000000008009a6c                _cleanup_r
 .text.__sfmoreglue
                0x0000000008009a78       0x2c /usr/share/gcc-arm-none-eabi-10.3-2021.10/bin/../lib/gcc/arm-none-eabi/10.3.1/../../../../arm-none-eabi/lib/thumb/v7e-m+fp/hard/libc_nano.a(lib_a-findfp.o)
                0x0000000008009a78                __sfmoreglue
 .text.__sfp_lock_acquire
                0x0000000008009aa4        0xc /usr/share/gcc-arm-none-eabi-10.3-2021.10/bin/../lib/gcc/arm-none-eabi/10.3.1/../../../../arm-none-eabi/lib/thumb/v7e-m+fp/hard/libc_nano.a(lib_a-findfp.o)
                0x0000000008009aa4                __sfp_lock_acquire
 .text.__sfp_lock_release
                0x0000000008009ab0        0xc /usr/share/gcc-arm-none-eabi-10.3-2021.10/bin/../lib/gcc/arm-none-eabi/10.3.1/../../../../arm-none-eabi/lib/thumb/v7e-m+fp/hard/libc_nano.a(lib_a-findfp.o)
                0x0000000008009ab0                __sfp_lock_release
 .text.__sinit_lock_acquire
                0x0000000008009abc        0xc /usr/share/gcc-arm-none-eabi-10.3-2021.10/bin/../lib/gcc/arm-none-eabi/10.3.1/../../../../arm-none-eabi/lib/thumb/v7e-m+fp/hard/libc_nano.a(lib_a-findfp.o)
                0x0000000008009abc                __sinit_lock_acquire
 .text.__sinit_lock_release
                0x0000000008009ac8        0xc /usr/share/gcc-arm-none-eabi-10.3-2021.10/bin/../lib/gcc/arm-none-eabi/10.3.1/../../../../arm-none-eabi/lib/thumb/v7e-m+fp/hard/libc_nano.a(lib_a-findfp.o)
                0x0000000008009ac8                __sinit_lock_release
 .text.__sinit  0x0000000008009ad4       0x70 /usr/share/gcc-arm-none-eabi-10.3-2021.10/bin/../lib/gcc/arm-none-eabi/10.3.1/../../../../arm-none-eabi/lib/thumb/v7e-m+fp/hard/libc_nano.a(lib_a-findfp.o)
                0x0000000008009ad4                __sinit
 .text.__sfp    0x0000000008009b44       0x8c /usr/share/gcc-arm-none-eabi-10.3-2021.10/bin/../lib/gcc/arm-none-eabi/10.3.1/../../../../arm-none-eabi/lib/thumb/v7e-m+fp/hard/libc_nano.a(lib_a-findfp.o)
                0x0000000008009b44                __sfp
 .text.fprintf  0x0000000008009bd0       0x24 /usr/share/gcc-arm-none-eabi-10.3-2021.10/bin/../lib/gcc/arm-none-eabi/10.3.1/../../../../arm-none-eabi/lib/thumb/v7e-m+fp/hard/libc_nano.a(lib_a-fprintf.o)
                0x0000000008009bd0                fprintf
                0x0000000008009bd0                fiprintf
 .text._fwalk_reent
                0x0000000008009bf4       0x3e /usr/share/gcc-arm-none-eabi-10.3-2021.10/bin/../lib/gcc/arm-none-eabi/10.3.1/../../../../arm-none-eabi/lib/thumb/v7e-m+fp/hard/libc_nano.a(lib_a-fwalk.o)
                0x0000000008009bf4                _fwalk_reent
 .text.__retarget_lock_init_recursive
                0x0000000008009c32        0x2 /usr/share/gcc-arm-none-eabi-10.3-2021.10/bin/../lib/gcc/arm-none-eabi/10.3.1/../../../../arm-none-eabi/lib/thumb/v7e-m+fp/hard/libc_nano.a(lib_a-lock.o)
                0x0000000008009c32                __retarget_lock_init_recursive
 .text.__retarget_lock_acquire_recursive
                0x0000000008009c34        0x2 /usr/share/gcc-arm-none-eabi-10.3-2021.10/bin/../lib/gcc/arm-none-eabi/10.3.1/../../../../arm-none-eabi/lib/thumb/v7e-m+fp/hard/libc_nano.a(lib_a-lock.o)
                0x0000000008009c34                __retarget_lock_acquire_recursive
 .text.__retarget_lock_release_recursive
                0x0000000008009c36        0x2 /usr/share/gcc-arm-none-eabi-10.3-2021.10/bin/../lib/gcc/arm-none-eabi/10.3.1/../../../../arm-none-eabi/lib/thumb/v7e-m+fp/hard/libc_nano.a(lib_a-lock.o)
                0x0000000008009c36                __retarget_lock_release_recursive
 .text.malloc   0x0000000008009c38       0x10 /usr/share/gcc-arm-none-eabi-10.3-2021.10/bin/../lib/gcc/arm-none-eabi/10.3.1/../../../../arm-none-eabi/lib/thumb/v7e-m+fp/hard/libc_nano.a(lib_a-malloc.o)
                0x0000000008009c38                malloc
 .text._free_r  0x0000000008009c48       0x98 /usr/share/gcc-arm-none-eabi-10.3-2021.10/bin/../lib/gcc/arm-none-eabi/10.3.1/../../../../arm-none-eabi/lib/thumb/v7e-m+fp/hard/libc_nano.a(lib_a-nano-freer.o)
                0x0000000008009c48                _free_r
 .text.sbrk_aligned
                0x0000000008009ce0       0x40 /usr/share/gcc-arm-none-eabi-10.3-2021.10/bin/../lib/gcc/arm-none-eabi/10.3.1/../../../../arm-none-eabi/lib/thumb/v7e-m+fp/hard/libc_nano.a(lib_a-nano-mallocr.o)
 .text._malloc_r
                0x0000000008009d20       0xe8 /usr/share/gcc-arm-none-eabi-10.3-2021.10/bin/../lib/gcc/arm-none-eabi/10.3.1/../../../../arm-none-eabi/lib/thumb/v7e-m+fp/hard/libc_nano.a(lib_a-nano-mallocr.o)
                0x0000000008009d20                _malloc_r
 .text.__sfputc_r
                0x0000000008009e08       0x2e /usr/share/gcc-arm-none-eabi-10.3-2021.10/bin/../lib/gcc/arm-none-eabi/10.3.1/../../../../arm-none-eabi/lib/thumb/v7e-m+fp/hard/libc_nano.a(lib_a-nano-vfprintf.o)
 .text.__sfputs_r
                0x0000000008009e36       0x24 /usr/share/gcc-arm-none-eabi-10.3-2021.10/bin/../lib/gcc/arm-none-eabi/10.3.1/../../../../arm-none-eabi/lib/thumb/v7e-m+fp/hard/libc_nano.a(lib_a-nano-vfprintf.o)
                0x0000000008009e36                __sfputs_r
 *fill*         0x0000000008009e5a        0x2 
 .text._vfprintf_r
                0x0000000008009e5c      0x260 /usr/share/gcc-arm-none-eabi-10.3-2021.10/bin/../lib/gcc/arm-none-eabi/10.3.1/../../../../arm-none-eabi/lib/thumb/v7e-m+fp/hard/libc_nano.a(lib_a-nano-vfprintf.o)
                0x0000000008009e5c                _vfiprintf_r
                0x0000000008009e5c                _vfprintf_r
 .text._printf_common
                0x000000000800a0bc       0xda /usr/share/gcc-arm-none-eabi-10.3-2021.10/bin/../lib/gcc/arm-none-eabi/10.3.1/../../../../arm-none-eabi/lib/thumb/v7e-m+fp/hard/libc_nano.a(lib_a-nano-vfprintf_i.o)
                0x000000000800a0bc                _printf_common
 *fill*         0x000000000800a196        0x2 
 .text._printf_i
                0x000000000800a198      0x24c /usr/share/gcc-arm-none-eabi-10.3-2021.10/bin/../lib/gcc/arm-none-eabi/10.3.1/../../../../arm-none-eabi/lib/thumb/v7e-m+fp/hard/libc_nano.a(lib_a-nano-vfprintf_i.o)
                0x000000000800a198                _printf_i
 .text._sbrk_r  0x000000000800a3e4       0x20 /usr/share/gcc-arm-none-eabi-10.3-2021.10/bin/../lib/gcc/arm-none-eabi/10.3.1/../../../../arm-none-eabi/lib/thumb/v7e-m+fp/hard/libc_nano.a(lib_a-sbrkr.o)
                0x000000000800a3e4                _sbrk_r
 .text.__sread  0x000000000800a404       0x22 /usr/share/gcc-arm-none-eabi-10.3-2021.10/bin/../lib/gcc/arm-none-eabi/10.3.1/../../../../arm-none-eabi/lib/thumb/v7e-m+fp/hard/libc_nano.a(lib_a-stdio.o)
                0x000000000800a404                __sread
 .text.__swrite
                0x000000000800a426       0x38 /usr/share/gcc-arm-none-eabi-10.3-2021.10/bin/../lib/gcc/arm-none-eabi/10.3.1/../../../../arm-none-eabi/lib/thumb/v7e-m+fp/hard/libc_nano.a(lib_a-stdio.o)
                0x000000000800a426                __swrite
 .text.__sseek  0x000000000800a45e       0x24 /usr/share/gcc-arm-none-eabi-10.3-2021.10/bin/../lib/gcc/arm-none-eabi/10.3.1/../../../../arm-none-eabi/lib/thumb/v7e-m+fp/hard/libc_nano.a(lib_a-stdio.o)
                0x000000000800a45e                __sseek
 .text.__sclose
                0x000000000800a482        0x8 /usr/share/gcc-arm-none-eabi-10.3-2021.10/bin/../lib/gcc/arm-none-eabi/10.3.1/../../../../arm-none-eabi/lib/thumb/v7e-m+fp/hard/libc_nano.a(lib_a-stdio.o)
                0x000000000800a482                __sclose
 *fill*         0x000000000800a48a        0x2 
 .text.__swbuf_r
                0x000000000800a48c       0xa4 /usr/share/gcc-arm-none-eabi-10.3-2021.10/bin/../lib/gcc/arm-none-eabi/10.3.1/../../../../arm-none-eabi/lib/thumb/v7e-m+fp/hard/libc_nano.a(lib_a-wbuf.o)
                0x000000000800a48c                __swbuf_r
 .text._write_r
                0x000000000800a530       0x24 /usr/share/gcc-arm-none-eabi-10.3-2021.10/bin/../lib/gcc/arm-none-eabi/10.3.1/../../../../arm-none-eabi/lib/thumb/v7e-m+fp/hard/libc_nano.a(lib_a-writer.o)
                0x000000000800a530                _write_r
 .text.__swsetup_r
                0x000000000800a554       0xdc /usr/share/gcc-arm-none-eabi-10.3-2021.10/bin/../lib/gcc/arm-none-eabi/10.3.1/../../../../arm-none-eabi/lib/thumb/v7e-m+fp/hard/libc_nano.a(lib_a-wsetup.o)
                0x000000000800a554                __swsetup_r
 .text.abort    0x000000000800a630        0xe /usr/share/gcc-arm-none-eabi-10.3-2021.10/bin/../lib/gcc/arm-none-eabi/10.3.1/../../../../arm-none-eabi/lib/thumb/v7e-m+fp/hard/libc_nano.a(lib_a-abort.o)
                0x000000000800a630                abort
 *fill*         0x000000000800a63e        0x2 
 .text._close_r
                0x000000000800a640       0x20 /usr/share/gcc-arm-none-eabi-10.3-2021.10/bin/../lib/gcc/arm-none-eabi/10.3.1/../../../../arm-none-eabi/lib/thumb/v7e-m+fp/hard/libc_nano.a(lib_a-closer.o)
                0x000000000800a640                _close_r
 .text.__sflush_r
                0x000000000800a660      0x10c /usr/share/gcc-arm-none-eabi-10.3-2021.10/bin/../lib/gcc/arm-none-eabi/10.3.1/../../../../arm-none-eabi/lib/thumb/v7e-m+fp/hard/libc_nano.a(lib_a-fflush.o)
                0x000000000800a660                __sflush_r
 .text._fflush_r
                0x000000000800a76c       0x78 /usr/share/gcc-arm-none-eabi-10.3-2021.10/bin/../lib/gcc/arm-none-eabi/10.3.1/../../../../arm-none-eabi/lib/thumb/v7e-m+fp/hard/libc_nano.a(lib_a-fflush.o)
                0x000000000800a76c                _fflush_r
 .text._lseek_r
                0x000000000800a7e4       0x24 /usr/share/gcc-arm-none-eabi-10.3-2021.10/bin/../lib/gcc/arm-none-eabi/10.3.1/../../../../arm-none-eabi/lib/thumb/v7e-m+fp/hard/libc_nano.a(lib_a-lseekr.o)
                0x000000000800a7e4                _lseek_r
 .text.__swhatbuf_r
                0x000000000800a808       0x4a /usr/share/gcc-arm-none-eabi-10.3-2021.10/bin/../lib/gcc/arm-none-eabi/10.3.1/../../../../arm-none-eabi/lib/thumb/v7e-m+fp/hard/libc_nano.a(lib_a-makebuf.o)
                0x000000000800a808                __swhatbuf_r
 *fill*         0x000000000800a852        0x2 
 .text.__smakebuf_r
                0x000000000800a854       0x80 /usr/share/gcc-arm-none-eabi-10.3-2021.10/bin/../lib/gcc/arm-none-eabi/10.3.1/../../../../arm-none-eabi/lib/thumb/v7e-m+fp/hard/libc_nano.a(lib_a-makebuf.o)
                0x000000000800a854                __smakebuf_r
 .text.__malloc_lock
                0x000000000800a8d4        0xc /usr/share/gcc-arm-none-eabi-10.3-2021.10/bin/../lib/gcc/arm-none-eabi/10.3.1/../../../../arm-none-eabi/lib/thumb/v7e-m+fp/hard/libc_nano.a(lib_a-mlock.o)
                0x000000000800a8d4                __malloc_lock
 .text.__malloc_unlock
                0x000000000800a8e0        0xc /usr/share/gcc-arm-none-eabi-10.3-2021.10/bin/../lib/gcc/arm-none-eabi/10.3.1/../../../../arm-none-eabi/lib/thumb/v7e-m+fp/hard/libc_nano.a(lib_a-mlock.o)
                0x000000000800a8e0                __malloc_unlock
 .text._read_r  0x000000000800a8ec       0x24 /usr/share/gcc-arm-none-eabi-10.3-2021.10/bin/../lib/gcc/arm-none-eabi/10.3.1/../../../../arm-none-eabi/lib/thumb/v7e-m+fp/hard/libc_nano.a(lib_a-readr.o)
                0x000000000800a8ec                _read_r
 .text._raise_r
                0x000000000800a910       0x50 /usr/share/gcc-arm-none-eabi-10.3-2021.10/bin/../lib/gcc/arm-none-eabi/10.3.1/../../../../arm-none-eabi/lib/thumb/v7e-m+fp/hard/libc_nano.a(lib_a-signal.o)
                0x000000000800a910                _raise_r
 .text.raise    0x000000000800a960       0x10 /usr/share/gcc-arm-none-eabi-10.3-2021.10/bin/../lib/gcc/arm-none-eabi/10.3.1/../../../../arm-none-eabi/lib/thumb/v7e-m+fp/hard/libc_nano.a(lib_a-signal.o)
                0x000000000800a960                raise
 .text._kill_r  0x000000000800a970       0x24 /usr/share/gcc-arm-none-eabi-10.3-2021.10/bin/../lib/gcc/arm-none-eabi/10.3.1/../../../../arm-none-eabi/lib/thumb/v7e-m+fp/hard/libc_nano.a(lib_a-signalr.o)
                0x000000000800a970                _kill_r
 .text._getpid_r
                0x000000000800a994        0x4 /usr/share/gcc-arm-none-eabi-10.3-2021.10/bin/../lib/gcc/arm-none-eabi/10.3.1/../../../../arm-none-eabi/lib/thumb/v7e-m+fp/hard/libc_nano.a(lib_a-signalr.o)
                0x000000000800a994                _getpid_r
 .text._fstat_r
                0x000000000800a998       0x24 /usr/share/gcc-arm-none-eabi-10.3-2021.10/bin/../lib/gcc/arm-none-eabi/10.3.1/../../../../arm-none-eabi/lib/thumb/v7e-m+fp/hard/libc_nano.a(lib_a-fstatr.o)
                0x000000000800a998                _fstat_r
 .text._isatty_r
                0x000000000800a9bc       0x20 /usr/share/gcc-arm-none-eabi-10.3-2021.10/bin/../lib/gcc/arm-none-eabi/10.3.1/../../../../arm-none-eabi/lib/thumb/v7e-m+fp/hard/libc_nano.a(lib_a-isattyr.o)
                0x000000000800a9bc                _isatty_r
 .text._close   0x000000000800a9dc       0x10 /usr/share/gcc-arm-none-eabi-10.3-2021.10/bin/../lib/gcc/arm-none-eabi/10.3.1/../../../../arm-none-eabi/lib/thumb/v7e-m+fp/hard/libnosys.a(close.o)
                0x000000000800a9dc                _close
 .text._fstat   0x000000000800a9ec       0x10 /usr/share/gcc-arm-none-eabi-10.3-2021.10/bin/../lib/gcc/arm-none-eabi/10.3.1/../../../../arm-none-eabi/lib/thumb/v7e-m+fp/hard/libnosys.a(fstat.o)
                0x000000000800a9ec                _fstat
 .text._getpid  0x000000000800a9fc       0x10 /usr/share/gcc-arm-none-eabi-10.3-2021.10/bin/../lib/gcc/arm-none-eabi/10.3.1/../../../../arm-none-eabi/lib/thumb/v7e-m+fp/hard/libnosys.a(getpid.o)
                0x000000000800a9fc                _getpid
 .text._isatty  0x000000000800aa0c       0x10 /usr/share/gcc-arm-none-eabi-10.3-2021.10/bin/../lib/gcc/arm-none-eabi/10.3.1/../../../../arm-none-eabi/lib/thumb/v7e-m+fp/hard/libnosys.a(isatty.o)
                0x000000000800aa0c                _isatty
 .text._kill    0x000000000800aa1c       0x10 /usr/share/gcc-arm-none-eabi-10.3-2021.10/bin/../lib/gcc/arm-none-eabi/10.3.1/../../../../arm-none-eabi/lib/thumb/v7e-m+fp/hard/libnosys.a(kill.o)
                0x000000000800aa1c                _kill
 .text._lseek   0x000000000800aa2c       0x10 /usr/share/gcc-arm-none-eabi-10.3-2021.10/bin/../lib/gcc/arm-none-eabi/10.3.1/../../../../arm-none-eabi/lib/thumb/v7e-m+fp/hard/libnosys.a(lseek.o)
                0x000000000800aa2c                _lseek
 .text._read    0x000000000800aa3c       0x10 /usr/share/gcc-arm-none-eabi-10.3-2021.10/bin/../lib/gcc/arm-none-eabi/10.3.1/../../../../arm-none-eabi/lib/thumb/v7e-m+fp/hard/libnosys.a(read.o)
                0x000000000800aa3c                _read
 .text._sbrk    0x000000000800aa4c       0x1c /usr/share/gcc-arm-none-eabi-10.3-2021.10/bin/../lib/gcc/arm-none-eabi/10.3.1/../../../../arm-none-eabi/lib/thumb/v7e-m+fp/hard/libnosys.a(sbrk.o)
                0x000000000800aa4c                _sbrk
 .text._write   0x000000000800aa68       0x10 /usr/share/gcc-arm-none-eabi-10.3-2021.10/bin/../lib/gcc/arm-none-eabi/10.3.1/../../../../arm-none-eabi/lib/thumb/v7e-m+fp/hard/libnosys.a(write.o)
                0x000000000800aa68                _write
 .text._exit    0x000000000800aa78        0x4 /usr/share/gcc-arm-none-eabi-10.3-2021.10/bin/../lib/gcc/arm-none-eabi/10.3.1/../../../../arm-none-eabi/lib/thumb/v7e-m+fp/hard/libnosys.a(_exit.o)
                0x000000000800aa78                _exit
 *(.glue_7)
 .glue_7        0x000000000800aa7c        0x0 linker stubs
 *(.glue_7t)
 .glue_7t       0x000000000800aa7c        0x0 linker stubs
 *(.eh_frame)
 .eh_frame      0x000000000800aa7c        0x0 /usr/share/gcc-arm-none-eabi-10.3-2021.10/bin/../lib/gcc/arm-none-eabi/10.3.1/thumb/v7e-m+fp/hard/crtbegin.o
 *(.init)
 .init          0x000000000800aa7c        0x4 /usr/share/gcc-arm-none-eabi-10.3-2021.10/bin/../lib/gcc/arm-none-eabi/10.3.1/thumb/v7e-m+fp/hard/crti.o
                0x000000000800aa7c                _init
 .init          0x000000000800aa80        0x8 /usr/share/gcc-arm-none-eabi-10.3-2021.10/bin/../lib/gcc/arm-none-eabi/10.3.1/thumb/v7e-m+fp/hard/crtn.o
 *(.fini)
 .fini          0x000000000800aa88        0x4 /usr/share/gcc-arm-none-eabi-10.3-2021.10/bin/../lib/gcc/arm-none-eabi/10.3.1/thumb/v7e-m+fp/hard/crti.o
                0x000000000800aa88                _fini
 .fini          0x000000000800aa8c        0x8 /usr/share/gcc-arm-none-eabi-10.3-2021.10/bin/../lib/gcc/arm-none-eabi/10.3.1/thumb/v7e-m+fp/hard/crtn.o
                0x000000000800aa94                . = ALIGN (0x4)
                0x000000000800aa94                _etext = .

.vfp11_veneer   0x000000000800aa94        0x0
 .vfp11_veneer  0x000000000800aa94        0x0 linker stubs

.v4_bx          0x000000000800aa94        0x0
 .v4_bx         0x000000000800aa94        0x0 linker stubs

.iplt           0x000000000800aa94        0x0
 .iplt          0x000000000800aa94        0x0 /usr/share/gcc-arm-none-eabi-10.3-2021.10/bin/../lib/gcc/arm-none-eabi/10.3.1/thumb/v7e-m+fp/hard/crtbegin.o

.rodata         0x000000000800aa94     0x2020
                0x000000000800aa94                . = ALIGN (0x4)
 *(.rodata)
 *(.rodata*)
 .rodata.ethernetif_init.str1.4
                0x000000000800aa94       0x54 build/ethernetif.o
 .rodata.AHBPrescTable
                0x000000000800aae8       0x10 build/system_stm32f7xx.o
                0x000000000800aae8                AHBPrescTable
 .rodata.APBPrescTable
                0x000000000800aaf8        0x8 build/system_stm32f7xx.o
                0x000000000800aaf8                APBPrescTable
 .rodata.ethernet_output.str1.4
                0x000000000800ab00       0x65 build/ethernet.o
                                         0x90 (size before relaxing)
 *fill*         0x000000000800ab65        0x3 
 .rodata.ethbroadcast
                0x000000000800ab68        0x6 build/ethernet.o
                0x000000000800ab68                ethbroadcast
 *fill*         0x000000000800ab6e        0x2 
 .rodata.ethzero
                0x000000000800ab70        0x6 build/ethernet.o
                0x000000000800ab70                ethzero
 *fill*         0x000000000800ab76        0x2 
 .rodata.netif_issue_reports.str1.4
                0x000000000800ab78       0x53 build/netif.o
                                         0x7c (size before relaxing)
 *fill*         0x000000000800abcb        0x1 
 .rodata.netif_do_set_ipaddr.str1.4
                0x000000000800abcc       0x10 build/netif.o
 .rodata.netif_add.str1.4
                0x000000000800abdc       0x82 build/netif.o
 *fill*         0x000000000800ac5e        0x2 
 .rodata.netif_set_up.str1.4
                0x000000000800ac60       0x1c build/netif.o
 .rodata.netif_set_down.str1.4
                0x000000000800ac7c       0x1e build/netif.o
 *fill*         0x000000000800ac9a        0x2 
 .rodata.pbuf_add_header_impl.str1.4
                0x000000000800ac9c       0x3a build/pbuf.o
                                         0x64 (size before relaxing)
 *fill*         0x000000000800acd6        0x2 
 .rodata.pbuf_alloc_reference.str1.4
                0x000000000800acd8       0x12 build/pbuf.o
 *fill*         0x000000000800acea        0x2 
 .rodata.pbuf_remove_header.str1.4
                0x000000000800acec       0x1e build/pbuf.o
 *fill*         0x000000000800ad0a        0x2 
 .rodata.pbuf_free.str1.4
                0x000000000800ad0c       0x4e build/pbuf.o
 *fill*         0x000000000800ad5a        0x2 
 .rodata.pbuf_alloc.str1.4
                0x000000000800ad5c       0xab build/pbuf.o
 *fill*         0x000000000800ae07        0x1 
 .rodata.pbuf_realloc.str1.4
                0x000000000800ae08       0x4c build/pbuf.o
 .rodata.pbuf_ref.str1.4
                0x000000000800ae54       0x12 build/pbuf.o
 *fill*         0x000000000800ae66        0x2 
 .rodata.pbuf_cat.str1.4
                0x000000000800ae68       0x78 build/pbuf.o
 .rodata.pbuf_copy.str1.4
                0x000000000800aee0       0x9e build/pbuf.o
 *fill*         0x000000000800af7e        0x2 
 .rodata.pbuf_copy_partial.str1.4
                0x000000000800af80       0x43 build/pbuf.o
 *fill*         0x000000000800afc3        0x1 
 .rodata.pbuf_clone.str1.4
                0x000000000800afc4       0x11 build/pbuf.o
 *fill*         0x000000000800afd5        0x3 
 .rodata.tcp_remove_listener.str1.4
                0x000000000800afd8       0x52 build/tcp.o
                                         0x7c (size before relaxing)
 *fill*         0x000000000800b02a        0x2 
 .rodata.tcp_listen_closed.str1.4
                0x000000000800b02c       0x21 build/tcp.o
 *fill*         0x000000000800b04d        0x3 
 .rodata.tcp_free_listen.str1.4
                0x000000000800b050       0x19 build/tcp.o
 *fill*         0x000000000800b069        0x3 
 .rodata.tcp_free.str1.4
                0x000000000800b06c       0x11 build/tcp.o
 *fill*         0x000000000800b07d        0x3 
 .rodata.tcp_update_rcv_ann_wnd.str1.4
                0x000000000800b080       0x3e build/tcp.o
 *fill*         0x000000000800b0be        0x2 
 .rodata.tcp_recved.str1.4
                0x000000000800b0c0       0x3e build/tcp.o
 *fill*         0x000000000800b0fe        0x2 
 .rodata.tcp_seg_copy.str1.4
                0x000000000800b100       0x1a build/tcp.o
 *fill*         0x000000000800b11a        0x2 
 .rodata.tcp_next_iss.str1.4
                0x000000000800b11c       0x1a build/tcp.o
 *fill*         0x000000000800b136        0x2 
 .rodata.tcp_eff_send_mss_netif.str1.4
                0x000000000800b138       0x27 build/tcp.o
 *fill*         0x000000000800b15f        0x1 
 .rodata.tcp_pcb_purge.str1.4
                0x000000000800b160       0x1b build/tcp.o
 *fill*         0x000000000800b17b        0x1 
 .rodata.tcp_pcb_remove.str1.4
                0x000000000800b17c       0x87 build/tcp.o
 *fill*         0x000000000800b203        0x1 
 .rodata.tcp_abandon.str1.4
                0x000000000800b204       0x4d build/tcp.o
 *fill*         0x000000000800b251        0x3 
 .rodata.tcp_netif_ip_addr_changed_pcblist.str1.4
                0x000000000800b254       0x34 build/tcp.o
 .rodata.tcp_kill_state.str1.4
                0x000000000800b288        0xe build/tcp.o
 *fill*         0x000000000800b296        0x2 
 .rodata.tcp_close_shutdown.str1.4
                0x000000000800b298       0x39 build/tcp.o
 *fill*         0x000000000800b2d1        0x3 
 .rodata.tcp_close.str1.4
                0x000000000800b2d4       0x17 build/tcp.o
 *fill*         0x000000000800b2eb        0x1 
 .rodata.tcp_recv_null.str1.4
                0x000000000800b2ec       0x1b build/tcp.o
 *fill*         0x000000000800b307        0x1 
 .rodata.tcp_process_refused_data.str1.4
                0x000000000800b308       0x26 build/tcp.o
 *fill*         0x000000000800b32e        0x2 
 .rodata.tcp_slowtmr.str1.4
                0x000000000800b330      0x1ca build/tcp.o
 *fill*         0x000000000800b4fa        0x2 
 .rodata.tcp_backoff
                0x000000000800b4fc        0xd build/tcp.o
 *fill*         0x000000000800b509        0x3 
 .rodata.tcp_pcb_lists
                0x000000000800b50c       0x10 build/tcp.o
                0x000000000800b50c                tcp_pcb_lists
 .rodata.tcp_persist_backoff
                0x000000000800b51c        0x7 build/tcp.o
 *fill*         0x000000000800b523        0x1 
 .rodata.udp_input_local_match.str1.4
                0x000000000800b524       0x75 build/udp.o
                                         0x9d (size before relaxing)
 *fill*         0x000000000800b599        0x3 
 .rodata.udp_input.str1.4
                0x000000000800b59c       0x4f build/udp.o
 *fill*         0x000000000800b5eb        0x1 
 .rodata.do_memp_malloc_pool.str1.4
                0x000000000800b5ec       0x53 build/memp.o
                                         0x7c (size before relaxing)
 *fill*         0x000000000800b63f        0x1 
 .rodata.do_memp_free_pool.str1.4
                0x000000000800b640       0x20 build/memp.o
 .rodata.memp_malloc.str1.4
                0x000000000800b660       0x1d build/memp.o
 *fill*         0x000000000800b67d        0x3 
 .rodata.memp_free.str1.4
                0x000000000800b680       0x1b build/memp.o
 *fill*         0x000000000800b69b        0x1 
 .rodata.memp_FRAG_PBUF
                0x000000000800b69c        0xc build/memp.o
                0x000000000800b69c                memp_FRAG_PBUF
 .rodata.memp_PBUF
                0x000000000800b6a8        0xc build/memp.o
                0x000000000800b6a8                memp_PBUF
 .rodata.memp_PBUF_POOL
                0x000000000800b6b4        0xc build/memp.o
                0x000000000800b6b4                memp_PBUF_POOL
 .rodata.memp_REASSDATA
                0x000000000800b6c0        0xc build/memp.o
                0x000000000800b6c0                memp_REASSDATA
 .rodata.memp_SYS_TIMEOUT
                0x000000000800b6cc        0xc build/memp.o
                0x000000000800b6cc                memp_SYS_TIMEOUT
 .rodata.memp_TCP_PCB
                0x000000000800b6d8        0xc build/memp.o
                0x000000000800b6d8                memp_TCP_PCB
 .rodata.memp_TCP_PCB_LISTEN
                0x000000000800b6e4        0xc build/memp.o
                0x000000000800b6e4                memp_TCP_PCB_LISTEN
 .rodata.memp_TCP_SEG
                0x000000000800b6f0        0xc build/memp.o
                0x000000000800b6f0                memp_TCP_SEG
 .rodata.memp_UDP_PCB
                0x000000000800b6fc        0xc build/memp.o
                0x000000000800b6fc                memp_UDP_PCB
 .rodata.memp_pools
                0x000000000800b708       0x24 build/memp.o
                0x000000000800b708                memp_pools
 .rodata.plug_holes.str1.4
                0x000000000800b72c       0xa6 build/mem.o
                                         0xce (size before relaxing)
 *fill*         0x000000000800b7d2        0x2 
 .rodata.mem_free.str1.4
                0x000000000800b7d4       0x9a build/mem.o
 *fill*         0x000000000800b86e        0x2 
 .rodata.mem_trim.str1.4
                0x000000000800b870       0x49 build/mem.o
 *fill*         0x000000000800b8b9        0x3 
 .rodata.mem_malloc.str1.4
                0x000000000800b8bc       0x9f build/mem.o
 *fill*         0x000000000800b95b        0x1 
 .rodata.tcp_parseopt.str1.4
                0x000000000800b95c       0x4a build/tcp_in.o
                                         0x74 (size before relaxing)
 *fill*         0x000000000800b9a6        0x2 
 .rodata.tcp_input_delayed_close.str1.4
                0x000000000800b9a8       0x25 build/tcp_in.o
 *fill*         0x000000000800b9cd        0x3 
 .rodata.tcp_timewait_input.str1.4
                0x000000000800b9d0       0x20 build/tcp_in.o
 .rodata.tcp_listen_input.str1.4
                0x000000000800b9f0       0x1e build/tcp_in.o
 *fill*         0x000000000800ba0e        0x2 
 .rodata.tcp_free_acked_segments.str1.4
                0x000000000800ba10       0x48 build/tcp_in.o
 .rodata.tcp_oos_insert_segment.str1.4
                0x000000000800ba58       0x25 build/tcp_in.o
 *fill*         0x000000000800ba7d        0x3 
 .rodata.tcp_receive.str1.4
                0x000000000800ba80      0x131 build/tcp_in.o
 *fill*         0x000000000800bbb1        0x3 
 .rodata.tcp_process.str1.4
                0x000000000800bbb4       0x86 build/tcp_in.o
 *fill*         0x000000000800bc3a        0x2 
 .rodata.tcp_input.str1.4
                0x000000000800bc3c      0x172 build/tcp_in.o
 *fill*         0x000000000800bdae        0x2 
 .rodata.tcp_write_checks.str1.4
                0x000000000800bdb0       0xbe build/tcp_out.o
                                         0xe6 (size before relaxing)
 *fill*         0x000000000800be6e        0x2 
 .rodata.tcp_output_segment_busy.str1.4
                0x000000000800be70       0x25 build/tcp_out.o
 *fill*         0x000000000800be95        0x3 
 .rodata.tcp_output_fill_options.str1.4
                0x000000000800be98       0x3b build/tcp_out.o
 *fill*         0x000000000800bed3        0x1 
 .rodata.tcp_create_segment.str1.4
                0x000000000800bed4       0x59 build/tcp_out.o
 *fill*         0x000000000800bf2d        0x3 
 .rodata.tcp_output_alloc_header_common.str1.4
                0x000000000800bf30       0x2e build/tcp_out.o
 *fill*         0x000000000800bf5e        0x2 
 .rodata.tcp_output_alloc_header.str1.4
                0x000000000800bf60       0x25 build/tcp_out.o
 *fill*         0x000000000800bf85        0x3 
 .rodata.tcp_output_segment.str1.4
                0x000000000800bf88       0x62 build/tcp_out.o
 *fill*         0x000000000800bfea        0x2 
 .rodata.tcp_output_control_segment.str1.4
                0x000000000800bfec       0x29 build/tcp_out.o
 *fill*         0x000000000800c015        0x3 
 .rodata.tcp_split_unsent_seg.str1.4
                0x000000000800c018       0x66 build/tcp_out.o
 *fill*         0x000000000800c07e        0x2 
 .rodata.tcp_enqueue_flags.str1.4
                0x000000000800c080      0x120 build/tcp_out.o
 .rodata.tcp_send_fin.str1.4
                0x000000000800c1a0       0x1a build/tcp_out.o
 *fill*         0x000000000800c1ba        0x2 
 .rodata.tcp_rexmit_rto_prepare.str1.4
                0x000000000800c1bc       0x24 build/tcp_out.o
 .rodata.tcp_rexmit.str1.4
                0x000000000800c1e0       0x18 build/tcp_out.o
 .rodata.tcp_rexmit_fast.str1.4
                0x000000000800c1f8       0x1d build/tcp_out.o
 *fill*         0x000000000800c215        0x3 
 .rodata.tcp_rst.str1.4
                0x000000000800c218       0x37 build/tcp_out.o
 *fill*         0x000000000800c24f        0x1 
 .rodata.tcp_send_empty_ack.str1.4
                0x000000000800c250       0x20 build/tcp_out.o
 .rodata.tcp_output.str1.4
                0x000000000800c270       0x57 build/tcp_out.o
 *fill*         0x000000000800c2c7        0x1 
 .rodata.tcp_rexmit_rto_commit.str1.4
                0x000000000800c2c8       0x23 build/tcp_out.o
 *fill*         0x000000000800c2eb        0x1 
 .rodata.tcp_rexmit_rto.str1.4
                0x000000000800c2ec       0x1c build/tcp_out.o
 .rodata.tcp_keepalive.str1.4
                0x000000000800c308       0x1b build/tcp_out.o
 *fill*         0x000000000800c323        0x1 
 .rodata.tcp_zero_window_probe.str1.4
                0x000000000800c324       0x23 build/tcp_out.o
 *fill*         0x000000000800c347        0x1 
 .rodata.sys_timeout_abs.str1.4
                0x000000000800c348       0x71 build/timeouts.o
                                         0x9c (size before relaxing)
 *fill*         0x000000000800c3b9        0x3 
 .rodata.sys_timeout.str1.4
                0x000000000800c3bc       0x36 build/timeouts.o
 *fill*         0x000000000800c3f2        0x2 
 .rodata.lwip_cyclic_timers
                0x000000000800c3f4       0x18 build/timeouts.o
                0x000000000800c3f4                lwip_cyclic_timers
 .rodata.ip_reass_dequeue_datagram.str1.4
                0x000000000800c40c       0x51 build/ip4_frag.o
                                         0x7c (size before relaxing)
 *fill*         0x000000000800c45d        0x3 
 .rodata.ip_reass_free_complete_datagram.str1.4
                0x000000000800c460       0x62 build/ip4_frag.o
 .rodata.ip_frag_free_pbuf_custom_ref.str1.4
                0x000000000800c4c2        0xa build/ip4_frag.o
 *fill*         0x000000000800c4c2        0x2 
 .rodata.ipfrag_free_pbuf_custom.str1.4
                0x000000000800c4c4        0xc build/ip4_frag.o
 .rodata.ip_reass_chain_frag_into_datagram_and_validate.str1.4
                0x000000000800c4d0       0x8a build/ip4_frag.o
 *fill*         0x000000000800c55a        0x2 
 .rodata.ip4_reass.str1.4
                0x000000000800c55c       0x48 build/ip4_frag.o
 .rodata.ip4_frag.str1.4
                0x000000000800c5a4       0x4b build/ip4_frag.o
 *fill*         0x000000000800c5ef        0x1 
 .rodata.ip4_output_if_src.str1.4
                0x000000000800c5f0       0x6d build/ip4.o
                                         0x95 (size before relaxing)
 *fill*         0x000000000800c65d        0x3 
 .rodata.etharp_find_entry.str1.4
                0x000000000800c660       0xc9 build/etharp.o
                                         0xf1 (size before relaxing)
 *fill*         0x000000000800c729        0x3 
 .rodata.etharp_update_arp_entry.str1.4
                0x000000000800c72c       0x24 build/etharp.o
 .rodata.etharp_raw.str1.4
                0x000000000800c750       0x75 build/etharp.o
                                         0x85 (size before relaxing)
 *fill*         0x000000000800c7c5        0x3 
 .rodata.etharp_get_entry.str1.4
                0x000000000800c7c8       0x20 build/etharp.o
 .rodata.etharp_output_to_arp_index.str1.4
                0x000000000800c7e8       0x30 build/etharp.o
 .rodata.etharp_query.str1.4
                0x000000000800c818       0x5e build/etharp.o
 *fill*         0x000000000800c876        0x2 
 .rodata.ip_addr_any
                0x000000000800c878        0x4 build/ip4_addr.o
                0x000000000800c878                ip_addr_any
 .rodata.icmp_send_response.str1.4
                0x000000000800c87c       0x60 build/icmp.o
                                         0x88 (size before relaxing)
 .rodata.icmp_input.str1.4
                0x000000000800c8dc       0x6a build/icmp.o
 *fill*         0x000000000800c946        0x2 
 .rodata._global_impure_ptr
                0x000000000800c948        0x4 /usr/share/gcc-arm-none-eabi-10.3-2021.10/bin/../lib/gcc/arm-none-eabi/10.3.1/../../../../arm-none-eabi/lib/thumb/v7e-m+fp/hard/libc_nano.a(lib_a-impure.o)
                0x000000000800c948                _global_impure_ptr
 .rodata.srand.str1.1
                0x000000000800c94c       0x95 /usr/share/gcc-arm-none-eabi-10.3-2021.10/bin/../lib/gcc/arm-none-eabi/10.3.1/../../../../arm-none-eabi/lib/thumb/v7e-m+fp/hard/libc_nano.a(lib_a-rand.o)
 .rodata.__assert_func.str1.1
                0x000000000800c9e1       0x3c /usr/share/gcc-arm-none-eabi-10.3-2021.10/bin/../lib/gcc/arm-none-eabi/10.3.1/../../../../arm-none-eabi/lib/thumb/v7e-m+fp/hard/libc_nano.a(lib_a-assert.o)
                                         0x3d (size before relaxing)
 *fill*         0x000000000800ca1d        0x3 
 .rodata.__sf_fake_stderr
                0x000000000800ca20       0x20 /usr/share/gcc-arm-none-eabi-10.3-2021.10/bin/../lib/gcc/arm-none-eabi/10.3.1/../../../../arm-none-eabi/lib/thumb/v7e-m+fp/hard/libc_nano.a(lib_a-findfp.o)
                0x000000000800ca20                __sf_fake_stderr
 .rodata.__sf_fake_stdin
                0x000000000800ca40       0x20 /usr/share/gcc-arm-none-eabi-10.3-2021.10/bin/../lib/gcc/arm-none-eabi/10.3.1/../../../../arm-none-eabi/lib/thumb/v7e-m+fp/hard/libc_nano.a(lib_a-findfp.o)
                0x000000000800ca40                __sf_fake_stdin
 .rodata.__sf_fake_stdout
                0x000000000800ca60       0x20 /usr/share/gcc-arm-none-eabi-10.3-2021.10/bin/../lib/gcc/arm-none-eabi/10.3.1/../../../../arm-none-eabi/lib/thumb/v7e-m+fp/hard/libc_nano.a(lib_a-findfp.o)
                0x000000000800ca60                __sf_fake_stdout
 .rodata._vfprintf_r.str1.1
                0x000000000800ca80       0x11 /usr/share/gcc-arm-none-eabi-10.3-2021.10/bin/../lib/gcc/arm-none-eabi/10.3.1/../../../../arm-none-eabi/lib/thumb/v7e-m+fp/hard/libc_nano.a(lib_a-nano-vfprintf.o)
 .rodata._printf_i.str1.1
                0x000000000800ca91       0x22 /usr/share/gcc-arm-none-eabi-10.3-2021.10/bin/../lib/gcc/arm-none-eabi/10.3.1/../../../../arm-none-eabi/lib/thumb/v7e-m+fp/hard/libc_nano.a(lib_a-nano-vfprintf_i.o)
                0x000000000800cab4                . = ALIGN (0x4)
 *fill*         0x000000000800cab3        0x1 

.ARM.extab
 *(.ARM.extab* .gnu.linkonce.armextab.*)

.ARM            0x000000000800cab4        0x8
                0x000000000800cab4                __exidx_start = .
 *(.ARM.exidx*)
 .ARM.exidx     0x000000000800cab4        0x8 /usr/share/gcc-arm-none-eabi-10.3-2021.10/bin/../lib/gcc/arm-none-eabi/10.3.1/thumb/v7e-m+fp/hard/libgcc.a(_udivmoddi4.o)
                0x000000000800cabc                __exidx_end = .

.rel.dyn        0x000000000800cabc        0x0
 .rel.iplt      0x000000000800cabc        0x0 /usr/share/gcc-arm-none-eabi-10.3-2021.10/bin/../lib/gcc/arm-none-eabi/10.3.1/thumb/v7e-m+fp/hard/crtbegin.o

.preinit_array  0x000000000800cabc        0x0
                0x000000000800cabc                PROVIDE (__preinit_array_start = .)
 *(.preinit_array*)
                0x000000000800cabc                PROVIDE (__preinit_array_end = .)

.init_array     0x000000000800cabc        0x4
                0x000000000800cabc                PROVIDE (__init_array_start = .)
 *(SORT_BY_NAME(.init_array.*))
 *(.init_array*)
 .init_array    0x000000000800cabc        0x4 /usr/share/gcc-arm-none-eabi-10.3-2021.10/bin/../lib/gcc/arm-none-eabi/10.3.1/thumb/v7e-m+fp/hard/crtbegin.o
                0x000000000800cac0                PROVIDE (__init_array_end = .)

.fini_array     0x000000000800cac0        0x4
                [!provide]                        PROVIDE (__fini_array_start = .)
 *(SORT_BY_NAME(.fini_array.*))
 *(.fini_array*)
 .fini_array    0x000000000800cac0        0x4 /usr/share/gcc-arm-none-eabi-10.3-2021.10/bin/../lib/gcc/arm-none-eabi/10.3.1/thumb/v7e-m+fp/hard/crtbegin.o
                [!provide]                        PROVIDE (__fini_array_end = .)
                0x000000000800cac4                _sidata = LOADADDR (.data)

.data           0x0000000020000000       0x78 load address 0x000000000800cac4
                0x0000000020000000                . = ALIGN (0x4)
                0x0000000020000000                _sdata = .
 *(.data)
 *(.data*)
 .data.uwTickFreq
                0x0000000020000000        0x1 build/stm32f7xx_hal.o
                0x0000000020000000                uwTickFreq
 *fill*         0x0000000020000001        0x3 
 .data.uwTickPrio
                0x0000000020000004        0x4 build/stm32f7xx_hal.o
                0x0000000020000004                uwTickPrio
 .data.SystemCoreClock
                0x0000000020000008        0x4 build/system_stm32f7xx.o
                0x0000000020000008                SystemCoreClock
 .data.iss.0    0x000000002000000c        0x4 build/tcp.o
 .data.tcp_port
                0x0000000020000010        0x2 build/tcp.o
 .data.udp_port
                0x0000000020000012        0x2 build/udp.o
 .data._impure_ptr
                0x0000000020000014        0x4 /usr/share/gcc-arm-none-eabi-10.3-2021.10/bin/../lib/gcc/arm-none-eabi/10.3.1/../../../../arm-none-eabi/lib/thumb/v7e-m+fp/hard/libc_nano.a(lib_a-impure.o)
                0x0000000020000014                _impure_ptr
 .data.impure_data
                0x0000000020000018       0x60 /usr/share/gcc-arm-none-eabi-10.3-2021.10/bin/../lib/gcc/arm-none-eabi/10.3.1/../../../../arm-none-eabi/lib/thumb/v7e-m+fp/hard/libc_nano.a(lib_a-impure.o)
                0x0000000020000078                . = ALIGN (0x4)
                0x0000000020000078                _edata = .

.igot.plt       0x0000000020000078        0x0 load address 0x000000000800cb3c
 .igot.plt      0x0000000020000078        0x0 /usr/share/gcc-arm-none-eabi-10.3-2021.10/bin/../lib/gcc/arm-none-eabi/10.3.1/thumb/v7e-m+fp/hard/crtbegin.o
                0x0000000020000078                . = ALIGN (0x4)

.bss            0x0000000020000078     0x6cc8 load address 0x000000000800cb3c
                0x0000000020000078                _sbss = .
                0x0000000020000078                __bss_start__ = _sbss
 *(.bss)
 .bss           0x0000000020000078       0x1c /usr/share/gcc-arm-none-eabi-10.3-2021.10/bin/../lib/gcc/arm-none-eabi/10.3.1/thumb/v7e-m+fp/hard/crtbegin.o
 *(.bss*)
 .bss.huart3    0x0000000020000094       0x84 build/usart.o
                0x0000000020000094                huart3
 .bss.hpcd_USB_OTG_FS
                0x0000000020000118      0x404 build/usb_otg.o
                0x0000000020000118                hpcd_USB_OTG_FS
 .bss.GATEWAY_ADDRESS
                0x000000002000051c        0x4 build/lwip.o
                0x000000002000051c                GATEWAY_ADDRESS
 .bss.IP_ADDRESS
                0x0000000020000520        0x4 build/lwip.o
                0x0000000020000520                IP_ADDRESS
 .bss.NETMASK_ADDRESS
                0x0000000020000524        0x4 build/lwip.o
                0x0000000020000524                NETMASK_ADDRESS
 .bss.gnetif    0x0000000020000528       0x34 build/lwip.o
                0x0000000020000528                gnetif
 .bss.gw        0x000000002000055c        0x4 build/lwip.o
                0x000000002000055c                gw
 .bss.ipaddr    0x0000000020000560        0x4 build/lwip.o
                0x0000000020000560                ipaddr
 .bss.netmask   0x0000000020000564        0x4 build/lwip.o
                0x0000000020000564                netmask
 .bss.DMARxDscrTab
                0x0000000020000568       0x80 build/ethernetif.o
                0x0000000020000568                DMARxDscrTab
 .bss.DMATxDscrTab
                0x00000000200005e8       0x80 build/ethernetif.o
                0x00000000200005e8                DMATxDscrTab
 .bss.Rx_Buff   0x0000000020000668     0x17d0 build/ethernetif.o
                0x0000000020000668                Rx_Buff
 .bss.Tx_Buff   0x0000000020001e38     0x17d0 build/ethernetif.o
                0x0000000020001e38                Tx_Buff
 .bss.heth      0x0000000020003608       0x48 build/ethernetif.o
                0x0000000020003608                heth
 .bss.uwTick    0x0000000020003650        0x4 build/stm32f7xx_hal.o
                0x0000000020003650                uwTick
 .bss.netif_default
                0x0000000020003654        0x4 build/netif.o
                0x0000000020003654                netif_default
 .bss.netif_list
                0x0000000020003658        0x4 build/netif.o
                0x0000000020003658                netif_list
 .bss.netif_num
                0x000000002000365c        0x1 build/netif.o
 .bss.pbuf_free_ooseq_pending
                0x000000002000365d        0x1 build/pbuf.o
                0x000000002000365d                pbuf_free_ooseq_pending
 *fill*         0x000000002000365e        0x2 
 .bss.tcp_active_pcbs
                0x0000000020003660        0x4 build/tcp.o
                0x0000000020003660                tcp_active_pcbs
 .bss.tcp_active_pcbs_changed
                0x0000000020003664        0x1 build/tcp.o
                0x0000000020003664                tcp_active_pcbs_changed
 *fill*         0x0000000020003665        0x3 
 .bss.tcp_bound_pcbs
                0x0000000020003668        0x4 build/tcp.o
                0x0000000020003668                tcp_bound_pcbs
 .bss.tcp_listen_pcbs
                0x000000002000366c        0x4 build/tcp.o
                0x000000002000366c                tcp_listen_pcbs
 .bss.tcp_ticks
                0x0000000020003670        0x4 build/tcp.o
                0x0000000020003670                tcp_ticks
 .bss.tcp_timer
                0x0000000020003674        0x1 build/tcp.o
 .bss.tcp_timer_ctr
                0x0000000020003675        0x1 build/tcp.o
 *fill*         0x0000000020003676        0x2 
 .bss.tcp_tw_pcbs
                0x0000000020003678        0x4 build/tcp.o
                0x0000000020003678                tcp_tw_pcbs
 .bss.udp_pcbs  0x000000002000367c        0x4 build/udp.o
                0x000000002000367c                udp_pcbs
 .bss.memp_memory_FRAG_PBUF_base
                0x0000000020003680      0x16b build/memp.o
                0x0000000020003680                memp_memory_FRAG_PBUF_base
 *fill*         0x00000000200037eb        0x1 
 .bss.memp_memory_PBUF_POOL_base
                0x00000000200037ec     0x2603 build/memp.o
                0x00000000200037ec                memp_memory_PBUF_POOL_base
 *fill*         0x0000000020005def        0x1 
 .bss.memp_memory_PBUF_base
                0x0000000020005df0      0x103 build/memp.o
                0x0000000020005df0                memp_memory_PBUF_base
 *fill*         0x0000000020005ef3        0x1 
 .bss.memp_memory_REASSDATA_base
                0x0000000020005ef4       0xa3 build/memp.o
                0x0000000020005ef4                memp_memory_REASSDATA_base
 *fill*         0x0000000020005f97        0x1 
 .bss.memp_memory_SYS_TIMEOUT_base
                0x0000000020005f98       0x33 build/memp.o
                0x0000000020005f98                memp_memory_SYS_TIMEOUT_base
 *fill*         0x0000000020005fcb        0x1 
 .bss.memp_memory_TCP_PCB_LISTEN_base
                0x0000000020005fcc       0xe3 build/memp.o
                0x0000000020005fcc                memp_memory_TCP_PCB_LISTEN_base
 *fill*         0x00000000200060af        0x1 
 .bss.memp_memory_TCP_PCB_base
                0x00000000200060b0      0x30f build/memp.o
                0x00000000200060b0                memp_memory_TCP_PCB_base
 *fill*         0x00000000200063bf        0x1 
 .bss.memp_memory_TCP_SEG_base
                0x00000000200063c0      0x103 build/memp.o
                0x00000000200063c0                memp_memory_TCP_SEG_base
 *fill*         0x00000000200064c3        0x1 
 .bss.memp_memory_UDP_PCB_base
                0x00000000200064c4       0x83 build/memp.o
                0x00000000200064c4                memp_memory_UDP_PCB_base
 *fill*         0x0000000020006547        0x1 
 .bss.memp_tab_FRAG_PBUF
                0x0000000020006548        0x4 build/memp.o
 .bss.memp_tab_PBUF
                0x000000002000654c        0x4 build/memp.o
 .bss.memp_tab_PBUF_POOL
                0x0000000020006550        0x4 build/memp.o
 .bss.memp_tab_REASSDATA
                0x0000000020006554        0x4 build/memp.o
 .bss.memp_tab_SYS_TIMEOUT
                0x0000000020006558        0x4 build/memp.o
 .bss.memp_tab_TCP_PCB
                0x000000002000655c        0x4 build/memp.o
 .bss.memp_tab_TCP_PCB_LISTEN
                0x0000000020006560        0x4 build/memp.o
 .bss.memp_tab_TCP_SEG
                0x0000000020006564        0x4 build/memp.o
 .bss.memp_tab_UDP_PCB
                0x0000000020006568        0x4 build/memp.o
 .bss.ip_data   0x000000002000656c       0x18 build/ip.o
                0x000000002000656c                ip_data
 .bss.lfree     0x0000000020006584        0x4 build/mem.o
 .bss.ram       0x0000000020006588        0x4 build/mem.o
 .bss.ram_end   0x000000002000658c        0x4 build/mem.o
 .bss.ram_heap  0x0000000020006590      0x653 build/mem.o
                0x0000000020006590                ram_heap
 *fill*         0x0000000020006be3        0x1 
 .bss.ackno     0x0000000020006be4        0x4 build/tcp_in.o
 .bss.flags     0x0000000020006be8        0x1 build/tcp_in.o